Archive member included to satisfy reference by file (symbol)

d:/vscode_stm32/gcc-arm-none-eabi/bin/../lib/gcc/arm-none-eabi/5.4.1/armv7e-m\libgcc.a(_arm_addsubsf3.o)
                              CMakeFiles/01-GPIO.elf.dir/Core/Src/system_stm32h7xx.c.obj (__aeabi_fadd)
d:/vscode_stm32/gcc-arm-none-eabi/bin/../lib/gcc/arm-none-eabi/5.4.1/armv7e-m\libgcc.a(_arm_muldivsf3.o)
                              CMakeFiles/01-GPIO.elf.dir/Core/Src/system_stm32h7xx.c.obj (__aeabi_fmul)
d:/vscode_stm32/gcc-arm-none-eabi/bin/../lib/gcc/arm-none-eabi/5.4.1/armv7e-m\libgcc.a(_arm_fixunssfsi.o)
                              CMakeFiles/01-GPIO.elf.dir/Core/Src/system_stm32h7xx.c.obj (__aeabi_f2uiz)
d:/vscode_stm32/gcc-arm-none-eabi/bin/../lib/gcc/arm-none-eabi/5.4.1/../../../../arm-none-eabi/lib/armv7e-m\libg.a(lib_a-errno.o)
                              CMakeFiles/01-GPIO.elf.dir/Core/Src/syscalls.c.obj (__errno)
d:/vscode_stm32/gcc-arm-none-eabi/bin/../lib/gcc/arm-none-eabi/5.4.1/../../../../arm-none-eabi/lib/armv7e-m\libg.a(lib_a-exit.o)
                              d:/vscode_stm32/gcc-arm-none-eabi/bin/../lib/gcc/arm-none-eabi/5.4.1/../../../../arm-none-eabi/lib/armv7e-m/crt0.o (exit)
d:/vscode_stm32/gcc-arm-none-eabi/bin/../lib/gcc/arm-none-eabi/5.4.1/../../../../arm-none-eabi/lib/armv7e-m\libg.a(lib_a-impure.o)
                              d:/vscode_stm32/gcc-arm-none-eabi/bin/../lib/gcc/arm-none-eabi/5.4.1/../../../../arm-none-eabi/lib/armv7e-m\libg.a(lib_a-exit.o) (_global_impure_ptr)
d:/vscode_stm32/gcc-arm-none-eabi/bin/../lib/gcc/arm-none-eabi/5.4.1/../../../../arm-none-eabi/lib/armv7e-m\libg.a(lib_a-init.o)
                              d:/vscode_stm32/gcc-arm-none-eabi/bin/../lib/gcc/arm-none-eabi/5.4.1/../../../../arm-none-eabi/lib/armv7e-m/crt0.o (__libc_init_array)
d:/vscode_stm32/gcc-arm-none-eabi/bin/../lib/gcc/arm-none-eabi/5.4.1/../../../../arm-none-eabi/lib/armv7e-m\libg.a(lib_a-memset.o)
                              d:/vscode_stm32/gcc-arm-none-eabi/bin/../lib/gcc/arm-none-eabi/5.4.1/../../../../arm-none-eabi/lib/armv7e-m/crt0.o (memset)
d:/vscode_stm32/gcc-arm-none-eabi/bin/../lib/gcc/arm-none-eabi/5.4.1/../../../../arm-none-eabi/lib/armv7e-m\libg.a(lib_a-__call_atexit.o)
                              d:/vscode_stm32/gcc-arm-none-eabi/bin/../lib/gcc/arm-none-eabi/5.4.1/../../../../arm-none-eabi/lib/armv7e-m\libg.a(lib_a-exit.o) (__call_exitprocs)
d:/vscode_stm32/gcc-arm-none-eabi/bin/../lib/gcc/arm-none-eabi/5.4.1/../../../../arm-none-eabi/lib/armv7e-m\libg.a(lib_a-atexit.o)
                              d:/vscode_stm32/gcc-arm-none-eabi/bin/../lib/gcc/arm-none-eabi/5.4.1/../../../../arm-none-eabi/lib/armv7e-m\libg.a(lib_a-__call_atexit.o) (atexit)
d:/vscode_stm32/gcc-arm-none-eabi/bin/../lib/gcc/arm-none-eabi/5.4.1/../../../../arm-none-eabi/lib/armv7e-m\libg.a(lib_a-fini.o)
                              d:/vscode_stm32/gcc-arm-none-eabi/bin/../lib/gcc/arm-none-eabi/5.4.1/../../../../arm-none-eabi/lib/armv7e-m\libg.a(lib_a-__call_atexit.o) (__libc_fini_array)
d:/vscode_stm32/gcc-arm-none-eabi/bin/../lib/gcc/arm-none-eabi/5.4.1/../../../../arm-none-eabi/lib/armv7e-m\libg.a(lib_a-__atexit.o)
                              d:/vscode_stm32/gcc-arm-none-eabi/bin/../lib/gcc/arm-none-eabi/5.4.1/../../../../arm-none-eabi/lib/armv7e-m\libg.a(lib_a-atexit.o) (__register_exitproc)

Discarded input sections

 .text          0x00000000        0x0 d:/vscode_stm32/gcc-arm-none-eabi/bin/../lib/gcc/arm-none-eabi/5.4.1/armv7e-m/crti.o
 .data          0x00000000        0x0 d:/vscode_stm32/gcc-arm-none-eabi/bin/../lib/gcc/arm-none-eabi/5.4.1/armv7e-m/crti.o
 .bss           0x00000000        0x0 d:/vscode_stm32/gcc-arm-none-eabi/bin/../lib/gcc/arm-none-eabi/5.4.1/armv7e-m/crti.o
 .data          0x00000000        0x4 d:/vscode_stm32/gcc-arm-none-eabi/bin/../lib/gcc/arm-none-eabi/5.4.1/armv7e-m/crtbegin.o
 .text          0x00000000       0x74 d:/vscode_stm32/gcc-arm-none-eabi/bin/../lib/gcc/arm-none-eabi/5.4.1/../../../../arm-none-eabi/lib/armv7e-m/crt0.o
 .data          0x00000000        0x0 d:/vscode_stm32/gcc-arm-none-eabi/bin/../lib/gcc/arm-none-eabi/5.4.1/../../../../arm-none-eabi/lib/armv7e-m/crt0.o
 .bss           0x00000000        0x0 d:/vscode_stm32/gcc-arm-none-eabi/bin/../lib/gcc/arm-none-eabi/5.4.1/../../../../arm-none-eabi/lib/armv7e-m/crt0.o
 .ARM.extab     0x00000000        0x0 d:/vscode_stm32/gcc-arm-none-eabi/bin/../lib/gcc/arm-none-eabi/5.4.1/../../../../arm-none-eabi/lib/armv7e-m/crt0.o
 .ARM.exidx     0x00000000        0x8 d:/vscode_stm32/gcc-arm-none-eabi/bin/../lib/gcc/arm-none-eabi/5.4.1/../../../../arm-none-eabi/lib/armv7e-m/crt0.o
 .ARM.attributes
                0x00000000       0x1c d:/vscode_stm32/gcc-arm-none-eabi/bin/../lib/gcc/arm-none-eabi/5.4.1/../../../../arm-none-eabi/lib/armv7e-m/crt0.o
 .text          0x00000000        0x0 CMakeFiles/01-GPIO.elf.dir/Core/Src/gpio.c.obj
 .data          0x00000000        0x0 CMakeFiles/01-GPIO.elf.dir/Core/Src/gpio.c.obj
[...]
Memory Configuration

Name             Origin             Length             Attributes
FLASH            0x08000000         0x00020000         xr
DTCMRAM          0x20000000         0x00020000         xrw
RAM_D1           0x24000000         0x00080000         xrw
RAM_D2           0x30000000         0x00048000         xrw
RAM_D3           0x38000000         0x00010000         xrw
ITCMRAM          0x00000000         0x00010000         xrw
*default*        0x00000000         0xffffffff

Linker script and memory map

LOAD d:/vscode_stm32/gcc-arm-none-eabi/bin/../lib/gcc/arm-none-eabi/5.4.1/armv7e-m/crti.o
LOAD d:/vscode_stm32/gcc-arm-none-eabi/bin/../lib/gcc/arm-none-eabi/5.4.1/armv7e-m/crtbegin.o
LOAD d:/vscode_stm32/gcc-arm-none-eabi/bin/../lib/gcc/arm-none-eabi/5.4.1/../../../../arm-none-eabi/lib/armv7e-m/crt0.o
LOAD CMakeFiles/01-GPIO.elf.dir/Core/Src/gpio.c.obj
LOAD CMakeFiles/01-GPIO.elf.dir/Core/Src/main.c.obj
LOAD CMakeFiles/01-GPIO.elf.dir/Core/Src/rng.c.obj
LOAD CMakeFiles/01-GPIO.elf.dir/Core/Src/stm32h7xx_hal_msp.c.obj
LOAD CMakeFiles/01-GPIO.elf.dir/Core/Src/stm32h7xx_it.c.obj
LOAD CMakeFiles/01-GPIO.elf.dir/Core/Src/syscalls.c.obj
LOAD CMakeFiles/01-GPIO.elf.dir/Core/Src/sysmem.c.obj
LOAD CMakeFiles/01-GPIO.elf.dir/Core/Src/system_stm32h7xx.c.obj
LOAD CMakeFiles/01-GPIO.elf.dir/Core/Startup/startup_stm32h750vbtx.s.obj
LOAD CMakeFiles/01-GPIO.elf.dir/Drivers/STM32H7xx_HAL_Driver/Src/stm32h7xx_hal.c.obj
LOAD CMakeFiles/01-GPIO.elf.dir/Drivers/STM32H7xx_HAL_Driver/Src/stm32h7xx_hal_cortex.c.obj
LOAD CMakeFiles/01-GPIO.elf.dir/Drivers/STM32H7xx_HAL_Driver/Src/stm32h7xx_hal_dma.c.obj
LOAD CMakeFiles/01-GPIO.elf.dir/Drivers/STM32H7xx_HAL_Driver/Src/stm32h7xx_hal_dma_ex.c.obj
LOAD CMakeFiles/01-GPIO.elf.dir/Drivers/STM32H7xx_HAL_Driver/Src/stm32h7xx_hal_exti.c.obj
LOAD CMakeFiles/01-GPIO.elf.dir/Drivers/STM32H7xx_HAL_Driver/Src/stm32h7xx_hal_flash.c.obj
LOAD CMakeFiles/01-GPIO.elf.dir/Drivers/STM32H7xx_HAL_Driver/Src/stm32h7xx_hal_flash_ex.c.obj
LOAD CMakeFiles/01-GPIO.elf.dir/Drivers/STM32H7xx_HAL_Driver/Src/stm32h7xx_hal_gpio.c.obj
LOAD CMakeFiles/01-GPIO.elf.dir/Drivers/STM32H7xx_HAL_Driver/Src/stm32h7xx_hal_hsem.c.obj
LOAD CMakeFiles/01-GPIO.elf.dir/Drivers/STM32H7xx_HAL_Driver/Src/stm32h7xx_hal_i2c.c.obj
LOAD CMakeFiles/01-GPIO.elf.dir/Drivers/STM32H7xx_HAL_Driver/Src/stm32h7xx_hal_i2c_ex.c.obj
LOAD CMakeFiles/01-GPIO.elf.dir/Drivers/STM32H7xx_HAL_Driver/Src/stm32h7xx_hal_mdma.c.obj
LOAD CMakeFiles/01-GPIO.elf.dir/Drivers/STM32H7xx_HAL_Driver/Src/stm32h7xx_hal_pwr.c.obj
LOAD CMakeFiles/01-GPIO.elf.dir/Drivers/STM32H7xx_HAL_Driver/Src/stm32h7xx_hal_pwr_ex.c.obj
LOAD CMakeFiles/01-GPIO.elf.dir/Drivers/STM32H7xx_HAL_Driver/Src/stm32h7xx_hal_rcc.c.obj
LOAD CMakeFiles/01-GPIO.elf.dir/Drivers/STM32H7xx_HAL_Driver/Src/stm32h7xx_hal_rcc_ex.c.obj
LOAD CMakeFiles/01-GPIO.elf.dir/Drivers/STM32H7xx_HAL_Driver/Src/stm32h7xx_hal_rng.c.obj
LOAD CMakeFiles/01-GPIO.elf.dir/Drivers/STM32H7xx_HAL_Driver/Src/stm32h7xx_hal_rng_ex.c.obj
LOAD CMakeFiles/01-GPIO.elf.dir/Drivers/STM32H7xx_HAL_Driver/Src/stm32h7xx_hal_tim.c.obj
LOAD CMakeFiles/01-GPIO.elf.dir/Drivers/STM32H7xx_HAL_Driver/Src/stm32h7xx_hal_tim_ex.c.obj
START GROUP
LOAD d:/vscode_stm32/gcc-arm-none-eabi/bin/../lib/gcc/arm-none-eabi/5.4.1/armv7e-m\libgcc.a
LOAD d:/vscode_stm32/gcc-arm-none-eabi/bin/../lib/gcc/arm-none-eabi/5.4.1/../../../../arm-none-eabi/lib/armv7e-m\libg.a
LOAD d:/vscode_stm32/gcc-arm-none-eabi/bin/../lib/gcc/arm-none-eabi/5.4.1/../../../../arm-none-eabi/lib/armv7e-m\libc.a
END GROUP
LOAD d:/vscode_stm32/gcc-arm-none-eabi/bin/../lib/gcc/arm-none-eabi/5.4.1/armv7e-m/crtend.o
LOAD d:/vscode_stm32/gcc-arm-none-eabi/bin/../lib/gcc/arm-none-eabi/5.4.1/armv7e-m/crtn.o
                0x24080000                _estack = (ORIGIN (RAM_D1) + LENGTH (RAM_D1))
                0x00000200                _Min_Heap_Size = 0x200
                0x00000400                _Min_Stack_Size = 0x400

.isr_vector     0x08000000      0x298
                0x08000000                . = ALIGN (0x4)
 *(.isr_vector)
 .isr_vector    0x08000000      0x298 CMakeFiles/01-GPIO.elf.dir/Core/Startup/startup_stm32h750vbtx.s.obj
                0x08000000                g_pfnVectors
                0x08000298                . = ALIGN (0x4)

.text           0x08000298     0x2770
                0x08000298                . = ALIGN (0x4)
 *(.text)
 .text          0x08000298       0x5c d:/vscode_stm32/gcc-arm-none-eabi/bin/../lib/gcc/arm-none-eabi/5.4.1/armv7e-m/crtbegin.o
 .text          0x080002f4      0x21c d:/vscode_stm32/gcc-arm-none-eabi/bin/../lib/gcc/arm-none-eabi/5.4.1/armv7e-m\libgcc.a(_arm_addsubsf3.o)
                0x080002f4                __aeabi_frsub
                0x080002fc                __subsf3
                0x080002fc                __aeabi_fsub
                0x08000300                __aeabi_fadd
                0x08000300                __addsf3
                0x08000460                __aeabi_ui2f
                0x08000460                __floatunsisf
                0x08000468                __aeabi_i2f
                0x08000468                __floatsisf
                0x08000484                __aeabi_ul2f
                0x08000484                __floatundisf
                0x08000494                __aeabi_l2f
                0x08000494                __floatdisf
 .text          0x08000510      0x2a0 d:/vscode_stm32/gcc-arm-none-eabi/bin/../lib/gcc/arm-none-eabi/5.4.1/armv7e-m\libgcc.a(_arm_muldivsf3.o)
                0x08000510                __mulsf3
                0x08000510                __aeabi_fmul
                0x08000678                __aeabi_fdiv
                0x08000678                __divsf3
 .text          0x080007b0       0x40 d:/vscode_stm32/gcc-arm-none-eabi/bin/../lib/gcc/arm-none-eabi/5.4.1/armv7e-m\libgcc.a(_arm_fixunssfsi.o)
                0x080007b0                __fixunssfsi
                0x080007b0                __aeabi_f2uiz
 *(.text*)
 .text.MX_GPIO_Init
                0x080007f0       0x88 CMakeFiles/01-GPIO.elf.dir/Core/Src/gpio.c.obj
                0x080007f0                MX_GPIO_Init
 .text.CPU_CACHE_Enable
                0x08000878       0x98 CMakeFiles/01-GPIO.elf.dir/Core/Src/main.c.obj
 .text.MPU_Config
                0x08000910       0x88 CMakeFiles/01-GPIO.elf.dir/Core/Src/main.c.obj
 .text.SystemClock_Config
                0x08000998       0xb8 CMakeFiles/01-GPIO.elf.dir/Core/Src/main.c.obj
                0x08000998                SystemClock_Config
 .text.main     0x08000a50       0x30 CMakeFiles/01-GPIO.elf.dir/Core/Src/main.c.obj
                0x08000a50                main
 .text.Error_Handler
                0x08000a80        0x4 CMakeFiles/01-GPIO.elf.dir/Core/Src/main.c.obj
                0x08000a80                Error_Handler
 .text.MX_RNG_Init
                0x08000a84       0x20 CMakeFiles/01-GPIO.elf.dir/Core/Src/rng.c.obj
                0x08000a84                MX_RNG_Init
 .text.HAL_RNG_MspInit
                0x08000aa4       0x54 CMakeFiles/01-GPIO.elf.dir/Core/Src/rng.c.obj
                0x08000aa4                HAL_RNG_MspInit
 .text.HAL_MspInit
                0x08000af8       0x24 CMakeFiles/01-GPIO.elf.dir/Core/Src/stm32h7xx_hal_msp.c.obj
                0x08000af8                HAL_MspInit
 .text.NMI_Handler
                0x08000b1c        0x4 CMakeFiles/01-GPIO.elf.dir/Core/Src/stm32h7xx_it.c.obj
                0x08000b1c                NMI_Handler
 .text.HardFault_Handler
                0x08000b20        0x4 CMakeFiles/01-GPIO.elf.dir/Core/Src/stm32h7xx_it.c.obj
                0x08000b20                HardFault_Handler
 .text.MemManage_Handler
                0x08000b24        0x4 CMakeFiles/01-GPIO.elf.dir/Core/Src/stm32h7xx_it.c.obj
                0x08000b24                MemManage_Handler
 .text.BusFault_Handler
                0x08000b28        0x4 CMakeFiles/01-GPIO.elf.dir/Core/Src/stm32h7xx_it.c.obj
                0x08000b28                BusFault_Handler
 .text.UsageFault_Handler
                0x08000b2c        0x4 CMakeFiles/01-GPIO.elf.dir/Core/Src/stm32h7xx_it.c.obj
                0x08000b2c                UsageFault_Handler
 .text.SVC_Handler
                0x08000b30        0x4 CMakeFiles/01-GPIO.elf.dir/Core/Src/stm32h7xx_it.c.obj
                0x08000b30                SVC_Handler
 .text.DebugMon_Handler
                0x08000b34        0x4 CMakeFiles/01-GPIO.elf.dir/Core/Src/stm32h7xx_it.c.obj
                0x08000b34                DebugMon_Handler
 .text.PendSV_Handler
                0x08000b38        0x4 CMakeFiles/01-GPIO.elf.dir/Core/Src/stm32h7xx_it.c.obj
                0x08000b38                PendSV_Handler
 .text.SysTick_Handler
                0x08000b3c        0x8 CMakeFiles/01-GPIO.elf.dir/Core/Src/stm32h7xx_it.c.obj
                0x08000b3c                SysTick_Handler
 .text.SystemInit
                0x08000b44       0x6c CMakeFiles/01-GPIO.elf.dir/Core/Src/system_stm32h7xx.c.obj
                0x08000b44                SystemInit
 .text.Reset_Handler
                0x08000bb0       0x50 CMakeFiles/01-GPIO.elf.dir/Core/Startup/startup_stm32h750vbtx.s.obj
                0x08000bb0                Reset_Handler
 .text.Default_Handler
                0x08000c00        0x2 CMakeFiles/01-GPIO.elf.dir/Core/Startup/startup_stm32h750vbtx.s.obj
                0x08000c00                RTC_Alarm_IRQHandler
                0x08000c00                HASH_RNG_IRQHandler
                0x08000c00                EXTI2_IRQHandler
                0x08000c00                TIM8_CC_IRQHandler
                0x08000c00                HRTIM1_Master_IRQHandler
                0x08000c00                UART8_IRQHandler
                0x08000c00                SPI4_IRQHandler
                0x08000c00                TIM1_CC_IRQHandler
                0x08000c00                BDMA_Channel6_IRQHandler
                0x08000c00                DMA2_Stream5_IRQHandler
                0x08000c00                HRTIM1_FLT_IRQHandler
                0x08000c00                JPEG_IRQHandler
                0x08000c00                DMA1_Stream5_IRQHandler
                0x08000c00                BDMA_Channel1_IRQHandler
                0x08000c00                HRTIM1_TIMD_IRQHandler
                0x08000c00                TAMP_STAMP_IRQHandler
                0x08000c00                EXTI3_IRQHandler
                0x08000c00                LPTIM4_IRQHandler
                0x08000c00                TIM8_TRG_COM_TIM14_IRQHandler
                0x08000c00                LPTIM2_IRQHandler
                0x08000c00                DFSDM1_FLT1_IRQHandler
                0x08000c00                DMAMUX2_OVR_IRQHandler
                0x08000c00                TIM8_UP_TIM13_IRQHandler
                0x08000c00                I2C3_ER_IRQHandler
                0x08000c00                DFSDM1_FLT2_IRQHandler
                0x08000c00                MDMA_IRQHandler
                0x08000c00                LPTIM3_IRQHandler
                0x08000c00                HSEM1_IRQHandler
                0x08000c00                EXTI0_IRQHandler
                0x08000c00                I2C2_EV_IRQHandler
                0x08000c00                DMA1_Stream2_IRQHandler
                0x08000c00                FPU_IRQHandler
                0x08000c00                OTG_HS_WKUP_IRQHandler
                0x08000c00                FDCAN1_IT1_IRQHandler
                0x08000c00                LTDC_ER_IRQHandler
                0x08000c00                DMA2_Stream2_IRQHandler
                0x08000c00                HRTIM1_TIME_IRQHandler
                0x08000c00                SPI1_IRQHandler
                0x08000c00                TIM6_DAC_IRQHandler
                0x08000c00                DCMI_IRQHandler
                0x08000c00                HRTIM1_TIMC_IRQHandler
                0x08000c00                DMA2_Stream3_IRQHandler
                0x08000c00                SAI2_IRQHandler
                0x08000c00                DFSDM1_FLT3_IRQHandler
                0x08000c00                USART6_IRQHandler
                0x08000c00                TIM17_IRQHandler
                0x08000c00                USART3_IRQHandler
                0x08000c00                BDMA_Channel7_IRQHandler
                0x08000c00                CRYP_IRQHandler
                0x08000c00                LPTIM5_IRQHandler
                0x08000c00                UART5_IRQHandler
                0x08000c00                ADC3_IRQHandler
                0x08000c00                DMA2_Stream0_IRQHandler
                0x08000c00                TIM4_IRQHandler
                0x08000c00                BDMA_Channel2_IRQHandler
                0x08000c00                QUADSPI_IRQHandler
                0x08000c00                I2C1_EV_IRQHandler
                0x08000c00                DMA1_Stream6_IRQHandler
                0x08000c00                DMAMUX1_OVR_IRQHandler
                0x08000c00                DMA1_Stream1_IRQHandler
                0x08000c00                TIM16_IRQHandler
                0x08000c00                UART4_IRQHandler
                0x08000c00                BDMA_Channel5_IRQHandler
                0x08000c00                TIM3_IRQHandler
                0x08000c00                RCC_IRQHandler
                0x08000c00                TIM8_BRK_TIM12_IRQHandler
                0x08000c00                TIM1_TRG_COM_IRQHandler
                0x08000c00                Default_Handler
                0x08000c00                ECC_IRQHandler
                0x08000c00                CEC_IRQHandler
                0x08000c00                EXTI15_10_IRQHandler
                0x08000c00                BDMA_Channel0_IRQHandler
                0x08000c00                ADC_IRQHandler
                0x08000c00                DMA1_Stream7_IRQHandler
                0x08000c00                HRTIM1_TIMA_IRQHandler
                0x08000c00                SPI5_IRQHandler
                0x08000c00                TIM7_IRQHandler
                0x08000c00                SDMMC1_IRQHandler
                0x08000c00                TIM5_IRQHandler
                0x08000c00                DMA2_Stream7_IRQHandler
                0x08000c00                TIM15_IRQHandler
                0x08000c00                PVD_AVD_IRQHandler
                0x08000c00                I2C3_EV_IRQHandler
                0x08000c00                EXTI9_5_IRQHandler
                0x08000c00                RTC_WKUP_IRQHandler
                0x08000c00                LTDC_IRQHandler
                0x08000c00                SAI3_IRQHandler
                0x08000c00                ETH_WKUP_IRQHandler
                0x08000c00                SPDIF_RX_IRQHandler
                0x08000c00                SPI2_IRQHandler
                0x08000c00                OTG_HS_EP1_IN_IRQHandler
                0x08000c00                DMA1_Stream0_IRQHandler
                0x08000c00                CRS_IRQHandler
                0x08000c00                EXTI4_IRQHandler
                0x08000c00                HRTIM1_TIMB_IRQHandler
                0x08000c00                FDCAN2_IT1_IRQHandler
                0x08000c00                ETH_IRQHandler
                0x08000c00                TIM1_UP_IRQHandler
                0x08000c00                BDMA_Channel4_IRQHandler
                0x08000c00                OTG_HS_EP1_OUT_IRQHandler
                0x08000c00                WWDG_IRQHandler
                0x08000c00                SPI6_IRQHandler
                0x08000c00                MDIOS_IRQHandler
                0x08000c00                I2C4_EV_IRQHandler
                0x08000c00                FDCAN2_IT0_IRQHandler
                0x08000c00                LPUART1_IRQHandler
                0x08000c00                FDCAN1_IT0_IRQHandler
                0x08000c00                TIM2_IRQHandler
                0x08000c00                OTG_FS_WKUP_IRQHandler
                0x08000c00                OTG_HS_IRQHandler
                0x08000c00                DMA2D_IRQHandler
                0x08000c00                TIM1_BRK_IRQHandler
                0x08000c00                EXTI1_IRQHandler
                0x08000c00                SDMMC2_IRQHandler
                0x08000c00                OTG_FS_EP1_OUT_IRQHandler
                0x08000c00                BDMA_Channel3_IRQHandler
                0x08000c00                UART7_IRQHandler
                0x08000c00                MDIOS_WKUP_IRQHandler
                0x08000c00                USART2_IRQHandler
                0x08000c00                DFSDM1_FLT0_IRQHandler
                0x08000c00                SAI4_IRQHandler
                0x08000c00                I2C2_ER_IRQHandler
                0x08000c00                DMA2_Stream1_IRQHandler
                0x08000c00                FLASH_IRQHandler
                0x08000c00                DMA2_Stream4_IRQHandler
                0x08000c00                USART1_IRQHandler
                0x08000c00                OTG_FS_IRQHandler
                0x08000c00                SPI3_IRQHandler
                0x08000c00                WAKEUP_PIN_IRQHandler
                0x08000c00                DMA1_Stream4_IRQHandler
                0x08000c00                OTG_FS_EP1_IN_IRQHandler
                0x08000c00                I2C1_ER_IRQHandler
                0x08000c00                FMC_IRQHandler
                0x08000c00                FDCAN_CAL_IRQHandler
                0x08000c00                SWPMI1_IRQHandler
                0x08000c00                COMP1_IRQHandler
                0x08000c00                LPTIM1_IRQHandler
                0x08000c00                I2C4_ER_IRQHandler
                0x08000c00                DMA2_Stream6_IRQHandler
                0x08000c00                SAI1_IRQHandler
                0x08000c00                DMA1_Stream3_IRQHandler
 *fill*         0x08000c02        0x2 
 .text.HAL_InitTick
                0x08000c04       0x50 CMakeFiles/01-GPIO.elf.dir/Drivers/STM32H7xx_HAL_Driver/Src/stm32h7xx_hal.c.obj
                0x08000c04                HAL_InitTick
 .text.HAL_Init
                0x08000c54       0x5c CMakeFiles/01-GPIO.elf.dir/Drivers/STM32H7xx_HAL_Driver/Src/stm32h7xx_hal.c.obj
                0x08000c54                HAL_Init
 .text.HAL_IncTick
                0x08000cb0       0x18 CMakeFiles/01-GPIO.elf.dir/Drivers/STM32H7xx_HAL_Driver/Src/stm32h7xx_hal.c.obj
                0x08000cb0                HAL_IncTick
 .text.HAL_GetTick
                0x08000cc8        0xc CMakeFiles/01-GPIO.elf.dir/Drivers/STM32H7xx_HAL_Driver/Src/stm32h7xx_hal.c.obj
                0x08000cc8                HAL_GetTick
 .text.HAL_Delay
                0x08000cd4       0x28 CMakeFiles/01-GPIO.elf.dir/Drivers/STM32H7xx_HAL_Driver/Src/stm32h7xx_hal.c.obj
                0x08000cd4                HAL_Delay
 .text.HAL_GetREVID
                0x08000cfc        0xc CMakeFiles/01-GPIO.elf.dir/Drivers/STM32H7xx_HAL_Driver/Src/stm32h7xx_hal.c.obj
                0x08000cfc                HAL_GetREVID
 .text.HAL_NVIC_SetPriorityGrouping
                0x08000d08       0x24 CMakeFiles/01-GPIO.elf.dir/Drivers/STM32H7xx_HAL_Driver/Src/stm32h7xx_hal_cortex.c.obj
                0x08000d08                HAL_NVIC_SetPriorityGrouping
 .text.HAL_NVIC_SetPriority
                0x08000d2c       0x60 CMakeFiles/01-GPIO.elf.dir/Drivers/STM32H7xx_HAL_Driver/Src/stm32h7xx_hal_cortex.c.obj
                0x08000d2c                HAL_NVIC_SetPriority
 .text.HAL_SYSTICK_Config
                0x08000d8c       0x2c CMakeFiles/01-GPIO.elf.dir/Drivers/STM32H7xx_HAL_Driver/Src/stm32h7xx_hal_cortex.c.obj
                0x08000d8c                HAL_SYSTICK_Config
 .text.HAL_MPU_Disable
                0x08000db8       0x20 CMakeFiles/01-GPIO.elf.dir/Drivers/STM32H7xx_HAL_Driver/Src/stm32h7xx_hal_cortex.c.obj
                0x08000db8                HAL_MPU_Disable
 .text.HAL_MPU_Enable
                0x08000dd8       0x24 CMakeFiles/01-GPIO.elf.dir/Drivers/STM32H7xx_HAL_Driver/Src/stm32h7xx_hal_cortex.c.obj
                0x08000dd8                HAL_MPU_Enable
 .text.HAL_MPU_ConfigRegion
                0x08000dfc       0x54 CMakeFiles/01-GPIO.elf.dir/Drivers/STM32H7xx_HAL_Driver/Src/stm32h7xx_hal_cortex.c.obj
                0x08000dfc                HAL_MPU_ConfigRegion
 .text.HAL_GPIO_Init
                0x08000e50      0x1f0 CMakeFiles/01-GPIO.elf.dir/Drivers/STM32H7xx_HAL_Driver/Src/stm32h7xx_hal_gpio.c.obj
                0x08000e50                HAL_GPIO_Init
 .text.HAL_GPIO_WritePin
                0x08001040        0xc CMakeFiles/01-GPIO.elf.dir/Drivers/STM32H7xx_HAL_Driver/Src/stm32h7xx_hal_gpio.c.obj
                0x08001040                HAL_GPIO_WritePin
 .text.HAL_GPIO_TogglePin
                0x0800104c       0x14 CMakeFiles/01-GPIO.elf.dir/Drivers/STM32H7xx_HAL_Driver/Src/stm32h7xx_hal_gpio.c.obj
                0x0800104c                HAL_GPIO_TogglePin
 .text.HAL_PWREx_ConfigSupply
                0x08001060       0x58 CMakeFiles/01-GPIO.elf.dir/Drivers/STM32H7xx_HAL_Driver/Src/stm32h7xx_hal_pwr_ex.c.obj
                0x08001060                HAL_PWREx_ConfigSupply
 .text.HAL_RCC_OscConfig
                0x080010b8      0x6b4 CMakeFiles/01-GPIO.elf.dir/Drivers/STM32H7xx_HAL_Driver/Src/stm32h7xx_hal_rcc.c.obj
                0x080010b8                HAL_RCC_OscConfig
 .text.HAL_RCC_GetSysClockFreq
                0x0800176c      0x21c CMakeFiles/01-GPIO.elf.dir/Drivers/STM32H7xx_HAL_Driver/Src/stm32h7xx_hal_rcc.c.obj
                0x0800176c                HAL_RCC_GetSysClockFreq
 .text.HAL_RCC_ClockConfig
                0x08001988      0x29c CMakeFiles/01-GPIO.elf.dir/Drivers/STM32H7xx_HAL_Driver/Src/stm32h7xx_hal_rcc.c.obj
                0x08001988                HAL_RCC_ClockConfig
 .text.RCCEx_PLL2_Config
                0x08001c24      0x114 CMakeFiles/01-GPIO.elf.dir/Drivers/STM32H7xx_HAL_Driver/Src/stm32h7xx_hal_rcc_ex.c.obj
 .text.RCCEx_PLL3_Config
                0x08001d38      0x114 CMakeFiles/01-GPIO.elf.dir/Drivers/STM32H7xx_HAL_Driver/Src/stm32h7xx_hal_rcc_ex.c.obj
 .text.HAL_RCCEx_PeriphCLKConfig
                0x08001e4c      0x944 CMakeFiles/01-GPIO.elf.dir/Drivers/STM32H7xx_HAL_Driver/Src/stm32h7xx_hal_rcc_ex.c.obj
                0x08001e4c                HAL_RCCEx_PeriphCLKConfig
 .text.HAL_RNG_Init
                0x08002790       0x88 CMakeFiles/01-GPIO.elf.dir/Drivers/STM32H7xx_HAL_Driver/Src/stm32h7xx_hal_rng.c.obj
                0x08002790                HAL_RNG_Init
 .text.__libc_init_array
                0x08002818       0x50 d:/vscode_stm32/gcc-arm-none-eabi/bin/../lib/gcc/arm-none-eabi/5.4.1/../../../../arm-none-eabi/lib/armv7e-m\libg.a(lib_a-init.o)
                0x08002818                __libc_init_array
 .text.memset   0x08002868       0x9c d:/vscode_stm32/gcc-arm-none-eabi/bin/../lib/gcc/arm-none-eabi/5.4.1/../../../../arm-none-eabi/lib/armv7e-m\libg.a(lib_a-memset.o)
                0x08002868                memset
 .text.startup.register_fini
                0x08002904       0x14 d:/vscode_stm32/gcc-arm-none-eabi/bin/../lib/gcc/arm-none-eabi/5.4.1/../../../../arm-none-eabi/lib/armv7e-m\libg.a(lib_a-__call_atexit.o)
 .text.atexit   0x08002918        0xc d:/vscode_stm32/gcc-arm-none-eabi/bin/../lib/gcc/arm-none-eabi/5.4.1/../../../../arm-none-eabi/lib/armv7e-m\libg.a(lib_a-atexit.o)
                0x08002918                atexit
 .text.__libc_fini_array
                0x08002924       0x28 d:/vscode_stm32/gcc-arm-none-eabi/bin/../lib/gcc/arm-none-eabi/5.4.1/../../../../arm-none-eabi/lib/armv7e-m\libg.a(lib_a-fini.o)
                0x08002924                __libc_fini_array
 .text.__register_exitproc
                0x0800294c       0xa4 d:/vscode_stm32/gcc-arm-none-eabi/bin/../lib/gcc/arm-none-eabi/5.4.1/../../../../arm-none-eabi/lib/armv7e-m\libg.a(lib_a-__atexit.o)
                0x0800294c                __register_exitproc
 *(.glue_7)
 .glue_7        0x080029f0        0x0 linker stubs
 *(.glue_7t)
 .glue_7t       0x080029f0        0x0 linker stubs
 *(.eh_frame)
 .eh_frame      0x080029f0        0x0 d:/vscode_stm32/gcc-arm-none-eabi/bin/../lib/gcc/arm-none-eabi/5.4.1/armv7e-m/crtbegin.o
 *(.init)
 .init          0x080029f0        0x4 d:/vscode_stm32/gcc-arm-none-eabi/bin/../lib/gcc/arm-none-eabi/5.4.1/armv7e-m/crti.o
                0x080029f0                _init
 .init          0x080029f4        0x8 d:/vscode_stm32/gcc-arm-none-eabi/bin/../lib/gcc/arm-none-eabi/5.4.1/armv7e-m/crtn.o
 *(.fini)
 .fini          0x080029fc        0x4 d:/vscode_stm32/gcc-arm-none-eabi/bin/../lib/gcc/arm-none-eabi/5.4.1/armv7e-m/crti.o
                0x080029fc                _fini
 .fini          0x08002a00        0x8 d:/vscode_stm32/gcc-arm-none-eabi/bin/../lib/gcc/arm-none-eabi/5.4.1/armv7e-m/crtn.o
                0x08002a08                . = ALIGN (0x4)
                0x08002a08                _etext = .

.vfp11_veneer   0x08002a08        0x0
 .vfp11_veneer  0x08002a08        0x0 linker stubs

.v4_bx          0x08002a08        0x0
 .v4_bx         0x08002a08        0x0 linker stubs

.iplt           0x08002a08        0x0
 .iplt          0x08002a08        0x0 d:/vscode_stm32/gcc-arm-none-eabi/bin/../lib/gcc/arm-none-eabi/5.4.1/armv7e-m/crtbegin.o

.rodata         0x08002a08       0x14
                0x08002a08                . = ALIGN (0x4)
 *(.rodata)
 *(.rodata*)
 .rodata.D1CorePrescTable
                0x08002a08       0x10 CMakeFiles/01-GPIO.elf.dir/Core/Src/system_stm32h7xx.c.obj
                0x08002a08                D1CorePrescTable
 .rodata._global_impure_ptr
                0x08002a18        0x4 d:/vscode_stm32/gcc-arm-none-eabi/bin/../lib/gcc/arm-none-eabi/5.4.1/../../../../arm-none-eabi/lib/armv7e-m\libg.a(lib_a-impure.o)
                0x08002a18                _global_impure_ptr
                0x08002a1c                . = ALIGN (0x4)

.rel.dyn        0x08002a1c        0x0
 .rel.iplt      0x08002a1c        0x0 d:/vscode_stm32/gcc-arm-none-eabi/bin/../lib/gcc/arm-none-eabi/5.4.1/armv7e-m/crtbegin.o

.ARM.extab
 *(.ARM.extab* .gnu.linkonce.armextab.*)

.ARM            0x08002a1c        0x0
                0x08002a1c                __exidx_start = .
 *(.ARM.exidx*)
                0x08002a1c                __exidx_end = .

.preinit_array  0x08002a1c        0x0
                0x08002a1c                PROVIDE (__preinit_array_start, .)
 *(.preinit_array*)
                0x08002a1c                PROVIDE (__preinit_array_end, .)

.init_array     0x08002a1c        0x8
                0x08002a1c                PROVIDE (__init_array_start, .)
 *(SORT(.init_array.*))
 .init_array.00000
                0x08002a1c        0x4 d:/vscode_stm32/gcc-arm-none-eabi/bin/../lib/gcc/arm-none-eabi/5.4.1/../../../../arm-none-eabi/lib/armv7e-m\libg.a(lib_a-__call_atexit.o)
 *(.init_array*)
 .init_array    0x08002a20        0x4 d:/vscode_stm32/gcc-arm-none-eabi/bin/../lib/gcc/arm-none-eabi/5.4.1/armv7e-m/crtbegin.o
                0x08002a24                PROVIDE (__init_array_end, .)

.fini_array     0x08002a24        0x4
                0x08002a24                PROVIDE (__fini_array_start, .)
 *(SORT(.fini_array.*))
 *(.fini_array*)
 .fini_array    0x08002a24        0x4 d:/vscode_stm32/gcc-arm-none-eabi/bin/../lib/gcc/arm-none-eabi/5.4.1/armv7e-m/crtbegin.o
                0x08002a28                PROVIDE (__fini_array_end, .)
                0x08002a28                _sidata = LOADADDR (.data)

.data           0x24000000      0x438 load address 0x08002a28
                0x24000000                . = ALIGN (0x4)
                0x24000000                _sdata = .
 *(.data)
 *(.data*)
 .data.SystemD2Clock
                0x24000000        0x4 CMakeFiles/01-GPIO.elf.dir/Core/Src/system_stm32h7xx.c.obj
                0x24000000                SystemD2Clock
 .data.SystemCoreClock
                0x24000004        0x4 CMakeFiles/01-GPIO.elf.dir/Core/Src/system_stm32h7xx.c.obj
                0x24000004                SystemCoreClock
 .data.uwTickPrio
                0x24000008        0x4 CMakeFiles/01-GPIO.elf.dir/Drivers/STM32H7xx_HAL_Driver/Src/stm32h7xx_hal.c.obj
                0x24000008                uwTickPrio
 .data.uwTickFreq
                0x2400000c        0x1 CMakeFiles/01-GPIO.elf.dir/Drivers/STM32H7xx_HAL_Driver/Src/stm32h7xx_hal.c.obj
                0x2400000c                uwTickFreq
 *fill*         0x2400000d        0x3 
 .data.impure_data
                0x24000010      0x428 d:/vscode_stm32/gcc-arm-none-eabi/bin/../lib/gcc/arm-none-eabi/5.4.1/../../../../arm-none-eabi/lib/armv7e-m\libg.a(lib_a-impure.o)
 *(.RamFunc)
 *(.RamFunc*)
                0x24000438                . = ALIGN (0x4)
                0x24000438                _edata = .

.jcr            0x24000438        0x0 load address 0x08002e60
 .jcr           0x24000438        0x0 d:/vscode_stm32/gcc-arm-none-eabi/bin/../lib/gcc/arm-none-eabi/5.4.1/armv7e-m/crtbegin.o

.igot.plt       0x24000438        0x0 load address 0x08002e60
 .igot.plt      0x24000438        0x0 d:/vscode_stm32/gcc-arm-none-eabi/bin/../lib/gcc/arm-none-eabi/5.4.1/armv7e-m/crtbegin.o
                0x24000438                . = ALIGN (0x4)

.bss            0x24000438       0x34 load address 0x08002e60
                0x24000438                _sbss = .
                0x24000438                __bss_start__ = _sbss
 *(.bss)
 .bss           0x24000438       0x1c d:/vscode_stm32/gcc-arm-none-eabi/bin/../lib/gcc/arm-none-eabi/5.4.1/armv7e-m/crtbegin.o
 *(.bss*)
 .bss.hrng      0x24000454       0x14 CMakeFiles/01-GPIO.elf.dir/Core/Src/rng.c.obj
                0x24000454                hrng
 .bss.uwTick    0x24000468        0x4 CMakeFiles/01-GPIO.elf.dir/Drivers/STM32H7xx_HAL_Driver/Src/stm32h7xx_hal.c.obj
                0x24000468                uwTick
 *(COMMON)
                0x2400046c                . = ALIGN (0x4)
                0x2400046c                _ebss = .
                0x2400046c                __bss_end__ = _ebss

._user_heap_stack
                0x2400046c      0x604 load address 0x08002e60
                0x24000470                . = ALIGN (0x8)
 *fill*         0x2400046c        0x4 
                [!provide]                PROVIDE (end, .)
                0x24000470                PROVIDE (_end, .)
                0x24000670                . = (. + _Min_Heap_Size)
 *fill*         0x24000470      0x200 
                0x24000a70                . = (. + _Min_Stack_Size)
 *fill*         0x24000670      0x400 
                0x24000a70                . = ALIGN (0x8)

/DISCARD/
 libc.a(*)
 libm.a(*)
 libgcc.a(*)

.ARM.attributes
                0x00000000       0x2a
 *(.ARM.attributes)
 .ARM.attributes
                0x00000000       0x1e d:/vscode_stm32/gcc-arm-none-eabi/bin/../lib/gcc/arm-none-eabi/5.4.1/armv7e-m/crti.o
 .ARM.attributes
                0x0000001e       0x2e d:/vscode_stm32/gcc-arm-none-eabi/bin/../lib/gcc/arm-none-eabi/5.4.1/armv7e-m/crtbegin.o
 .ARM.attributes
                0x0000004c       0x33 CMakeFiles/01-GPIO.elf.dir/Core/Src/gpio.c.obj
 .ARM.attributes
                0x0000007f       0x33 CMakeFiles/01-GPIO.elf.dir/Core/Src/main.c.obj
 .ARM.attributes
                0x000000b2       0x33 CMakeFiles/01-GPIO.elf.dir/Core/Src/rng.c.obj
 .ARM.attributes
                0x000000e5       0x33 CMakeFiles/01-GPIO.elf.dir/Core/Src/stm32h7xx_hal_msp.c.obj
 .ARM.attributes
                0x00000118       0x33 CMakeFiles/01-GPIO.elf.dir/Core/Src/stm32h7xx_it.c.obj
 .ARM.attributes
                0x0000014b       0x33 CMakeFiles/01-GPIO.elf.dir/Core/Src/system_stm32h7xx.c.obj
 .ARM.attributes
                0x0000017e       0x21 CMakeFiles/01-GPIO.elf.dir/Core/Startup/startup_stm32h750vbtx.s.obj
 .ARM.attributes
                0x0000019f       0x33 CMakeFiles/01-GPIO.elf.dir/Drivers/STM32H7xx_HAL_Driver/Src/stm32h7xx_hal.c.obj
 .ARM.attributes
                0x000001d2       0x33 CMakeFiles/01-GPIO.elf.dir/Drivers/STM32H7xx_HAL_Driver/Src/stm32h7xx_hal_cortex.c.obj
 .ARM.attributes
                0x00000205       0x33 CMakeFiles/01-GPIO.elf.dir/Drivers/STM32H7xx_HAL_Driver/Src/stm32h7xx_hal_gpio.c.obj
 .ARM.attributes
                0x00000238       0x33 CMakeFiles/01-GPIO.elf.dir/Drivers/STM32H7xx_HAL_Driver/Src/stm32h7xx_hal_pwr_ex.c.obj
 .ARM.attributes
                0x0000026b       0x33 CMakeFiles/01-GPIO.elf.dir/Drivers/STM32H7xx_HAL_Driver/Src/stm32h7xx_hal_rcc.c.obj
 .ARM.attributes
                0x0000029e       0x33 CMakeFiles/01-GPIO.elf.dir/Drivers/STM32H7xx_HAL_Driver/Src/stm32h7xx_hal_rcc_ex.c.obj
 .ARM.attributes
                0x000002d1       0x33 CMakeFiles/01-GPIO.elf.dir/Drivers/STM32H7xx_HAL_Driver/Src/stm32h7xx_hal_rng.c.obj
 .ARM.attributes
                0x00000304       0x1e d:/vscode_stm32/gcc-arm-none-eabi/bin/../lib/gcc/arm-none-eabi/5.4.1/armv7e-m\libgcc.a(_arm_addsubsf3.o)
 .ARM.attributes
                0x00000322       0x1e d:/vscode_stm32/gcc-arm-none-eabi/bin/../lib/gcc/arm-none-eabi/5.4.1/armv7e-m\libgcc.a(_arm_muldivsf3.o)
 .ARM.attributes
                0x00000340       0x1e d:/vscode_stm32/gcc-arm-none-eabi/bin/../lib/gcc/arm-none-eabi/5.4.1/armv7e-m\libgcc.a(_arm_fixunssfsi.o)
 .ARM.attributes
                0x0000035e       0x2e d:/vscode_stm32/gcc-arm-none-eabi/bin/../lib/gcc/arm-none-eabi/5.4.1/../../../../arm-none-eabi/lib/armv7e-m\libg.a(lib_a-impure.o)
 .ARM.attributes
                0x0000038c       0x2e d:/vscode_stm32/gcc-arm-none-eabi/bin/../lib/gcc/arm-none-eabi/5.4.1/../../../../arm-none-eabi/lib/armv7e-m\libg.a(lib_a-init.o)
 .ARM.attributes
                0x000003ba       0x2e d:/vscode_stm32/gcc-arm-none-eabi/bin/../lib/gcc/arm-none-eabi/5.4.1/../../../../arm-none-eabi/lib/armv7e-m\libg.a(lib_a-memset.o)
 .ARM.attributes
                0x000003e8       0x2e d:/vscode_stm32/gcc-arm-none-eabi/bin/../lib/gcc/arm-none-eabi/5.4.1/../../../../arm-none-eabi/lib/armv7e-m\libg.a(lib_a-__call_atexit.o)
 .ARM.attributes
                0x00000416       0x2e d:/vscode_stm32/gcc-arm-none-eabi/bin/../lib/gcc/arm-none-eabi/5.4.1/../../../../arm-none-eabi/lib/armv7e-m\libg.a(lib_a-atexit.o)
 .ARM.attributes
                0x00000444       0x2e d:/vscode_stm32/gcc-arm-none-eabi/bin/../lib/gcc/arm-none-eabi/5.4.1/../../../../arm-none-eabi/lib/armv7e-m\libg.a(lib_a-fini.o)
 .ARM.attributes
                0x00000472       0x2e d:/vscode_stm32/gcc-arm-none-eabi/bin/../lib/gcc/arm-none-eabi/5.4.1/../../../../arm-none-eabi/lib/armv7e-m\libg.a(lib_a-__atexit.o)
 .ARM.attributes
                0x000004a0       0x1e d:/vscode_stm32/gcc-arm-none-eabi/bin/../lib/gcc/arm-none-eabi/5.4.1/armv7e-m/crtn.o
OUTPUT(01-GPIO.elf elf32-littlearm)

.debug_info     0x00000000     0xa8eb
 .debug_info    0x00000000      0x6e7 CMakeFiles/01-GPIO.elf.dir/Core/Src/gpio.c.obj
 .debug_info    0x000006e7      0xe1e CMakeFiles/01-GPIO.elf.dir/Core/Src/main.c.obj
 .debug_info    0x00001505      0x9ff CMakeFiles/01-GPIO.elf.dir/Core/Src/rng.c.obj
 .debug_info    0x00001f04      0x52e CMakeFiles/01-GPIO.elf.dir/Core/Src/stm32h7xx_hal_msp.c.obj
 .debug_info    0x00002432      0x226 CMakeFiles/01-GPIO.elf.dir/Core/Src/stm32h7xx_it.c.obj
 .debug_info    0x00002658      0xa3d CMakeFiles/01-GPIO.elf.dir/Core/Src/system_stm32h7xx.c.obj
 .debug_info    0x00003095       0xa9 CMakeFiles/01-GPIO.elf.dir/Core/Startup/startup_stm32h750vbtx.s.obj
 .debug_info    0x0000313e     0x1607 CMakeFiles/01-GPIO.elf.dir/Drivers/STM32H7xx_HAL_Driver/Src/stm32h7xx_hal.c.obj
 .debug_info    0x00004745     0x12de CMakeFiles/01-GPIO.elf.dir/Drivers/STM32H7xx_HAL_Driver/Src/stm32h7xx_hal_cortex.c.obj
 .debug_info    0x00005a23      0xd2e CMakeFiles/01-GPIO.elf.dir/Drivers/STM32H7xx_HAL_Driver/Src/stm32h7xx_hal_gpio.c.obj
 .debug_info    0x00006751     0x118b CMakeFiles/01-GPIO.elf.dir/Drivers/STM32H7xx_HAL_Driver/Src/stm32h7xx_hal_pwr_ex.c.obj
 .debug_info    0x000078dc     0x1181 CMakeFiles/01-GPIO.elf.dir/Drivers/STM32H7xx_HAL_Driver/Src/stm32h7xx_hal_rcc.c.obj
 .debug_info    0x00008a5d     0x18e1 CMakeFiles/01-GPIO.elf.dir/Drivers/STM32H7xx_HAL_Driver/Src/stm32h7xx_hal_rcc_ex.c.obj
 .debug_info    0x0000a33e      0x5ad CMakeFiles/01-GPIO.elf.dir/Drivers/STM32H7xx_HAL_Driver/Src/stm32h7xx_hal_rng.c.obj

.debug_abbrev   0x00000000     0x1a5c
 .debug_abbrev  0x00000000      0x191 CMakeFiles/01-GPIO.elf.dir/Core/Src/gpio.c.obj
 .debug_abbrev  0x00000191      0x280 CMakeFiles/01-GPIO.elf.dir/Core/Src/main.c.obj
 .debug_abbrev  0x00000411      0x1cd CMakeFiles/01-GPIO.elf.dir/Core/Src/rng.c.obj
 .debug_abbrev  0x000005de      0x12f CMakeFiles/01-GPIO.elf.dir/Core/Src/stm32h7xx_hal_msp.c.obj
 .debug_abbrev  0x0000070d      0x102 CMakeFiles/01-GPIO.elf.dir/Core/Src/stm32h7xx_it.c.obj
 .debug_abbrev  0x0000080f      0x16b CMakeFiles/01-GPIO.elf.dir/Core/Src/system_stm32h7xx.c.obj
 .debug_abbrev  0x0000097a       0x12 CMakeFiles/01-GPIO.elf.dir/Core/Startup/startup_stm32h750vbtx.s.obj
 .debug_abbrev  0x0000098c      0x258 CMakeFiles/01-GPIO.elf.dir/Drivers/STM32H7xx_HAL_Driver/Src/stm32h7xx_hal.c.obj
 .debug_abbrev  0x00000be4      0x333 CMakeFiles/01-GPIO.elf.dir/Drivers/STM32H7xx_HAL_Driver/Src/stm32h7xx_hal_cortex.c.obj
 .debug_abbrev  0x00000f17      0x23a CMakeFiles/01-GPIO.elf.dir/Drivers/STM32H7xx_HAL_Driver/Src/stm32h7xx_hal_gpio.c.obj
 .debug_abbrev  0x00001151      0x282 CMakeFiles/01-GPIO.elf.dir/Drivers/STM32H7xx_HAL_Driver/Src/stm32h7xx_hal_pwr_ex.c.obj
 .debug_abbrev  0x000013d3      0x25c CMakeFiles/01-GPIO.elf.dir/Drivers/STM32H7xx_HAL_Driver/Src/stm32h7xx_hal_rcc.c.obj
 .debug_abbrev  0x0000162f      0x26d CMakeFiles/01-GPIO.elf.dir/Drivers/STM32H7xx_HAL_Driver/Src/stm32h7xx_hal_rcc_ex.c.obj
 .debug_abbrev  0x0000189c      0x1c0 CMakeFiles/01-GPIO.elf.dir/Drivers/STM32H7xx_HAL_Driver/Src/stm32h7xx_hal_rng.c.obj

.debug_aranges  0x00000000      0x750
 .debug_aranges
                0x00000000       0x20 CMakeFiles/01-GPIO.elf.dir/Core/Src/gpio.c.obj
 .debug_aranges
                0x00000020       0x40 CMakeFiles/01-GPIO.elf.dir/Core/Src/main.c.obj
 .debug_aranges
                0x00000060       0x30 CMakeFiles/01-GPIO.elf.dir/Core/Src/rng.c.obj
 .debug_aranges
                0x00000090       0x20 CMakeFiles/01-GPIO.elf.dir/Core/Src/stm32h7xx_hal_msp.c.obj
 .debug_aranges
                0x000000b0       0x60 CMakeFiles/01-GPIO.elf.dir/Core/Src/stm32h7xx_it.c.obj
 .debug_aranges
                0x00000110       0x28 CMakeFiles/01-GPIO.elf.dir/Core/Src/system_stm32h7xx.c.obj
 .debug_aranges
                0x00000138       0x28 CMakeFiles/01-GPIO.elf.dir/Core/Startup/startup_stm32h750vbtx.s.obj
 .debug_aranges
                0x00000160      0x198 CMakeFiles/01-GPIO.elf.dir/Drivers/STM32H7xx_HAL_Driver/Src/stm32h7xx_hal.c.obj
 .debug_aranges
                0x000002f8       0xb0 CMakeFiles/01-GPIO.elf.dir/Drivers/STM32H7xx_HAL_Driver/Src/stm32h7xx_hal_cortex.c.obj
 .debug_aranges
                0x000003a8       0x58 CMakeFiles/01-GPIO.elf.dir/Drivers/STM32H7xx_HAL_Driver/Src/stm32h7xx_hal_gpio.c.obj
 .debug_aranges
                0x00000400      0x158 CMakeFiles/01-GPIO.elf.dir/Drivers/STM32H7xx_HAL_Driver/Src/stm32h7xx_hal_pwr_ex.c.obj
 .debug_aranges
                0x00000558       0x88 CMakeFiles/01-GPIO.elf.dir/Drivers/STM32H7xx_HAL_Driver/Src/stm32h7xx_hal_rcc.c.obj
 .debug_aranges
                0x000005e0       0xf8 CMakeFiles/01-GPIO.elf.dir/Drivers/STM32H7xx_HAL_Driver/Src/stm32h7xx_hal_rcc_ex.c.obj
 .debug_aranges
                0x000006d8       0x78 CMakeFiles/01-GPIO.elf.dir/Drivers/STM32H7xx_HAL_Driver/Src/stm32h7xx_hal_rng.c.obj

.debug_ranges   0x00000000      0x6d8
 .debug_ranges  0x00000000       0x10 CMakeFiles/01-GPIO.elf.dir/Core/Src/gpio.c.obj
 .debug_ranges  0x00000010       0x48 CMakeFiles/01-GPIO.elf.dir/Core/Src/main.c.obj
 .debug_ranges  0x00000058       0x20 CMakeFiles/01-GPIO.elf.dir/Core/Src/rng.c.obj
 .debug_ranges  0x00000078       0x10 CMakeFiles/01-GPIO.elf.dir/Core/Src/stm32h7xx_hal_msp.c.obj
 .debug_ranges  0x00000088       0x50 CMakeFiles/01-GPIO.elf.dir/Core/Src/stm32h7xx_it.c.obj
 .debug_ranges  0x000000d8       0x18 CMakeFiles/01-GPIO.elf.dir/Core/Src/system_stm32h7xx.c.obj
 .debug_ranges  0x000000f0       0x20 CMakeFiles/01-GPIO.elf.dir/Core/Startup/startup_stm32h750vbtx.s.obj
 .debug_ranges  0x00000110      0x188 CMakeFiles/01-GPIO.elf.dir/Drivers/STM32H7xx_HAL_Driver/Src/stm32h7xx_hal.c.obj
 .debug_ranges  0x00000298       0xa0 CMakeFiles/01-GPIO.elf.dir/Drivers/STM32H7xx_HAL_Driver/Src/stm32h7xx_hal_cortex.c.obj
 .debug_ranges  0x00000338       0x48 CMakeFiles/01-GPIO.elf.dir/Drivers/STM32H7xx_HAL_Driver/Src/stm32h7xx_hal_gpio.c.obj
 .debug_ranges  0x00000380      0x148 CMakeFiles/01-GPIO.elf.dir/Drivers/STM32H7xx_HAL_Driver/Src/stm32h7xx_hal_pwr_ex.c.obj
 .debug_ranges  0x000004c8       0xc0 CMakeFiles/01-GPIO.elf.dir/Drivers/STM32H7xx_HAL_Driver/Src/stm32h7xx_hal_rcc.c.obj
 .debug_ranges  0x00000588       0xe8 CMakeFiles/01-GPIO.elf.dir/Drivers/STM32H7xx_HAL_Driver/Src/stm32h7xx_hal_rcc_ex.c.obj
 .debug_ranges  0x00000670       0x68 CMakeFiles/01-GPIO.elf.dir/Drivers/STM32H7xx_HAL_Driver/Src/stm32h7xx_hal_rng.c.obj

.debug_line     0x00000000     0x38c2
 .debug_line    0x00000000      0x22a CMakeFiles/01-GPIO.elf.dir/Core/Src/gpio.c.obj
 .debug_line    0x0000022a      0x3d8 CMakeFiles/01-GPIO.elf.dir/Core/Src/main.c.obj
 .debug_line    0x00000602      0x2b6 CMakeFiles/01-GPIO.elf.dir/Core/Src/rng.c.obj
 .debug_line    0x000008b8      0x1cf CMakeFiles/01-GPIO.elf.dir/Core/Src/stm32h7xx_hal_msp.c.obj
 .debug_line    0x00000a87      0x243 CMakeFiles/01-GPIO.elf.dir/Core/Src/stm32h7xx_it.c.obj
 .debug_line    0x00000cca      0x259 CMakeFiles/01-GPIO.elf.dir/Core/Src/system_stm32h7xx.c.obj
 .debug_line    0x00000f23       0xac CMakeFiles/01-GPIO.elf.dir/Core/Startup/startup_stm32h750vbtx.s.obj
 .debug_line    0x00000fcf      0x622 CMakeFiles/01-GPIO.elf.dir/Drivers/STM32H7xx_HAL_Driver/Src/stm32h7xx_hal.c.obj
 .debug_line    0x000015f1      0x45f CMakeFiles/01-GPIO.elf.dir/Drivers/STM32H7xx_HAL_Driver/Src/stm32h7xx_hal_cortex.c.obj
 .debug_line    0x00001a50      0x3bc CMakeFiles/01-GPIO.elf.dir/Drivers/STM32H7xx_HAL_Driver/Src/stm32h7xx_hal_gpio.c.obj
 .debug_line    0x00001e0c      0x63e CMakeFiles/01-GPIO.elf.dir/Drivers/STM32H7xx_HAL_Driver/Src/stm32h7xx_hal_pwr_ex.c.obj
 .debug_line    0x0000244a      0x6f3 CMakeFiles/01-GPIO.elf.dir/Drivers/STM32H7xx_HAL_Driver/Src/stm32h7xx_hal_rcc.c.obj
 .debug_line    0x00002b3d      0x9ad CMakeFiles/01-GPIO.elf.dir/Drivers/STM32H7xx_HAL_Driver/Src/stm32h7xx_hal_rcc_ex.c.obj
 .debug_line    0x000034ea      0x3d8 CMakeFiles/01-GPIO.elf.dir/Drivers/STM32H7xx_HAL_Driver/Src/stm32h7xx_hal_rng.c.obj

.debug_str      0x00000000     0x3525
 .debug_str     0x00000000      0x4d8 CMakeFiles/01-GPIO.elf.dir/Core/Src/gpio.c.obj
                                0x541 (size before relaxing)
 .debug_str     0x000004d8      0x54c CMakeFiles/01-GPIO.elf.dir/Core/Src/main.c.obj
                                0x828 (size before relaxing)
 .debug_str     0x00000a24      0x4cf CMakeFiles/01-GPIO.elf.dir/Core/Src/rng.c.obj
                                0x96e (size before relaxing)
 .debug_str     0x00000ef3       0x50 CMakeFiles/01-GPIO.elf.dir/Core/Src/stm32h7xx_hal_msp.c.obj
                                0x490 (size before relaxing)
 .debug_str     0x00000f43       0xdb CMakeFiles/01-GPIO.elf.dir/Core/Src/stm32h7xx_it.c.obj
                                0x2f1 (size before relaxing)
 .debug_str     0x0000101e      0x110 CMakeFiles/01-GPIO.elf.dir/Core/Src/system_stm32h7xx.c.obj
                                0x678 (size before relaxing)
 .debug_str     0x0000112e      0xf9c CMakeFiles/01-GPIO.elf.dir/Drivers/STM32H7xx_HAL_Driver/Src/stm32h7xx_hal.c.obj
                               0x155d (size before relaxing)
 .debug_str     0x000020ca      0x3c0 CMakeFiles/01-GPIO.elf.dir/Drivers/STM32H7xx_HAL_Driver/Src/stm32h7xx_hal_cortex.c.obj
                               0x10e3 (size before relaxing)
 .debug_str     0x0000248a      0x10e CMakeFiles/01-GPIO.elf.dir/Drivers/STM32H7xx_HAL_Driver/Src/stm32h7xx_hal_gpio.c.obj
                                0x772 (size before relaxing)
 .debug_str     0x00002598      0x578 CMakeFiles/01-GPIO.elf.dir/Drivers/STM32H7xx_HAL_Driver/Src/stm32h7xx_hal_pwr_ex.c.obj
                                0xae7 (size before relaxing)
 .debug_str     0x00002b10      0x2d6 CMakeFiles/01-GPIO.elf.dir/Drivers/STM32H7xx_HAL_Driver/Src/stm32h7xx_hal_rcc.c.obj
                                0xab8 (size before relaxing)
 .debug_str     0x00002de6      0x5fb CMakeFiles/01-GPIO.elf.dir/Drivers/STM32H7xx_HAL_Driver/Src/stm32h7xx_hal_rcc_ex.c.obj
                                0xf9a (size before relaxing)
 .debug_str     0x000033e1      0x144 CMakeFiles/01-GPIO.elf.dir/Drivers/STM32H7xx_HAL_Driver/Src/stm32h7xx_hal_rng.c.obj
                                0x4fd (size before relaxing)

.comment        0x00000000       0x6e
 .comment       0x00000000       0x6e CMakeFiles/01-GPIO.elf.dir/Core/Src/gpio.c.obj
                                 0x6f (size before relaxing)
 .comment       0x0000006e       0x6f CMakeFiles/01-GPIO.elf.dir/Core/Src/main.c.obj
 .comment       0x0000006e       0x6f CMakeFiles/01-GPIO.elf.dir/Core/Src/rng.c.obj
 .comment       0x0000006e       0x6f CMakeFiles/01-GPIO.elf.dir/Core/Src/stm32h7xx_hal_msp.c.obj
 .comment       0x0000006e       0x6f CMakeFiles/01-GPIO.elf.dir/Core/Src/stm32h7xx_it.c.obj
 .comment       0x0000006e       0x6f CMakeFiles/01-GPIO.elf.dir/Core/Src/system_stm32h7xx.c.obj
 .comment       0x0000006e       0x6f CMakeFiles/01-GPIO.elf.dir/Drivers/STM32H7xx_HAL_Driver/Src/stm32h7xx_hal.c.obj
 .comment       0x0000006e       0x6f CMakeFiles/01-GPIO.elf.dir/Drivers/STM32H7xx_HAL_Driver/Src/stm32h7xx_hal_cortex.c.obj
 .comment       0x0000006e       0x6f CMakeFiles/01-GPIO.elf.dir/Drivers/STM32H7xx_HAL_Driver/Src/stm32h7xx_hal_gpio.c.obj
 .comment       0x0000006e       0x6f CMakeFiles/01-GPIO.elf.dir/Drivers/STM32H7xx_HAL_Driver/Src/stm32h7xx_hal_pwr_ex.c.obj
 .comment       0x0000006e       0x6f CMakeFiles/01-GPIO.elf.dir/Drivers/STM32H7xx_HAL_Driver/Src/stm32h7xx_hal_rcc.c.obj
 .comment       0x0000006e       0x6f CMakeFiles/01-GPIO.elf.dir/Drivers/STM32H7xx_HAL_Driver/Src/stm32h7xx_hal_rcc_ex.c.obj
 .comment       0x0000006e       0x6f CMakeFiles/01-GPIO.elf.dir/Drivers/STM32H7xx_HAL_Driver/Src/stm32h7xx_hal_rng.c.obj

.debug_frame    0x00000000     0x1150
 .debug_frame   0x00000000       0x30 CMakeFiles/01-GPIO.elf.dir/Core/Src/gpio.c.obj
 .debug_frame   0x00000030       0x9c CMakeFiles/01-GPIO.elf.dir/Core/Src/main.c.obj
 .debug_frame   0x000000cc       0x58 CMakeFiles/01-GPIO.elf.dir/Core/Src/rng.c.obj
 .debug_frame   0x00000124       0x28 CMakeFiles/01-GPIO.elf.dir/Core/Src/stm32h7xx_hal_msp.c.obj
 .debug_frame   0x0000014c       0xa8 CMakeFiles/01-GPIO.elf.dir/Core/Src/stm32h7xx_it.c.obj
 .debug_frame   0x000001f4       0x40 CMakeFiles/01-GPIO.elf.dir/Core/Src/system_stm32h7xx.c.obj
 .debug_frame   0x00000234      0x390 CMakeFiles/01-GPIO.elf.dir/Drivers/STM32H7xx_HAL_Driver/Src/stm32h7xx_hal.c.obj
 .debug_frame   0x000005c4      0x164 CMakeFiles/01-GPIO.elf.dir/Drivers/STM32H7xx_HAL_Driver/Src/stm32h7xx_hal_cortex.c.obj
 .debug_frame   0x00000728       0xc4 CMakeFiles/01-GPIO.elf.dir/Drivers/STM32H7xx_HAL_Driver/Src/stm32h7xx_hal_gpio.c.obj
 .debug_frame   0x000007ec      0x2fc CMakeFiles/01-GPIO.elf.dir/Drivers/STM32H7xx_HAL_Driver/Src/stm32h7xx_hal_pwr_ex.c.obj
 .debug_frame   0x00000ae8      0x188 CMakeFiles/01-GPIO.elf.dir/Drivers/STM32H7xx_HAL_Driver/Src/stm32h7xx_hal_rcc.c.obj
 .debug_frame   0x00000c70      0x29c CMakeFiles/01-GPIO.elf.dir/Drivers/STM32H7xx_HAL_Driver/Src/stm32h7xx_hal_rcc_ex.c.obj
 .debug_frame   0x00000f0c      0x10c CMakeFiles/01-GPIO.elf.dir/Drivers/STM32H7xx_HAL_Driver/Src/stm32h7xx_hal_rng.c.obj
 .debug_frame   0x00001018       0x2c d:/vscode_stm32/gcc-arm-none-eabi/bin/../lib/gcc/arm-none-eabi/5.4.1/../../../../arm-none-eabi/lib/armv7e-m\libg.a(lib_a-init.o)
 .debug_frame   0x00001044       0x34 d:/vscode_stm32/gcc-arm-none-eabi/bin/../lib/gcc/arm-none-eabi/5.4.1/../../../../arm-none-eabi/lib/armv7e-m\libg.a(lib_a-memset.o)
 .debug_frame   0x00001078       0x50 d:/vscode_stm32/gcc-arm-none-eabi/bin/../lib/gcc/arm-none-eabi/5.4.1/../../../../arm-none-eabi/lib/armv7e-m\libg.a(lib_a-__call_atexit.o)
 .debug_frame   0x000010c8       0x20 d:/vscode_stm32/gcc-arm-none-eabi/bin/../lib/gcc/arm-none-eabi/5.4.1/../../../../arm-none-eabi/lib/armv7e-m\libg.a(lib_a-atexit.o)
 .debug_frame   0x000010e8       0x34 d:/vscode_stm32/gcc-arm-none-eabi/bin/../lib/gcc/arm-none-eabi/5.4.1/../../../../arm-none-eabi/lib/armv7e-m\libg.a(lib_a-fini.o)
 .debug_frame   0x0000111c       0x34 d:/vscode_stm32/gcc-arm-none-eabi/bin/../lib/gcc/arm-none-eabi/5.4.1/../../../../arm-none-eabi/lib/armv7e-m\libg.a(lib_a-__atexit.o)

.debug_loc      0x00000000     0x35a9
 .debug_loc     0x00000000       0xa2 CMakeFiles/01-GPIO.elf.dir/Core/Src/main.c.obj
 .debug_loc     0x000000a2       0x2c CMakeFiles/01-GPIO.elf.dir/Core/Src/rng.c.obj
 .debug_loc     0x000000ce      0x194 CMakeFiles/01-GPIO.elf.dir/Core/Src/system_stm32h7xx.c.obj
 .debug_loc     0x00000262      0x469 CMakeFiles/01-GPIO.elf.dir/Drivers/STM32H7xx_HAL_Driver/Src/stm32h7xx_hal.c.obj
 .debug_loc     0x000006cb      0x502 CMakeFiles/01-GPIO.elf.dir/Drivers/STM32H7xx_HAL_Driver/Src/stm32h7xx_hal_cortex.c.obj
 .debug_loc     0x00000bcd      0x2c1 CMakeFiles/01-GPIO.elf.dir/Drivers/STM32H7xx_HAL_Driver/Src/stm32h7xx_hal_gpio.c.obj
 .debug_loc     0x00000e8e      0x3ca CMakeFiles/01-GPIO.elf.dir/Drivers/STM32H7xx_HAL_Driver/Src/stm32h7xx_hal_pwr_ex.c.obj
 .debug_loc     0x00001258      0x839 CMakeFiles/01-GPIO.elf.dir/Drivers/STM32H7xx_HAL_Driver/Src/stm32h7xx_hal_rcc.c.obj
 .debug_loc     0x00001a91     0x183b CMakeFiles/01-GPIO.elf.dir/Drivers/STM32H7xx_HAL_Driver/Src/stm32h7xx_hal_rcc_ex.c.obj
 .debug_loc     0x000032cc      0x2dd CMakeFiles/01-GPIO.elf.dir/Drivers/STM32H7xx_HAL_Driver/Src/stm32h7xx_hal_rng.c.obj
