Archive member included to satisfy reference by file (symbol)

d:/gcc-arm-none-eabi/bin/../lib/gcc/arm-none-eabi/10.3.1/thumb/v7e-m/nofp\libgcc.a(_arm_mulsf3.o)
                              CMakeFiles/01-GPIO.elf.dir/Core/Src/system_stm32h7xx.c.obj (__aeabi_fmul)
d:/gcc-arm-none-eabi/bin/../lib/gcc/arm-none-eabi/10.3.1/thumb/v7e-m/nofp\libgcc.a(_arm_addsubsf3.o)
                              CMakeFiles/01-GPIO.elf.dir/Core/Src/system_stm32h7xx.c.obj (__aeabi_fadd)
d:/gcc-arm-none-eabi/bin/../lib/gcc/arm-none-eabi/10.3.1/thumb/v7e-m/nofp\libgcc.a(_arm_muldivsf3.o)
                              CMakeFiles/01-GPIO.elf.dir/Core/Src/system_stm32h7xx.c.obj (__aeabi_fdiv)
d:/gcc-arm-none-eabi/bin/../lib/gcc/arm-none-eabi/10.3.1/thumb/v7e-m/nofp\libgcc.a(_arm_fixunssfsi.o)
                              CMakeFiles/01-GPIO.elf.dir/Core/Src/system_stm32h7xx.c.obj (__aeabi_f2uiz)
d:/gcc-arm-none-eabi/bin/../lib/gcc/arm-none-eabi/10.3.1/../../../../arm-none-eabi/lib/thumb/v7e-m/nofp\libg.a(lib_a-errno.o)
                              CMakeFiles/01-GPIO.elf.dir/Core/Src/syscalls.c.obj (__errno)
d:/gcc-arm-none-eabi/bin/../lib/gcc/arm-none-eabi/10.3.1/../../../../arm-none-eabi/lib/thumb/v7e-m/nofp\libg.a(lib_a-exit.o)
                              d:/gcc-arm-none-eabi/bin/../lib/gcc/arm-none-eabi/10.3.1/../../../../arm-none-eabi/lib/thumb/v7e-m/nofp/crt0.o (exit)
d:/gcc-arm-none-eabi/bin/../lib/gcc/arm-none-eabi/10.3.1/../../../../arm-none-eabi/lib/thumb/v7e-m/nofp\libg.a(lib_a-impure.o)
                              d:/gcc-arm-none-eabi/bin/../lib/gcc/arm-none-eabi/10.3.1/../../../../arm-none-eabi/lib/thumb/v7e-m/nofp\libg.a(lib_a-exit.o) (_global_impure_ptr)
d:/gcc-arm-none-eabi/bin/../lib/gcc/arm-none-eabi/10.3.1/../../../../arm-none-eabi/lib/thumb/v7e-m/nofp\libg.a(lib_a-init.o)
                              d:/gcc-arm-none-eabi/bin/../lib/gcc/arm-none-eabi/10.3.1/../../../../arm-none-eabi/lib/thumb/v7e-m/nofp/crt0.o (__libc_init_array)
d:/gcc-arm-none-eabi/bin/../lib/gcc/arm-none-eabi/10.3.1/../../../../arm-none-eabi/lib/thumb/v7e-m/nofp\libg.a(lib_a-memset.o)
                              d:/gcc-arm-none-eabi/bin/../lib/gcc/arm-none-eabi/10.3.1/../../../../arm-none-eabi/lib/thumb/v7e-m/nofp/crt0.o (memset)
d:/gcc-arm-none-eabi/bin/../lib/gcc/arm-none-eabi/10.3.1/../../../../arm-none-eabi/lib/thumb/v7e-m/nofp\libg.a(lib_a-__call_atexit.o)
                              d:/gcc-arm-none-eabi/bin/../lib/gcc/arm-none-eabi/10.3.1/../../../../arm-none-eabi/lib/thumb/v7e-m/nofp\libg.a(lib_a-exit.o) (__call_exitprocs)
d:/gcc-arm-none-eabi/bin/../lib/gcc/arm-none-eabi/10.3.1/../../../../arm-none-eabi/lib/thumb/v7e-m/nofp\libg.a(lib_a-atexit.o)
                              d:/gcc-arm-none-eabi/bin/../lib/gcc/arm-none-eabi/10.3.1/../../../../arm-none-eabi/lib/thumb/v7e-m/nofp\libg.a(lib_a-__call_atexit.o) (atexit)
d:/gcc-arm-none-eabi/bin/../lib/gcc/arm-none-eabi/10.3.1/../../../../arm-none-eabi/lib/thumb/v7e-m/nofp\libg.a(lib_a-fini.o)
                              d:/gcc-arm-none-eabi/bin/../lib/gcc/arm-none-eabi/10.3.1/../../../../arm-none-eabi/lib/thumb/v7e-m/nofp\libg.a(lib_a-__call_atexit.o) (__libc_fini_array)
d:/gcc-arm-none-eabi/bin/../lib/gcc/arm-none-eabi/10.3.1/../../../../arm-none-eabi/lib/thumb/v7e-m/nofp\libg.a(lib_a-lock.o)
                              d:/gcc-arm-none-eabi/bin/../lib/gcc/arm-none-eabi/10.3.1/../../../../arm-none-eabi/lib/thumb/v7e-m/nofp\libg.a(lib_a-__call_atexit.o) (__retarget_lock_acquire_recursive)
d:/gcc-arm-none-eabi/bin/../lib/gcc/arm-none-eabi/10.3.1/../../../../arm-none-eabi/lib/thumb/v7e-m/nofp\libg.a(lib_a-__atexit.o)
                              d:/gcc-arm-none-eabi/bin/../lib/gcc/arm-none-eabi/10.3.1/../../../../arm-none-eabi/lib/thumb/v7e-m/nofp\libg.a(lib_a-atexit.o) (__register_exitproc)

Discarded input sections

 .text          0x00000000        0x0 d:/gcc-arm-none-eabi/bin/../lib/gcc/arm-none-eabi/10.3.1/thumb/v7e-m/nofp/crti.o
 .data          0x00000000        0x0 d:/gcc-arm-none-eabi/bin/../lib/gcc/arm-none-eabi/10.3.1/thumb/v7e-m/nofp/crti.o
 .bss           0x00000000        0x0 d:/gcc-arm-none-eabi/bin/../lib/gcc/arm-none-eabi/10.3.1/thumb/v7e-m/nofp/crti.o
 .data          0x00000000        0x4 d:/gcc-arm-none-eabi/bin/../lib/gcc/arm-none-eabi/10.3.1/thumb/v7e-m/nofp/crtbegin.o
 .rodata        0x00000000       0x24 d:/gcc-arm-none-eabi/bin/../lib/gcc/arm-none-eabi/10.3.1/thumb/v7e-m/nofp/crtbegin.o
 .text          0x00000000       0x7c d:/gcc-arm-none-eabi/bin/../lib/gcc/arm-none-eabi/10.3.1/../../../../arm-none-eabi/lib/thumb/v7e-m/nofp/crt0.o
 .data          0x00000000        0x0 d:/gcc-arm-none-eabi/bin/../lib/gcc/arm-none-eabi/10.3.1/../../../../arm-none-eabi/lib/thumb/v7e-m/nofp/crt0.o
 .bss           0x00000000        0x0 d:/gcc-arm-none-eabi/bin/../lib/gcc/arm-none-eabi/10.3.1/../../../../arm-none-eabi/lib/thumb/v7e-m/nofp/crt0.o
[...]
Memory Configuration

Name             Origin             Length             Attributes
FLASH            0x08000000         0x00020000         xr
DTCMRAM          0x20000000         0x00020000         xrw
RAM_D1           0x24000000         0x00080000         xrw
RAM_D2           0x30000000         0x00048000         xrw
RAM_D3           0x38000000         0x00010000         xrw
ITCMRAM          0x00000000         0x00010000         xrw
*default*        0x00000000         0xffffffff

Linker script and memory map

LOAD d:/gcc-arm-none-eabi/bin/../lib/gcc/arm-none-eabi/10.3.1/thumb/v7e-m/nofp/crti.o
LOAD d:/gcc-arm-none-eabi/bin/../lib/gcc/arm-none-eabi/10.3.1/thumb/v7e-m/nofp/crtbegin.o
LOAD d:/gcc-arm-none-eabi/bin/../lib/gcc/arm-none-eabi/10.3.1/../../../../arm-none-eabi/lib/thumb/v7e-m/nofp/crt0.o
LOAD CMakeFiles/01-GPIO.elf.dir/Core/Src/gpio.c.obj
LOAD CMakeFiles/01-GPIO.elf.dir/Core/Src/main.c.obj
LOAD CMakeFiles/01-GPIO.elf.dir/Core/Src/rng.c.obj
LOAD CMakeFiles/01-GPIO.elf.dir/Core/Src/stm32h7xx_hal_msp.c.obj
LOAD CMakeFiles/01-GPIO.elf.dir/Core/Src/stm32h7xx_it.c.obj
LOAD CMakeFiles/01-GPIO.elf.dir/Core/Src/syscalls.c.obj
LOAD CMakeFiles/01-GPIO.elf.dir/Core/Src/sysmem.c.obj
LOAD CMakeFiles/01-GPIO.elf.dir/Core/Src/system_stm32h7xx.c.obj
LOAD CMakeFiles/01-GPIO.elf.dir/Core/Startup/startup_stm32h750vbtx.s.obj
LOAD CMakeFiles/01-GPIO.elf.dir/Drivers/STM32H7xx_HAL_Driver/Src/stm32h7xx_hal.c.obj
LOAD CMakeFiles/01-GPIO.elf.dir/Drivers/STM32H7xx_HAL_Driver/Src/stm32h7xx_hal_cortex.c.obj
LOAD CMakeFiles/01-GPIO.elf.dir/Drivers/STM32H7xx_HAL_Driver/Src/stm32h7xx_hal_dma.c.obj
LOAD CMakeFiles/01-GPIO.elf.dir/Drivers/STM32H7xx_HAL_Driver/Src/stm32h7xx_hal_dma_ex.c.obj
LOAD CMakeFiles/01-GPIO.elf.dir/Drivers/STM32H7xx_HAL_Driver/Src/stm32h7xx_hal_exti.c.obj
LOAD CMakeFiles/01-GPIO.elf.dir/Drivers/STM32H7xx_HAL_Driver/Src/stm32h7xx_hal_flash.c.obj
LOAD CMakeFiles/01-GPIO.elf.dir/Drivers/STM32H7xx_HAL_Driver/Src/stm32h7xx_hal_flash_ex.c.obj
LOAD CMakeFiles/01-GPIO.elf.dir/Drivers/STM32H7xx_HAL_Driver/Src/stm32h7xx_hal_gpio.c.obj
LOAD CMakeFiles/01-GPIO.elf.dir/Drivers/STM32H7xx_HAL_Driver/Src/stm32h7xx_hal_hsem.c.obj
LOAD CMakeFiles/01-GPIO.elf.dir/Drivers/STM32H7xx_HAL_Driver/Src/stm32h7xx_hal_i2c.c.obj
LOAD CMakeFiles/01-GPIO.elf.dir/Drivers/STM32H7xx_HAL_Driver/Src/stm32h7xx_hal_i2c_ex.c.obj
LOAD CMakeFiles/01-GPIO.elf.dir/Drivers/STM32H7xx_HAL_Driver/Src/stm32h7xx_hal_mdma.c.obj
LOAD CMakeFiles/01-GPIO.elf.dir/Drivers/STM32H7xx_HAL_Driver/Src/stm32h7xx_hal_pwr.c.obj
LOAD CMakeFiles/01-GPIO.elf.dir/Drivers/STM32H7xx_HAL_Driver/Src/stm32h7xx_hal_pwr_ex.c.obj
LOAD CMakeFiles/01-GPIO.elf.dir/Drivers/STM32H7xx_HAL_Driver/Src/stm32h7xx_hal_rcc.c.obj
LOAD CMakeFiles/01-GPIO.elf.dir/Drivers/STM32H7xx_HAL_Driver/Src/stm32h7xx_hal_rcc_ex.c.obj
LOAD CMakeFiles/01-GPIO.elf.dir/Drivers/STM32H7xx_HAL_Driver/Src/stm32h7xx_hal_rng.c.obj
LOAD CMakeFiles/01-GPIO.elf.dir/Drivers/STM32H7xx_HAL_Driver/Src/stm32h7xx_hal_rng_ex.c.obj
LOAD CMakeFiles/01-GPIO.elf.dir/Drivers/STM32H7xx_HAL_Driver/Src/stm32h7xx_hal_tim.c.obj
LOAD CMakeFiles/01-GPIO.elf.dir/Drivers/STM32H7xx_HAL_Driver/Src/stm32h7xx_hal_tim_ex.c.obj
START GROUP
LOAD d:/gcc-arm-none-eabi/bin/../lib/gcc/arm-none-eabi/10.3.1/thumb/v7e-m/nofp\libgcc.a
LOAD d:/gcc-arm-none-eabi/bin/../lib/gcc/arm-none-eabi/10.3.1/../../../../arm-none-eabi/lib/thumb/v7e-m/nofp\libg.a
LOAD d:/gcc-arm-none-eabi/bin/../lib/gcc/arm-none-eabi/10.3.1/../../../../arm-none-eabi/lib/thumb/v7e-m/nofp\libc.a
END GROUP
LOAD d:/gcc-arm-none-eabi/bin/../lib/gcc/arm-none-eabi/10.3.1/thumb/v7e-m/nofp/crtend.o
LOAD d:/gcc-arm-none-eabi/bin/../lib/gcc/arm-none-eabi/10.3.1/thumb/v7e-m/nofp/crtn.o
                0x24080000                _estack = (ORIGIN (RAM_D1) + LENGTH (RAM_D1))
                0x00000200                _Min_Heap_Size = 0x200
                0x00000400                _Min_Stack_Size = 0x400

.isr_vector     0x08000000      0x298
                0x08000000                . = ALIGN (0x4)
 *(.isr_vector)
 .isr_vector    0x08000000      0x298 CMakeFiles/01-GPIO.elf.dir/Core/Startup/startup_stm32h750vbtx.s.obj
                0x08000000                g_pfnVectors
                0x08000298                . = ALIGN (0x4)

.text           0x08000298     0x279c
                0x08000298                . = ALIGN (0x4)
 *(.text)
 .text          0x08000298       0x40 d:/gcc-arm-none-eabi/bin/../lib/gcc/arm-none-eabi/10.3.1/thumb/v7e-m/nofp/crtbegin.o
 .text          0x080002d8      0x21c d:/gcc-arm-none-eabi/bin/../lib/gcc/arm-none-eabi/10.3.1/thumb/v7e-m/nofp\libgcc.a(_arm_addsubsf3.o)
                0x080002d8                __aeabi_frsub
                0x080002e0                __subsf3
                0x080002e0                __aeabi_fsub
                0x080002e4                __aeabi_fadd
                0x080002e4                __addsf3
                0x08000444                __aeabi_ui2f
                0x08000444                __floatunsisf
                0x0800044c                __aeabi_i2f
                0x0800044c                __floatsisf
                0x08000468                __aeabi_ul2f
                0x08000468                __floatundisf
                0x08000478                __aeabi_l2f
                0x08000478                __floatdisf
 .text          0x080004f4      0x2a0 d:/gcc-arm-none-eabi/bin/../lib/gcc/arm-none-eabi/10.3.1/thumb/v7e-m/nofp\libgcc.a(_arm_muldivsf3.o)
                0x080004f4                __mulsf3
                0x080004f4                __aeabi_fmul
                0x0800065c                __aeabi_fdiv
                0x0800065c                __divsf3
 .text          0x08000794       0x40 d:/gcc-arm-none-eabi/bin/../lib/gcc/arm-none-eabi/10.3.1/thumb/v7e-m/nofp\libgcc.a(_arm_fixunssfsi.o)
                0x08000794                __fixunssfsi
                0x08000794                __aeabi_f2uiz
 *(.text*)
 .text.MX_GPIO_Init
                0x080007d4       0x88 CMakeFiles/01-GPIO.elf.dir/Core/Src/gpio.c.obj
                0x080007d4                MX_GPIO_Init
 .text.CPU_CACHE_Enable
                0x0800085c       0x98 CMakeFiles/01-GPIO.elf.dir/Core/Src/main.c.obj
 .text.MPU_Config
                0x080008f4       0x88 CMakeFiles/01-GPIO.elf.dir/Core/Src/main.c.obj
 .text.SystemClock_Config
                0x0800097c       0xb8 CMakeFiles/01-GPIO.elf.dir/Core/Src/main.c.obj
                0x0800097c                SystemClock_Config
 .text.main     0x08000a34       0x30 CMakeFiles/01-GPIO.elf.dir/Core/Src/main.c.obj
                0x08000a34                main
 .text.Error_Handler
                0x08000a64        0x2 CMakeFiles/01-GPIO.elf.dir/Core/Src/main.c.obj
                0x08000a64                Error_Handler
 *fill*         0x08000a66        0x2 
 .text.MX_RNG_Init
                0x08000a68       0x24 CMakeFiles/01-GPIO.elf.dir/Core/Src/rng.c.obj
                0x08000a68                MX_RNG_Init
 .text.HAL_RNG_MspInit
                0x08000a8c       0x54 CMakeFiles/01-GPIO.elf.dir/Core/Src/rng.c.obj
                0x08000a8c                HAL_RNG_MspInit
 .text.HAL_MspInit
                0x08000ae0       0x24 CMakeFiles/01-GPIO.elf.dir/Core/Src/stm32h7xx_hal_msp.c.obj
                0x08000ae0                HAL_MspInit
 .text.NMI_Handler
                0x08000b04        0x2 CMakeFiles/01-GPIO.elf.dir/Core/Src/stm32h7xx_it.c.obj
                0x08000b04                NMI_Handler
 .text.HardFault_Handler
                0x08000b06        0x2 CMakeFiles/01-GPIO.elf.dir/Core/Src/stm32h7xx_it.c.obj
                0x08000b06                HardFault_Handler
 .text.MemManage_Handler
                0x08000b08        0x2 CMakeFiles/01-GPIO.elf.dir/Core/Src/stm32h7xx_it.c.obj
                0x08000b08                MemManage_Handler
 .text.BusFault_Handler
                0x08000b0a        0x2 CMakeFiles/01-GPIO.elf.dir/Core/Src/stm32h7xx_it.c.obj
                0x08000b0a                BusFault_Handler
 .text.UsageFault_Handler
                0x08000b0c        0x2 CMakeFiles/01-GPIO.elf.dir/Core/Src/stm32h7xx_it.c.obj
                0x08000b0c                UsageFault_Handler
 .text.SVC_Handler
                0x08000b0e        0x2 CMakeFiles/01-GPIO.elf.dir/Core/Src/stm32h7xx_it.c.obj
                0x08000b0e                SVC_Handler
 .text.DebugMon_Handler
                0x08000b10        0x2 CMakeFiles/01-GPIO.elf.dir/Core/Src/stm32h7xx_it.c.obj
                0x08000b10                DebugMon_Handler
 .text.PendSV_Handler
                0x08000b12        0x2 CMakeFiles/01-GPIO.elf.dir/Core/Src/stm32h7xx_it.c.obj
                0x08000b12                PendSV_Handler
 .text.SysTick_Handler
                0x08000b14        0x8 CMakeFiles/01-GPIO.elf.dir/Core/Src/stm32h7xx_it.c.obj
                0x08000b14                SysTick_Handler
 .text.SystemInit
                0x08000b1c       0x70 CMakeFiles/01-GPIO.elf.dir/Core/Src/system_stm32h7xx.c.obj
                0x08000b1c                SystemInit
 .text.Reset_Handler
                0x08000b8c       0x50 CMakeFiles/01-GPIO.elf.dir/Core/Startup/startup_stm32h750vbtx.s.obj
                0x08000b8c                Reset_Handler
 .text.Default_Handler
                0x08000bdc        0x2 CMakeFiles/01-GPIO.elf.dir/Core/Startup/startup_stm32h750vbtx.s.obj
                0x08000bdc                RTC_Alarm_IRQHandler
                0x08000bdc                HASH_RNG_IRQHandler
                0x08000bdc                EXTI2_IRQHandler
                0x08000bdc                TIM8_CC_IRQHandler
                0x08000bdc                HRTIM1_Master_IRQHandler
                0x08000bdc                UART8_IRQHandler
                0x08000bdc                SPI4_IRQHandler
                0x08000bdc                TIM1_CC_IRQHandler
                0x08000bdc                BDMA_Channel6_IRQHandler
                0x08000bdc                DMA2_Stream5_IRQHandler
                0x08000bdc                HRTIM1_FLT_IRQHandler
                0x08000bdc                JPEG_IRQHandler
                0x08000bdc                DMA1_Stream5_IRQHandler
                0x08000bdc                BDMA_Channel1_IRQHandler
                0x08000bdc                HRTIM1_TIMD_IRQHandler
                0x08000bdc                TAMP_STAMP_IRQHandler
                0x08000bdc                EXTI3_IRQHandler
                0x08000bdc                LPTIM4_IRQHandler
                0x08000bdc                TIM8_TRG_COM_TIM14_IRQHandler
                0x08000bdc                LPTIM2_IRQHandler
                0x08000bdc                DFSDM1_FLT1_IRQHandler
                0x08000bdc                DMAMUX2_OVR_IRQHandler
                0x08000bdc                TIM8_UP_TIM13_IRQHandler
                0x08000bdc                I2C3_ER_IRQHandler
                0x08000bdc                DFSDM1_FLT2_IRQHandler
                0x08000bdc                MDMA_IRQHandler
                0x08000bdc                LPTIM3_IRQHandler
                0x08000bdc                HSEM1_IRQHandler
                0x08000bdc                EXTI0_IRQHandler
                0x08000bdc                I2C2_EV_IRQHandler
                0x08000bdc                DMA1_Stream2_IRQHandler
                0x08000bdc                FPU_IRQHandler
                0x08000bdc                OTG_HS_WKUP_IRQHandler
                0x08000bdc                FDCAN1_IT1_IRQHandler
                0x08000bdc                LTDC_ER_IRQHandler
                0x08000bdc                DMA2_Stream2_IRQHandler
                0x08000bdc                HRTIM1_TIME_IRQHandler
                0x08000bdc                SPI1_IRQHandler
                0x08000bdc                TIM6_DAC_IRQHandler
                0x08000bdc                DCMI_IRQHandler
                0x08000bdc                HRTIM1_TIMC_IRQHandler
                0x08000bdc                DMA2_Stream3_IRQHandler
                0x08000bdc                SAI2_IRQHandler
                0x08000bdc                DFSDM1_FLT3_IRQHandler
                0x08000bdc                USART6_IRQHandler
                0x08000bdc                TIM17_IRQHandler
                0x08000bdc                USART3_IRQHandler
                0x08000bdc                BDMA_Channel7_IRQHandler
                0x08000bdc                CRYP_IRQHandler
                0x08000bdc                LPTIM5_IRQHandler
                0x08000bdc                UART5_IRQHandler
                0x08000bdc                ADC3_IRQHandler
                0x08000bdc                DMA2_Stream0_IRQHandler
                0x08000bdc                TIM4_IRQHandler
                0x08000bdc                BDMA_Channel2_IRQHandler
                0x08000bdc                QUADSPI_IRQHandler
                0x08000bdc                I2C1_EV_IRQHandler
                0x08000bdc                DMA1_Stream6_IRQHandler
                0x08000bdc                DMAMUX1_OVR_IRQHandler
                0x08000bdc                DMA1_Stream1_IRQHandler
                0x08000bdc                TIM16_IRQHandler
                0x08000bdc                UART4_IRQHandler
                0x08000bdc                BDMA_Channel5_IRQHandler
                0x08000bdc                TIM3_IRQHandler
                0x08000bdc                RCC_IRQHandler
                0x08000bdc                TIM8_BRK_TIM12_IRQHandler
                0x08000bdc                TIM1_TRG_COM_IRQHandler
                0x08000bdc                Default_Handler
                0x08000bdc                ECC_IRQHandler
                0x08000bdc                CEC_IRQHandler
                0x08000bdc                EXTI15_10_IRQHandler
                0x08000bdc                BDMA_Channel0_IRQHandler
                0x08000bdc                ADC_IRQHandler
                0x08000bdc                DMA1_Stream7_IRQHandler
                0x08000bdc                HRTIM1_TIMA_IRQHandler
                0x08000bdc                SPI5_IRQHandler
                0x08000bdc                TIM7_IRQHandler
                0x08000bdc                SDMMC1_IRQHandler
                0x08000bdc                TIM5_IRQHandler
                0x08000bdc                DMA2_Stream7_IRQHandler
                0x08000bdc                TIM15_IRQHandler
                0x08000bdc                PVD_AVD_IRQHandler
                0x08000bdc                I2C3_EV_IRQHandler
                0x08000bdc                EXTI9_5_IRQHandler
                0x08000bdc                RTC_WKUP_IRQHandler
                0x08000bdc                LTDC_IRQHandler
                0x08000bdc                SAI3_IRQHandler
                0x08000bdc                ETH_WKUP_IRQHandler
                0x08000bdc                SPDIF_RX_IRQHandler
                0x08000bdc                SPI2_IRQHandler
                0x08000bdc                OTG_HS_EP1_IN_IRQHandler
                0x08000bdc                DMA1_Stream0_IRQHandler
                0x08000bdc                CRS_IRQHandler
                0x08000bdc                EXTI4_IRQHandler
                0x08000bdc                HRTIM1_TIMB_IRQHandler
                0x08000bdc                FDCAN2_IT1_IRQHandler
                0x08000bdc                ETH_IRQHandler
                0x08000bdc                TIM1_UP_IRQHandler
                0x08000bdc                BDMA_Channel4_IRQHandler
                0x08000bdc                OTG_HS_EP1_OUT_IRQHandler
                0x08000bdc                WWDG_IRQHandler
                0x08000bdc                SPI6_IRQHandler
                0x08000bdc                MDIOS_IRQHandler
                0x08000bdc                I2C4_EV_IRQHandler
                0x08000bdc                FDCAN2_IT0_IRQHandler
                0x08000bdc                LPUART1_IRQHandler
                0x08000bdc                FDCAN1_IT0_IRQHandler
                0x08000bdc                TIM2_IRQHandler
                0x08000bdc                OTG_FS_WKUP_IRQHandler
                0x08000bdc                OTG_HS_IRQHandler
                0x08000bdc                DMA2D_IRQHandler
                0x08000bdc                TIM1_BRK_IRQHandler
                0x08000bdc                EXTI1_IRQHandler
                0x08000bdc                SDMMC2_IRQHandler
                0x08000bdc                OTG_FS_EP1_OUT_IRQHandler
                0x08000bdc                BDMA_Channel3_IRQHandler
                0x08000bdc                UART7_IRQHandler
                0x08000bdc                MDIOS_WKUP_IRQHandler
                0x08000bdc                USART2_IRQHandler
                0x08000bdc                DFSDM1_FLT0_IRQHandler
                0x08000bdc                SAI4_IRQHandler
                0x08000bdc                I2C2_ER_IRQHandler
                0x08000bdc                DMA2_Stream1_IRQHandler
                0x08000bdc                FLASH_IRQHandler
                0x08000bdc                DMA2_Stream4_IRQHandler
                0x08000bdc                USART1_IRQHandler
                0x08000bdc                OTG_FS_IRQHandler
                0x08000bdc                SPI3_IRQHandler
                0x08000bdc                WAKEUP_PIN_IRQHandler
                0x08000bdc                DMA1_Stream4_IRQHandler
                0x08000bdc                OTG_FS_EP1_IN_IRQHandler
                0x08000bdc                I2C1_ER_IRQHandler
                0x08000bdc                FMC_IRQHandler
                0x08000bdc                FDCAN_CAL_IRQHandler
                0x08000bdc                SWPMI1_IRQHandler
                0x08000bdc                COMP1_IRQHandler
                0x08000bdc                LPTIM1_IRQHandler
                0x08000bdc                I2C4_ER_IRQHandler
                0x08000bdc                DMA2_Stream6_IRQHandler
                0x08000bdc                SAI1_IRQHandler
                0x08000bdc                DMA1_Stream3_IRQHandler
 *fill*         0x08000bde        0x2 
 .text.HAL_InitTick
                0x08000be0       0x50 CMakeFiles/01-GPIO.elf.dir/Drivers/STM32H7xx_HAL_Driver/Src/stm32h7xx_hal.c.obj
                0x08000be0                HAL_InitTick
 .text.HAL_Init
                0x08000c30       0x5c CMakeFiles/01-GPIO.elf.dir/Drivers/STM32H7xx_HAL_Driver/Src/stm32h7xx_hal.c.obj
                0x08000c30                HAL_Init
 .text.HAL_IncTick
                0x08000c8c       0x18 CMakeFiles/01-GPIO.elf.dir/Drivers/STM32H7xx_HAL_Driver/Src/stm32h7xx_hal.c.obj
                0x08000c8c                HAL_IncTick
 .text.HAL_GetTick
                0x08000ca4        0xc CMakeFiles/01-GPIO.elf.dir/Drivers/STM32H7xx_HAL_Driver/Src/stm32h7xx_hal.c.obj
                0x08000ca4                HAL_GetTick
 .text.HAL_Delay
                0x08000cb0       0x28 CMakeFiles/01-GPIO.elf.dir/Drivers/STM32H7xx_HAL_Driver/Src/stm32h7xx_hal.c.obj
                0x08000cb0                HAL_Delay
 .text.HAL_GetREVID
                0x08000cd8        0xc CMakeFiles/01-GPIO.elf.dir/Drivers/STM32H7xx_HAL_Driver/Src/stm32h7xx_hal.c.obj
                0x08000cd8                HAL_GetREVID
 .text.HAL_NVIC_SetPriorityGrouping
                0x08000ce4       0x24 CMakeFiles/01-GPIO.elf.dir/Drivers/STM32H7xx_HAL_Driver/Src/stm32h7xx_hal_cortex.c.obj
                0x08000ce4                HAL_NVIC_SetPriorityGrouping
 .text.HAL_NVIC_SetPriority
                0x08000d08       0x6c CMakeFiles/01-GPIO.elf.dir/Drivers/STM32H7xx_HAL_Driver/Src/stm32h7xx_hal_cortex.c.obj
                0x08000d08                HAL_NVIC_SetPriority
 .text.HAL_SYSTICK_Config
                0x08000d74       0x28 CMakeFiles/01-GPIO.elf.dir/Drivers/STM32H7xx_HAL_Driver/Src/stm32h7xx_hal_cortex.c.obj
                0x08000d74                HAL_SYSTICK_Config
 .text.HAL_MPU_Disable
                0x08000d9c       0x1c CMakeFiles/01-GPIO.elf.dir/Drivers/STM32H7xx_HAL_Driver/Src/stm32h7xx_hal_cortex.c.obj
                0x08000d9c                HAL_MPU_Disable
 .text.HAL_MPU_Enable
                0x08000db8       0x20 CMakeFiles/01-GPIO.elf.dir/Drivers/STM32H7xx_HAL_Driver/Src/stm32h7xx_hal_cortex.c.obj
                0x08000db8                HAL_MPU_Enable
 .text.HAL_MPU_ConfigRegion
                0x08000dd8       0x60 CMakeFiles/01-GPIO.elf.dir/Drivers/STM32H7xx_HAL_Driver/Src/stm32h7xx_hal_cortex.c.obj
                0x08000dd8                HAL_MPU_ConfigRegion
 .text.HAL_GPIO_Init
                0x08000e38      0x228 CMakeFiles/01-GPIO.elf.dir/Drivers/STM32H7xx_HAL_Driver/Src/stm32h7xx_hal_gpio.c.obj
                0x08000e38                HAL_GPIO_Init
 .text.HAL_GPIO_WritePin
                0x08001060        0xc CMakeFiles/01-GPIO.elf.dir/Drivers/STM32H7xx_HAL_Driver/Src/stm32h7xx_hal_gpio.c.obj
                0x08001060                HAL_GPIO_WritePin
 .text.HAL_GPIO_TogglePin
                0x0800106c       0x12 CMakeFiles/01-GPIO.elf.dir/Drivers/STM32H7xx_HAL_Driver/Src/stm32h7xx_hal_gpio.c.obj
                0x0800106c                HAL_GPIO_TogglePin
 *fill*         0x0800107e        0x2 
 .text.HAL_PWREx_ConfigSupply
                0x08001080       0x54 CMakeFiles/01-GPIO.elf.dir/Drivers/STM32H7xx_HAL_Driver/Src/stm32h7xx_hal_pwr_ex.c.obj
                0x08001080                HAL_PWREx_ConfigSupply
 .text.HAL_RCC_OscConfig
                0x080010d4      0x674 CMakeFiles/01-GPIO.elf.dir/Drivers/STM32H7xx_HAL_Driver/Src/stm32h7xx_hal_rcc.c.obj
                0x080010d4                HAL_RCC_OscConfig
 .text.HAL_RCC_GetSysClockFreq
                0x08001748      0x218 CMakeFiles/01-GPIO.elf.dir/Drivers/STM32H7xx_HAL_Driver/Src/stm32h7xx_hal_rcc.c.obj
                0x08001748                HAL_RCC_GetSysClockFreq
 .text.HAL_RCC_ClockConfig
                0x08001960      0x294 CMakeFiles/01-GPIO.elf.dir/Drivers/STM32H7xx_HAL_Driver/Src/stm32h7xx_hal_rcc.c.obj
                0x08001960                HAL_RCC_ClockConfig
 .text.RCCEx_PLL2_Config
                0x08001bf4      0x10c CMakeFiles/01-GPIO.elf.dir/Drivers/STM32H7xx_HAL_Driver/Src/stm32h7xx_hal_rcc_ex.c.obj
 .text.RCCEx_PLL3_Config
                0x08001d00      0x10c CMakeFiles/01-GPIO.elf.dir/Drivers/STM32H7xx_HAL_Driver/Src/stm32h7xx_hal_rcc_ex.c.obj
 .text.HAL_RCCEx_PeriphCLKConfig
                0x08001e0c      0x9c4 CMakeFiles/01-GPIO.elf.dir/Drivers/STM32H7xx_HAL_Driver/Src/stm32h7xx_hal_rcc_ex.c.obj
                0x08001e0c                HAL_RCCEx_PeriphCLKConfig
 .text.HAL_RNG_Init
                0x080027d0       0x80 CMakeFiles/01-GPIO.elf.dir/Drivers/STM32H7xx_HAL_Driver/Src/stm32h7xx_hal_rng.c.obj
                0x080027d0                HAL_RNG_Init
 .text.__libc_init_array
                0x08002850       0x48 d:/gcc-arm-none-eabi/bin/../lib/gcc/arm-none-eabi/10.3.1/../../../../arm-none-eabi/lib/thumb/v7e-m/nofp\libg.a(lib_a-init.o)
                0x08002850                __libc_init_array
 .text.memset   0x08002898       0xa4 d:/gcc-arm-none-eabi/bin/../lib/gcc/arm-none-eabi/10.3.1/../../../../arm-none-eabi/lib/thumb/v7e-m/nofp\libg.a(lib_a-memset.o)
                0x08002898                memset
 .text.startup.register_fini
                0x0800293c       0x14 d:/gcc-arm-none-eabi/bin/../lib/gcc/arm-none-eabi/10.3.1/../../../../arm-none-eabi/lib/thumb/v7e-m/nofp\libg.a(lib_a-__call_atexit.o)
 .text.atexit   0x08002950        0xc d:/gcc-arm-none-eabi/bin/../lib/gcc/arm-none-eabi/10.3.1/../../../../arm-none-eabi/lib/thumb/v7e-m/nofp\libg.a(lib_a-atexit.o)
                0x08002950                atexit
 .text.__libc_fini_array
                0x0800295c       0x2c d:/gcc-arm-none-eabi/bin/../lib/gcc/arm-none-eabi/10.3.1/../../../../arm-none-eabi/lib/thumb/v7e-m/nofp\libg.a(lib_a-fini.o)
                0x0800295c                __libc_fini_array
 .text.__retarget_lock_acquire_recursive
                0x08002988        0x4 d:/gcc-arm-none-eabi/bin/../lib/gcc/arm-none-eabi/10.3.1/../../../../arm-none-eabi/lib/thumb/v7e-m/nofp\libg.a(lib_a-lock.o)
                0x08002988                __retarget_lock_acquire_recursive
 .text.__retarget_lock_release_recursive
                0x0800298c        0x4 d:/gcc-arm-none-eabi/bin/../lib/gcc/arm-none-eabi/10.3.1/../../../../arm-none-eabi/lib/thumb/v7e-m/nofp\libg.a(lib_a-lock.o)
                0x0800298c                __retarget_lock_release_recursive
 .text.__register_exitproc
                0x08002990       0x8c d:/gcc-arm-none-eabi/bin/../lib/gcc/arm-none-eabi/10.3.1/../../../../arm-none-eabi/lib/thumb/v7e-m/nofp\libg.a(lib_a-__atexit.o)
                0x08002990                __register_exitproc
 *(.glue_7)
 .glue_7        0x08002a1c        0x0 linker stubs
 *(.glue_7t)
 .glue_7t       0x08002a1c        0x0 linker stubs
 *(.eh_frame)
 .eh_frame      0x08002a1c        0x0 d:/gcc-arm-none-eabi/bin/../lib/gcc/arm-none-eabi/10.3.1/thumb/v7e-m/nofp/crtbegin.o
 *(.init)
 .init          0x08002a1c        0x4 d:/gcc-arm-none-eabi/bin/../lib/gcc/arm-none-eabi/10.3.1/thumb/v7e-m/nofp/crti.o
                0x08002a1c                _init
 .init          0x08002a20        0x8 d:/gcc-arm-none-eabi/bin/../lib/gcc/arm-none-eabi/10.3.1/thumb/v7e-m/nofp/crtn.o
 *(.fini)
 .fini          0x08002a28        0x4 d:/gcc-arm-none-eabi/bin/../lib/gcc/arm-none-eabi/10.3.1/thumb/v7e-m/nofp/crti.o
                0x08002a28                _fini
 .fini          0x08002a2c        0x8 d:/gcc-arm-none-eabi/bin/../lib/gcc/arm-none-eabi/10.3.1/thumb/v7e-m/nofp/crtn.o
                0x08002a34                . = ALIGN (0x4)
                0x08002a34                _etext = .

.vfp11_veneer   0x08002a34        0x0
 .vfp11_veneer  0x08002a34        0x0 linker stubs

.v4_bx          0x08002a34        0x0
 .v4_bx         0x08002a34        0x0 linker stubs

.iplt           0x08002a34        0x0
 .iplt          0x08002a34        0x0 d:/gcc-arm-none-eabi/bin/../lib/gcc/arm-none-eabi/10.3.1/thumb/v7e-m/nofp/crtbegin.o

.rodata         0x08002a34       0x14
                0x08002a34                . = ALIGN (0x4)
 *(.rodata)
 *(.rodata*)
 .rodata.D1CorePrescTable
                0x08002a34       0x10 CMakeFiles/01-GPIO.elf.dir/Core/Src/system_stm32h7xx.c.obj
                0x08002a34                D1CorePrescTable
 .rodata._global_impure_ptr
                0x08002a44        0x4 d:/gcc-arm-none-eabi/bin/../lib/gcc/arm-none-eabi/10.3.1/../../../../arm-none-eabi/lib/thumb/v7e-m/nofp\libg.a(lib_a-impure.o)
                0x08002a44                _global_impure_ptr
                0x08002a48                . = ALIGN (0x4)

.rel.dyn        0x08002a48        0x0
 .rel.iplt      0x08002a48        0x0 d:/gcc-arm-none-eabi/bin/../lib/gcc/arm-none-eabi/10.3.1/thumb/v7e-m/nofp/crtbegin.o

.ARM.extab
 *(.ARM.extab* .gnu.linkonce.armextab.*)

.ARM            0x08002a48        0x0
                0x08002a48                __exidx_start = .
 *(.ARM.exidx*)
                0x08002a48                __exidx_end = .

.preinit_array  0x08002a48        0x0
                0x08002a48                PROVIDE (__preinit_array_start = .)
 *(.preinit_array*)
                0x08002a48                PROVIDE (__preinit_array_end = .)

.init_array     0x08002a48        0x8
                0x08002a48                PROVIDE (__init_array_start = .)
 *(SORT_BY_NAME(.init_array.*))
 .init_array.00000
                0x08002a48        0x4 d:/gcc-arm-none-eabi/bin/../lib/gcc/arm-none-eabi/10.3.1/../../../../arm-none-eabi/lib/thumb/v7e-m/nofp\libg.a(lib_a-__call_atexit.o)
 *(.init_array*)
 .init_array    0x08002a4c        0x4 d:/gcc-arm-none-eabi/bin/../lib/gcc/arm-none-eabi/10.3.1/thumb/v7e-m/nofp/crtbegin.o
                0x08002a50                PROVIDE (__init_array_end = .)

.fini_array     0x08002a50        0x4
                0x08002a50                PROVIDE (__fini_array_start = .)
 *(SORT_BY_NAME(.fini_array.*))
 *(.fini_array*)
 .fini_array    0x08002a50        0x4 d:/gcc-arm-none-eabi/bin/../lib/gcc/arm-none-eabi/10.3.1/thumb/v7e-m/nofp/crtbegin.o
                0x08002a54                PROVIDE (__fini_array_end = .)
                0x08002a54                _sidata = LOADADDR (.data)

.data           0x24000000      0x43c load address 0x08002a54
                0x24000000                . = ALIGN (0x4)
                0x24000000                _sdata = .
 *(.data)
 *(.data*)
 .data.SystemCoreClock
                0x24000000        0x4 CMakeFiles/01-GPIO.elf.dir/Core/Src/system_stm32h7xx.c.obj
                0x24000000                SystemCoreClock
 .data.SystemD2Clock
                0x24000004        0x4 CMakeFiles/01-GPIO.elf.dir/Core/Src/system_stm32h7xx.c.obj
                0x24000004                SystemD2Clock
 .data.uwTickFreq
                0x24000008        0x1 CMakeFiles/01-GPIO.elf.dir/Drivers/STM32H7xx_HAL_Driver/Src/stm32h7xx_hal.c.obj
                0x24000008                uwTickFreq
 *fill*         0x24000009        0x3 
 .data.uwTickPrio
                0x2400000c        0x4 CMakeFiles/01-GPIO.elf.dir/Drivers/STM32H7xx_HAL_Driver/Src/stm32h7xx_hal.c.obj
                0x2400000c                uwTickPrio
 .data.impure_data
                0x24000010      0x428 d:/gcc-arm-none-eabi/bin/../lib/gcc/arm-none-eabi/10.3.1/../../../../arm-none-eabi/lib/thumb/v7e-m/nofp\libg.a(lib_a-impure.o)
 .data.__atexit_recursive_mutex
                0x24000438        0x4 d:/gcc-arm-none-eabi/bin/../lib/gcc/arm-none-eabi/10.3.1/../../../../arm-none-eabi/lib/thumb/v7e-m/nofp\libg.a(lib_a-__call_atexit.o)
                0x24000438                __atexit_recursive_mutex
 *(.RamFunc)
 *(.RamFunc*)
                0x2400043c                . = ALIGN (0x4)
                0x2400043c                _edata = .

.igot.plt       0x2400043c        0x0 load address 0x08002e90
 .igot.plt      0x2400043c        0x0 d:/gcc-arm-none-eabi/bin/../lib/gcc/arm-none-eabi/10.3.1/thumb/v7e-m/nofp/crtbegin.o
                0x2400043c                . = ALIGN (0x4)

.bss            0x2400043c       0x38 load address 0x08002e90
                0x2400043c                _sbss = .
                0x2400043c                __bss_start__ = _sbss
 *(.bss)
 .bss           0x2400043c       0x1c d:/gcc-arm-none-eabi/bin/../lib/gcc/arm-none-eabi/10.3.1/thumb/v7e-m/nofp/crtbegin.o
 *(.bss*)
 .bss.hrng      0x24000458       0x14 CMakeFiles/01-GPIO.elf.dir/Core/Src/rng.c.obj
                0x24000458                hrng
 .bss.uwTick    0x2400046c        0x4 CMakeFiles/01-GPIO.elf.dir/Drivers/STM32H7xx_HAL_Driver/Src/stm32h7xx_hal.c.obj
                0x2400046c                uwTick
 .bss.__lock___atexit_recursive_mutex
                0x24000470        0x1 d:/gcc-arm-none-eabi/bin/../lib/gcc/arm-none-eabi/10.3.1/../../../../arm-none-eabi/lib/thumb/v7e-m/nofp\libg.a(lib_a-lock.o)
                0x24000470                __lock___atexit_recursive_mutex
 *(COMMON)
                0x24000474                . = ALIGN (0x4)
 *fill*         0x24000471        0x3 
                0x24000474                _ebss = .
                0x24000474                __bss_end__ = _ebss

._user_heap_stack
                0x24000474      0x604 load address 0x08002e90
                0x24000478                . = ALIGN (0x8)
 *fill*         0x24000474        0x4 
                [!provide]                PROVIDE (end = .)
                0x24000478                PROVIDE (_end = .)
                0x24000678                . = (. + _Min_Heap_Size)
 *fill*         0x24000478      0x200 
                0x24000a78                . = (. + _Min_Stack_Size)
 *fill*         0x24000678      0x400 
                0x24000a78                . = ALIGN (0x8)

/DISCARD/
 libc.a(*)
 libm.a(*)
 libgcc.a(*)

.ARM.attributes
                0x00000000       0x2a
 *(.ARM.attributes)
 .ARM.attributes
                0x00000000       0x1e d:/gcc-arm-none-eabi/bin/../lib/gcc/arm-none-eabi/10.3.1/thumb/v7e-m/nofp/crti.o
 .ARM.attributes
                0x0000001e       0x2e d:/gcc-arm-none-eabi/bin/../lib/gcc/arm-none-eabi/10.3.1/thumb/v7e-m/nofp/crtbegin.o
 .ARM.attributes
                0x0000004c       0x2e CMakeFiles/01-GPIO.elf.dir/Core/Src/gpio.c.obj
 .ARM.attributes
                0x0000007a       0x2e CMakeFiles/01-GPIO.elf.dir/Core/Src/main.c.obj
 .ARM.attributes
                0x000000a8       0x2e CMakeFiles/01-GPIO.elf.dir/Core/Src/rng.c.obj
 .ARM.attributes
                0x000000d6       0x2e CMakeFiles/01-GPIO.elf.dir/Core/Src/stm32h7xx_hal_msp.c.obj
 .ARM.attributes
                0x00000104       0x2e CMakeFiles/01-GPIO.elf.dir/Core/Src/stm32h7xx_it.c.obj
 .ARM.attributes
                0x00000132       0x2e CMakeFiles/01-GPIO.elf.dir/Core/Src/system_stm32h7xx.c.obj
 .ARM.attributes
                0x00000160       0x21 CMakeFiles/01-GPIO.elf.dir/Core/Startup/startup_stm32h750vbtx.s.obj
 .ARM.attributes
                0x00000181       0x2e CMakeFiles/01-GPIO.elf.dir/Drivers/STM32H7xx_HAL_Driver/Src/stm32h7xx_hal.c.obj
 .ARM.attributes
                0x000001af       0x2e CMakeFiles/01-GPIO.elf.dir/Drivers/STM32H7xx_HAL_Driver/Src/stm32h7xx_hal_cortex.c.obj
 .ARM.attributes
                0x000001dd       0x2e CMakeFiles/01-GPIO.elf.dir/Drivers/STM32H7xx_HAL_Driver/Src/stm32h7xx_hal_gpio.c.obj
 .ARM.attributes
                0x0000020b       0x2e CMakeFiles/01-GPIO.elf.dir/Drivers/STM32H7xx_HAL_Driver/Src/stm32h7xx_hal_pwr_ex.c.obj
 .ARM.attributes
                0x00000239       0x2e CMakeFiles/01-GPIO.elf.dir/Drivers/STM32H7xx_HAL_Driver/Src/stm32h7xx_hal_rcc.c.obj
 .ARM.attributes
                0x00000267       0x2e CMakeFiles/01-GPIO.elf.dir/Drivers/STM32H7xx_HAL_Driver/Src/stm32h7xx_hal_rcc_ex.c.obj
 .ARM.attributes
                0x00000295       0x2e CMakeFiles/01-GPIO.elf.dir/Drivers/STM32H7xx_HAL_Driver/Src/stm32h7xx_hal_rng.c.obj
 .ARM.attributes
                0x000002c3       0x1e d:/gcc-arm-none-eabi/bin/../lib/gcc/arm-none-eabi/10.3.1/thumb/v7e-m/nofp\libgcc.a(_arm_addsubsf3.o)
 .ARM.attributes
                0x000002e1       0x1e d:/gcc-arm-none-eabi/bin/../lib/gcc/arm-none-eabi/10.3.1/thumb/v7e-m/nofp\libgcc.a(_arm_muldivsf3.o)
 .ARM.attributes
                0x000002ff       0x1e d:/gcc-arm-none-eabi/bin/../lib/gcc/arm-none-eabi/10.3.1/thumb/v7e-m/nofp\libgcc.a(_arm_fixunssfsi.o)
 .ARM.attributes
                0x0000031d       0x2e d:/gcc-arm-none-eabi/bin/../lib/gcc/arm-none-eabi/10.3.1/../../../../arm-none-eabi/lib/thumb/v7e-m/nofp\libg.a(lib_a-impure.o)
 .ARM.attributes
                0x0000034b       0x2e d:/gcc-arm-none-eabi/bin/../lib/gcc/arm-none-eabi/10.3.1/../../../../arm-none-eabi/lib/thumb/v7e-m/nofp\libg.a(lib_a-init.o)
 .ARM.attributes
                0x00000379       0x2e d:/gcc-arm-none-eabi/bin/../lib/gcc/arm-none-eabi/10.3.1/../../../../arm-none-eabi/lib/thumb/v7e-m/nofp\libg.a(lib_a-memset.o)
 .ARM.attributes
                0x000003a7       0x2e d:/gcc-arm-none-eabi/bin/../lib/gcc/arm-none-eabi/10.3.1/../../../../arm-none-eabi/lib/thumb/v7e-m/nofp\libg.a(lib_a-__call_atexit.o)
 .ARM.attributes
                0x000003d5       0x2e d:/gcc-arm-none-eabi/bin/../lib/gcc/arm-none-eabi/10.3.1/../../../../arm-none-eabi/lib/thumb/v7e-m/nofp\libg.a(lib_a-atexit.o)
 .ARM.attributes
                0x00000403       0x2e d:/gcc-arm-none-eabi/bin/../lib/gcc/arm-none-eabi/10.3.1/../../../../arm-none-eabi/lib/thumb/v7e-m/nofp\libg.a(lib_a-fini.o)
 .ARM.attributes
                0x00000431       0x2e d:/gcc-arm-none-eabi/bin/../lib/gcc/arm-none-eabi/10.3.1/../../../../arm-none-eabi/lib/thumb/v7e-m/nofp\libg.a(lib_a-lock.o)
 .ARM.attributes
                0x0000045f       0x2e d:/gcc-arm-none-eabi/bin/../lib/gcc/arm-none-eabi/10.3.1/../../../../arm-none-eabi/lib/thumb/v7e-m/nofp\libg.a(lib_a-__atexit.o)
 .ARM.attributes
                0x0000048d       0x1e d:/gcc-arm-none-eabi/bin/../lib/gcc/arm-none-eabi/10.3.1/thumb/v7e-m/nofp/crtn.o
OUTPUT(01-GPIO.elf elf32-littlearm)
LOAD linker stubs
LOAD d:/gcc-arm-none-eabi/bin/../lib/gcc/arm-none-eabi/10.3.1/../../../../arm-none-eabi/lib/thumb/v7e-m/nofp\libc.a
LOAD d:/gcc-arm-none-eabi/bin/../lib/gcc/arm-none-eabi/10.3.1/../../../../arm-none-eabi/lib/thumb/v7e-m/nofp\libm.a
LOAD d:/gcc-arm-none-eabi/bin/../lib/gcc/arm-none-eabi/10.3.1/thumb/v7e-m/nofp\libgcc.a

.debug_info     0x00000000     0xb2b4
 .debug_info    0x00000000      0x674 CMakeFiles/01-GPIO.elf.dir/Core/Src/gpio.c.obj
 .debug_info    0x00000674      0xe59 CMakeFiles/01-GPIO.elf.dir/Core/Src/main.c.obj
 .debug_info    0x000014cd      0x9d7 CMakeFiles/01-GPIO.elf.dir/Core/Src/rng.c.obj
 .debug_info    0x00001ea4      0x4a0 CMakeFiles/01-GPIO.elf.dir/Core/Src/stm32h7xx_hal_msp.c.obj
 .debug_info    0x00002344      0x145 CMakeFiles/01-GPIO.elf.dir/Core/Src/stm32h7xx_it.c.obj
 .debug_info    0x00002489      0xb91 CMakeFiles/01-GPIO.elf.dir/Core/Src/system_stm32h7xx.c.obj
 .debug_info    0x0000301a       0x22 CMakeFiles/01-GPIO.elf.dir/Core/Startup/startup_stm32h750vbtx.s.obj
 .debug_info    0x0000303c     0x16a6 CMakeFiles/01-GPIO.elf.dir/Drivers/STM32H7xx_HAL_Driver/Src/stm32h7xx_hal.c.obj
 .debug_info    0x000046e2     0x13f0 CMakeFiles/01-GPIO.elf.dir/Drivers/STM32H7xx_HAL_Driver/Src/stm32h7xx_hal_cortex.c.obj
 .debug_info    0x00005ad2      0xd66 CMakeFiles/01-GPIO.elf.dir/Drivers/STM32H7xx_HAL_Driver/Src/stm32h7xx_hal_gpio.c.obj
 .debug_info    0x00006838     0x122e CMakeFiles/01-GPIO.elf.dir/Drivers/STM32H7xx_HAL_Driver/Src/stm32h7xx_hal_pwr_ex.c.obj
 .debug_info    0x00007a66     0x13b3 CMakeFiles/01-GPIO.elf.dir/Drivers/STM32H7xx_HAL_Driver/Src/stm32h7xx_hal_rcc.c.obj
 .debug_info    0x00008e19     0x1f48 CMakeFiles/01-GPIO.elf.dir/Drivers/STM32H7xx_HAL_Driver/Src/stm32h7xx_hal_rcc_ex.c.obj
 .debug_info    0x0000ad61      0x553 CMakeFiles/01-GPIO.elf.dir/Drivers/STM32H7xx_HAL_Driver/Src/stm32h7xx_hal_rng.c.obj

.debug_abbrev   0x00000000     0x1a26
 .debug_abbrev  0x00000000      0x181 CMakeFiles/01-GPIO.elf.dir/Core/Src/gpio.c.obj
 .debug_abbrev  0x00000181      0x29e CMakeFiles/01-GPIO.elf.dir/Core/Src/main.c.obj
 .debug_abbrev  0x0000041f      0x1d1 CMakeFiles/01-GPIO.elf.dir/Core/Src/rng.c.obj
 .debug_abbrev  0x000005f0       0xd7 CMakeFiles/01-GPIO.elf.dir/Core/Src/stm32h7xx_hal_msp.c.obj
 .debug_abbrev  0x000006c7       0x7e CMakeFiles/01-GPIO.elf.dir/Core/Src/stm32h7xx_it.c.obj
 .debug_abbrev  0x00000745      0x151 CMakeFiles/01-GPIO.elf.dir/Core/Src/system_stm32h7xx.c.obj
 .debug_abbrev  0x00000896       0x12 CMakeFiles/01-GPIO.elf.dir/Core/Startup/startup_stm32h750vbtx.s.obj
 .debug_abbrev  0x000008a8      0x264 CMakeFiles/01-GPIO.elf.dir/Drivers/STM32H7xx_HAL_Driver/Src/stm32h7xx_hal.c.obj
 .debug_abbrev  0x00000b0c      0x37d CMakeFiles/01-GPIO.elf.dir/Drivers/STM32H7xx_HAL_Driver/Src/stm32h7xx_hal_cortex.c.obj
 .debug_abbrev  0x00000e89      0x239 CMakeFiles/01-GPIO.elf.dir/Drivers/STM32H7xx_HAL_Driver/Src/stm32h7xx_hal_gpio.c.obj
 .debug_abbrev  0x000010c2      0x29b CMakeFiles/01-GPIO.elf.dir/Drivers/STM32H7xx_HAL_Driver/Src/stm32h7xx_hal_pwr_ex.c.obj
 .debug_abbrev  0x0000135d      0x28c CMakeFiles/01-GPIO.elf.dir/Drivers/STM32H7xx_HAL_Driver/Src/stm32h7xx_hal_rcc.c.obj
 .debug_abbrev  0x000015e9      0x285 CMakeFiles/01-GPIO.elf.dir/Drivers/STM32H7xx_HAL_Driver/Src/stm32h7xx_hal_rcc_ex.c.obj
 .debug_abbrev  0x0000186e      0x1b8 CMakeFiles/01-GPIO.elf.dir/Drivers/STM32H7xx_HAL_Driver/Src/stm32h7xx_hal_rng.c.obj

.debug_aranges  0x00000000      0x750
 .debug_aranges
                0x00000000       0x20 CMakeFiles/01-GPIO.elf.dir/Core/Src/gpio.c.obj
 .debug_aranges
                0x00000020       0x40 CMakeFiles/01-GPIO.elf.dir/Core/Src/main.c.obj
 .debug_aranges
                0x00000060       0x30 CMakeFiles/01-GPIO.elf.dir/Core/Src/rng.c.obj
 .debug_aranges
                0x00000090       0x20 CMakeFiles/01-GPIO.elf.dir/Core/Src/stm32h7xx_hal_msp.c.obj
 .debug_aranges
                0x000000b0       0x60 CMakeFiles/01-GPIO.elf.dir/Core/Src/stm32h7xx_it.c.obj
 .debug_aranges
                0x00000110       0x28 CMakeFiles/01-GPIO.elf.dir/Core/Src/system_stm32h7xx.c.obj
 .debug_aranges
                0x00000138       0x28 CMakeFiles/01-GPIO.elf.dir/Core/Startup/startup_stm32h750vbtx.s.obj
 .debug_aranges
                0x00000160      0x198 CMakeFiles/01-GPIO.elf.dir/Drivers/STM32H7xx_HAL_Driver/Src/stm32h7xx_hal.c.obj
 .debug_aranges
                0x000002f8       0xb0 CMakeFiles/01-GPIO.elf.dir/Drivers/STM32H7xx_HAL_Driver/Src/stm32h7xx_hal_cortex.c.obj
 .debug_aranges
                0x000003a8       0x58 CMakeFiles/01-GPIO.elf.dir/Drivers/STM32H7xx_HAL_Driver/Src/stm32h7xx_hal_gpio.c.obj
 .debug_aranges
                0x00000400      0x158 CMakeFiles/01-GPIO.elf.dir/Drivers/STM32H7xx_HAL_Driver/Src/stm32h7xx_hal_pwr_ex.c.obj
 .debug_aranges
                0x00000558       0x88 CMakeFiles/01-GPIO.elf.dir/Drivers/STM32H7xx_HAL_Driver/Src/stm32h7xx_hal_rcc.c.obj
 .debug_aranges
                0x000005e0       0xf8 CMakeFiles/01-GPIO.elf.dir/Drivers/STM32H7xx_HAL_Driver/Src/stm32h7xx_hal_rcc_ex.c.obj
 .debug_aranges
                0x000006d8       0x78 CMakeFiles/01-GPIO.elf.dir/Drivers/STM32H7xx_HAL_Driver/Src/stm32h7xx_hal_rng.c.obj

.debug_ranges   0x00000000      0x7c0
 .debug_ranges  0x00000000       0x10 CMakeFiles/01-GPIO.elf.dir/Core/Src/gpio.c.obj
 .debug_ranges  0x00000010       0x48 CMakeFiles/01-GPIO.elf.dir/Core/Src/main.c.obj
 .debug_ranges  0x00000058       0x20 CMakeFiles/01-GPIO.elf.dir/Core/Src/rng.c.obj
 .debug_ranges  0x00000078       0x10 CMakeFiles/01-GPIO.elf.dir/Core/Src/stm32h7xx_hal_msp.c.obj
 .debug_ranges  0x00000088       0x50 CMakeFiles/01-GPIO.elf.dir/Core/Src/stm32h7xx_it.c.obj
 .debug_ranges  0x000000d8       0x18 CMakeFiles/01-GPIO.elf.dir/Core/Src/system_stm32h7xx.c.obj
 .debug_ranges  0x000000f0       0x20 CMakeFiles/01-GPIO.elf.dir/Core/Startup/startup_stm32h750vbtx.s.obj
 .debug_ranges  0x00000110      0x188 CMakeFiles/01-GPIO.elf.dir/Drivers/STM32H7xx_HAL_Driver/Src/stm32h7xx_hal.c.obj
 .debug_ranges  0x00000298      0x100 CMakeFiles/01-GPIO.elf.dir/Drivers/STM32H7xx_HAL_Driver/Src/stm32h7xx_hal_cortex.c.obj
 .debug_ranges  0x00000398       0x48 CMakeFiles/01-GPIO.elf.dir/Drivers/STM32H7xx_HAL_Driver/Src/stm32h7xx_hal_gpio.c.obj
 .debug_ranges  0x000003e0      0x1a8 CMakeFiles/01-GPIO.elf.dir/Drivers/STM32H7xx_HAL_Driver/Src/stm32h7xx_hal_pwr_ex.c.obj
 .debug_ranges  0x00000588       0xe8 CMakeFiles/01-GPIO.elf.dir/Drivers/STM32H7xx_HAL_Driver/Src/stm32h7xx_hal_rcc.c.obj
 .debug_ranges  0x00000670       0xe8 CMakeFiles/01-GPIO.elf.dir/Drivers/STM32H7xx_HAL_Driver/Src/stm32h7xx_hal_rcc_ex.c.obj
 .debug_ranges  0x00000758       0x68 CMakeFiles/01-GPIO.elf.dir/Drivers/STM32H7xx_HAL_Driver/Src/stm32h7xx_hal_rng.c.obj

.debug_line     0x00000000     0x6cf7
 .debug_line    0x00000000      0x210 CMakeFiles/01-GPIO.elf.dir/Core/Src/gpio.c.obj
 .debug_line    0x00000210      0x699 CMakeFiles/01-GPIO.elf.dir/Core/Src/main.c.obj
 .debug_line    0x000008a9      0x300 CMakeFiles/01-GPIO.elf.dir/Core/Src/rng.c.obj
 .debug_line    0x00000ba9      0x17d CMakeFiles/01-GPIO.elf.dir/Core/Src/stm32h7xx_hal_msp.c.obj
 .debug_line    0x00000d26      0x1c9 CMakeFiles/01-GPIO.elf.dir/Core/Src/stm32h7xx_it.c.obj
 .debug_line    0x00000eef      0x441 CMakeFiles/01-GPIO.elf.dir/Core/Src/system_stm32h7xx.c.obj
 .debug_line    0x00001330       0xb7 CMakeFiles/01-GPIO.elf.dir/Core/Startup/startup_stm32h750vbtx.s.obj
 .debug_line    0x000013e7      0x948 CMakeFiles/01-GPIO.elf.dir/Drivers/STM32H7xx_HAL_Driver/Src/stm32h7xx_hal.c.obj
 .debug_line    0x00001d2f      0x813 CMakeFiles/01-GPIO.elf.dir/Drivers/STM32H7xx_HAL_Driver/Src/stm32h7xx_hal_cortex.c.obj
 .debug_line    0x00002542      0x70d CMakeFiles/01-GPIO.elf.dir/Drivers/STM32H7xx_HAL_Driver/Src/stm32h7xx_hal_gpio.c.obj
 .debug_line    0x00002c4f      0xb08 CMakeFiles/01-GPIO.elf.dir/Drivers/STM32H7xx_HAL_Driver/Src/stm32h7xx_hal_pwr_ex.c.obj
 .debug_line    0x00003757     0x1232 CMakeFiles/01-GPIO.elf.dir/Drivers/STM32H7xx_HAL_Driver/Src/stm32h7xx_hal_rcc.c.obj
 .debug_line    0x00004989     0x1d8a CMakeFiles/01-GPIO.elf.dir/Drivers/STM32H7xx_HAL_Driver/Src/stm32h7xx_hal_rcc_ex.c.obj
 .debug_line    0x00006713      0x5e4 CMakeFiles/01-GPIO.elf.dir/Drivers/STM32H7xx_HAL_Driver/Src/stm32h7xx_hal_rng.c.obj

.debug_str      0x00000000     0x3626
 .debug_str     0x00000000      0x49a CMakeFiles/01-GPIO.elf.dir/Core/Src/gpio.c.obj
                                0x4fb (size before relaxing)
 .debug_str     0x0000049a      0x561 CMakeFiles/01-GPIO.elf.dir/Core/Src/main.c.obj
                                0x7f3 (size before relaxing)
 .debug_str     0x000009fb      0x4da CMakeFiles/01-GPIO.elf.dir/Core/Src/rng.c.obj
                                0x939 (size before relaxing)
 .debug_str     0x00000ed5       0x5b CMakeFiles/01-GPIO.elf.dir/Core/Src/stm32h7xx_hal_msp.c.obj
                                0x44a (size before relaxing)
 .debug_str     0x00000f30       0xe6 CMakeFiles/01-GPIO.elf.dir/Core/Src/stm32h7xx_it.c.obj
                                0x297 (size before relaxing)
 .debug_str     0x00001016      0x15d CMakeFiles/01-GPIO.elf.dir/Core/Src/system_stm32h7xx.c.obj
                                0x674 (size before relaxing)
 .debug_str     0x00001173       0x65 CMakeFiles/01-GPIO.elf.dir/Core/Startup/startup_stm32h750vbtx.s.obj
                                 0xaf (size before relaxing)
 .debug_str     0x000011d8      0xfa7 CMakeFiles/01-GPIO.elf.dir/Drivers/STM32H7xx_HAL_Driver/Src/stm32h7xx_hal.c.obj
                               0x1517 (size before relaxing)
 .debug_str     0x0000217f      0x3d5 CMakeFiles/01-GPIO.elf.dir/Drivers/STM32H7xx_HAL_Driver/Src/stm32h7xx_hal_cortex.c.obj
                               0x10af (size before relaxing)
 .debug_str     0x00002554      0x119 CMakeFiles/01-GPIO.elf.dir/Drivers/STM32H7xx_HAL_Driver/Src/stm32h7xx_hal_gpio.c.obj
                                0x72c (size before relaxing)
 .debug_str     0x0000266d      0x583 CMakeFiles/01-GPIO.elf.dir/Drivers/STM32H7xx_HAL_Driver/Src/stm32h7xx_hal_pwr_ex.c.obj
                                0xaa1 (size before relaxing)
 .debug_str     0x00002bf0      0x2e1 CMakeFiles/01-GPIO.elf.dir/Drivers/STM32H7xx_HAL_Driver/Src/stm32h7xx_hal_rcc.c.obj
                                0xab4 (size before relaxing)
 .debug_str     0x00002ed1      0x606 CMakeFiles/01-GPIO.elf.dir/Drivers/STM32H7xx_HAL_Driver/Src/stm32h7xx_hal_rcc_ex.c.obj
                                0xf96 (size before relaxing)
 .debug_str     0x000034d7      0x14f CMakeFiles/01-GPIO.elf.dir/Drivers/STM32H7xx_HAL_Driver/Src/stm32h7xx_hal_rng.c.obj
                                0x4b7 (size before relaxing)

.comment        0x00000000       0x49
 .comment       0x00000000       0x49 CMakeFiles/01-GPIO.elf.dir/Core/Src/gpio.c.obj
                                 0x4a (size before relaxing)
 .comment       0x00000049       0x4a CMakeFiles/01-GPIO.elf.dir/Core/Src/main.c.obj
 .comment       0x00000049       0x4a CMakeFiles/01-GPIO.elf.dir/Core/Src/rng.c.obj
 .comment       0x00000049       0x4a CMakeFiles/01-GPIO.elf.dir/Core/Src/stm32h7xx_hal_msp.c.obj
 .comment       0x00000049       0x4a CMakeFiles/01-GPIO.elf.dir/Core/Src/stm32h7xx_it.c.obj
 .comment       0x00000049       0x4a CMakeFiles/01-GPIO.elf.dir/Core/Src/system_stm32h7xx.c.obj
 .comment       0x00000049       0x4a CMakeFiles/01-GPIO.elf.dir/Drivers/STM32H7xx_HAL_Driver/Src/stm32h7xx_hal.c.obj
 .comment       0x00000049       0x4a CMakeFiles/01-GPIO.elf.dir/Drivers/STM32H7xx_HAL_Driver/Src/stm32h7xx_hal_cortex.c.obj
 .comment       0x00000049       0x4a CMakeFiles/01-GPIO.elf.dir/Drivers/STM32H7xx_HAL_Driver/Src/stm32h7xx_hal_gpio.c.obj
 .comment       0x00000049       0x4a CMakeFiles/01-GPIO.elf.dir/Drivers/STM32H7xx_HAL_Driver/Src/stm32h7xx_hal_pwr_ex.c.obj
 .comment       0x00000049       0x4a CMakeFiles/01-GPIO.elf.dir/Drivers/STM32H7xx_HAL_Driver/Src/stm32h7xx_hal_rcc.c.obj
 .comment       0x00000049       0x4a CMakeFiles/01-GPIO.elf.dir/Drivers/STM32H7xx_HAL_Driver/Src/stm32h7xx_hal_rcc_ex.c.obj
 .comment       0x00000049       0x4a CMakeFiles/01-GPIO.elf.dir/Drivers/STM32H7xx_HAL_Driver/Src/stm32h7xx_hal_rng.c.obj

.debug_frame    0x00000000     0x125c
 .debug_frame   0x00000000       0x30 CMakeFiles/01-GPIO.elf.dir/Core/Src/gpio.c.obj
 .debug_frame   0x00000030       0x9c CMakeFiles/01-GPIO.elf.dir/Core/Src/main.c.obj
 .debug_frame   0x000000cc       0x5c CMakeFiles/01-GPIO.elf.dir/Core/Src/rng.c.obj
 .debug_frame   0x00000128       0x28 CMakeFiles/01-GPIO.elf.dir/Core/Src/stm32h7xx_hal_msp.c.obj
 .debug_frame   0x00000150       0xa8 CMakeFiles/01-GPIO.elf.dir/Core/Src/stm32h7xx_it.c.obj
 .debug_frame   0x000001f8       0x40 CMakeFiles/01-GPIO.elf.dir/Core/Src/system_stm32h7xx.c.obj
 .debug_frame   0x00000238      0x360 CMakeFiles/01-GPIO.elf.dir/Drivers/STM32H7xx_HAL_Driver/Src/stm32h7xx_hal.c.obj
 .debug_frame   0x00000598      0x158 CMakeFiles/01-GPIO.elf.dir/Drivers/STM32H7xx_HAL_Driver/Src/stm32h7xx_hal_cortex.c.obj
 .debug_frame   0x000006f0       0xd0 CMakeFiles/01-GPIO.elf.dir/Drivers/STM32H7xx_HAL_Driver/Src/stm32h7xx_hal_gpio.c.obj
 .debug_frame   0x000007c0      0x2f4 CMakeFiles/01-GPIO.elf.dir/Drivers/STM32H7xx_HAL_Driver/Src/stm32h7xx_hal_pwr_ex.c.obj
 .debug_frame   0x00000ab4      0x188 CMakeFiles/01-GPIO.elf.dir/Drivers/STM32H7xx_HAL_Driver/Src/stm32h7xx_hal_rcc.c.obj
 .debug_frame   0x00000c3c      0x284 CMakeFiles/01-GPIO.elf.dir/Drivers/STM32H7xx_HAL_Driver/Src/stm32h7xx_hal_rcc_ex.c.obj
 .debug_frame   0x00000ec0      0x108 CMakeFiles/01-GPIO.elf.dir/Drivers/STM32H7xx_HAL_Driver/Src/stm32h7xx_hal_rng.c.obj
 .debug_frame   0x00000fc8       0x4c d:/gcc-arm-none-eabi/bin/../lib/gcc/arm-none-eabi/10.3.1/thumb/v7e-m/nofp\libgcc.a(_arm_addsubsf3.o)
 .debug_frame   0x00001014       0x38 d:/gcc-arm-none-eabi/bin/../lib/gcc/arm-none-eabi/10.3.1/thumb/v7e-m/nofp\libgcc.a(_arm_muldivsf3.o)
 .debug_frame   0x0000104c       0x24 d:/gcc-arm-none-eabi/bin/../lib/gcc/arm-none-eabi/10.3.1/thumb/v7e-m/nofp\libgcc.a(_arm_fixunssfsi.o)
 .debug_frame   0x00001070       0x2c d:/gcc-arm-none-eabi/bin/../lib/gcc/arm-none-eabi/10.3.1/../../../../arm-none-eabi/lib/thumb/v7e-m/nofp\libg.a(lib_a-init.o)
 .debug_frame   0x0000109c       0x2c d:/gcc-arm-none-eabi/bin/../lib/gcc/arm-none-eabi/10.3.1/../../../../arm-none-eabi/lib/thumb/v7e-m/nofp\libg.a(lib_a-memset.o)
 .debug_frame   0x000010c8       0x5c d:/gcc-arm-none-eabi/bin/../lib/gcc/arm-none-eabi/10.3.1/../../../../arm-none-eabi/lib/thumb/v7e-m/nofp\libg.a(lib_a-__call_atexit.o)
 .debug_frame   0x00001124       0x20 d:/gcc-arm-none-eabi/bin/../lib/gcc/arm-none-eabi/10.3.1/../../../../arm-none-eabi/lib/thumb/v7e-m/nofp\libg.a(lib_a-atexit.o)
 .debug_frame   0x00001144       0x34 d:/gcc-arm-none-eabi/bin/../lib/gcc/arm-none-eabi/10.3.1/../../../../arm-none-eabi/lib/thumb/v7e-m/nofp\libg.a(lib_a-fini.o)
 .debug_frame   0x00001178       0xb0 d:/gcc-arm-none-eabi/bin/../lib/gcc/arm-none-eabi/10.3.1/../../../../arm-none-eabi/lib/thumb/v7e-m/nofp\libg.a(lib_a-lock.o)
 .debug_frame   0x00001228       0x34 d:/gcc-arm-none-eabi/bin/../lib/gcc/arm-none-eabi/10.3.1/../../../../arm-none-eabi/lib/thumb/v7e-m/nofp\libg.a(lib_a-__atexit.o)

.debug_loc      0x00000000     0x3f07
 .debug_loc     0x00000000       0x82 CMakeFiles/01-GPIO.elf.dir/Core/Src/main.c.obj
 .debug_loc     0x00000082       0x22 CMakeFiles/01-GPIO.elf.dir/Core/Src/rng.c.obj
 .debug_loc     0x000000a4      0x1d0 CMakeFiles/01-GPIO.elf.dir/Core/Src/system_stm32h7xx.c.obj
 .debug_loc     0x00000274      0x3fa CMakeFiles/01-GPIO.elf.dir/Drivers/STM32H7xx_HAL_Driver/Src/stm32h7xx_hal.c.obj
 .debug_loc     0x0000066e      0x726 CMakeFiles/01-GPIO.elf.dir/Drivers/STM32H7xx_HAL_Driver/Src/stm32h7xx_hal_cortex.c.obj
 .debug_loc     0x00000d94      0x3c6 CMakeFiles/01-GPIO.elf.dir/Drivers/STM32H7xx_HAL_Driver/Src/stm32h7xx_hal_gpio.c.obj
 .debug_loc     0x0000115a      0x4df CMakeFiles/01-GPIO.elf.dir/Drivers/STM32H7xx_HAL_Driver/Src/stm32h7xx_hal_pwr_ex.c.obj
 .debug_loc     0x00001639      0x96f CMakeFiles/01-GPIO.elf.dir/Drivers/STM32H7xx_HAL_Driver/Src/stm32h7xx_hal_rcc.c.obj
 .debug_loc     0x00001fa8     0x1bfb CMakeFiles/01-GPIO.elf.dir/Drivers/STM32H7xx_HAL_Driver/Src/stm32h7xx_hal_rcc_ex.c.obj
 .debug_loc     0x00003ba3      0x364 CMakeFiles/01-GPIO.elf.dir/Drivers/STM32H7xx_HAL_Driver/Src/stm32h7xx_hal_rng.c.obj
