Component: ARM Compiler 5.06 update 6 (build 750) Tool: armlink [4d35ed]

==============================================================================

Section Cross References

    startup_stm32h750xx.o(STACK) refers (Special) to heapauxi.o(.text) for __use_two_region_memory
    startup_stm32h750xx.o(HEAP) refers (Special) to heapauxi.o(.text) for __use_two_region_memory
    startup_stm32h750xx.o(RESET) refers (Special) to heapauxi.o(.text) for __use_two_region_memory
    startup_stm32h750xx.o(RESET) refers to startup_stm32h750xx.o(STACK) for __initial_sp
    startup_stm32h750xx.o(RESET) refers to startup_stm32h750xx.o(.text) for Reset_Handler
    startup_stm32h750xx.o(RESET) refers to stm32h7xx_it.o(i.NMI_Handler) for NMI_Handler
    startup_stm32h750xx.o(RESET) refers to stm32h7xx_it.o(i.HardFault_Handler) for HardFault_Handler
    startup_stm32h750xx.o(RESET) refers to stm32h7xx_it.o(i.MemManage_Handler) for MemManage_Handler
    startup_stm32h750xx.o(RESET) refers to stm32h7xx_it.o(i.BusFault_Handler) for BusFault_Handler
    startup_stm32h750xx.o(RESET) refers to stm32h7xx_it.o(i.UsageFault_Handler) for UsageFault_Handler
    startup_stm32h750xx.o(RESET) refers to stm32h7xx_it.o(i.SVC_Handler) for SVC_Handler
    startup_stm32h750xx.o(RESET) refers to stm32h7xx_it.o(i.DebugMon_Handler) for DebugMon_Handler
    startup_stm32h750xx.o(RESET) refers to stm32h7xx_it.o(i.PendSV_Handler) for PendSV_Handler
    startup_stm32h750xx.o(RESET) refers to stm32h7xx_it.o(i.SysTick_Handler) for SysTick_Handler
    startup_stm32h750xx.o(.text) refers (Special) to heapauxi.o(.text) for __use_two_region_memory
    startup_stm32h750xx.o(.text) refers to system_stm32h7xx.o(i.SystemInit) for SystemInit
    startup_stm32h750xx.o(.text) refers to __main.o(!!!main) for __main
    startup_stm32h750xx.o(.text) refers to startup_stm32h750xx.o(HEAP) for Heap_Mem
    startup_stm32h750xx.o(.text) refers to startup_stm32h750xx.o(STACK) for Stack_Mem
    lcd.o(i.LCD_GetBrightness) refers to tim.o(.bss) for htim1
    lcd.o(i.LCD_Light) refers to lcd.o(i.LCD_GetBrightness) for LCD_GetBrightness
    lcd.o(i.LCD_Light) refers to stm32h7xx_hal.o(i.HAL_GetTick) for HAL_GetTick
    lcd.o(i.LCD_Light) refers to stm32h7xx_hal.o(i.HAL_Delay) for HAL_Delay
    lcd.o(i.LCD_Light) refers to tim.o(.bss) for htim1
    lcd.o(i.LCD_SetBrightness) refers to tim.o(.bss) for htim1
    lcd.o(i.LCD_ShowChar) refers to h1_alloc.o(.text) for malloc
    lcd.o(i.LCD_ShowChar) refers to st7735.o(i.ST7735_GetXSize) for ST7735_GetXSize
    lcd.o(i.LCD_ShowChar) refers to st7735.o(i.ST7735_GetYSize) for ST7735_GetYSize
    lcd.o(i.LCD_ShowChar) refers to h1_free.o(.text) for free
    lcd.o(i.LCD_ShowChar) refers to st7735.o(i.ST7735_FillRGBRect) for ST7735_FillRGBRect
    lcd.o(i.LCD_ShowChar) refers to lcd.o(.data) for .data
    lcd.o(i.LCD_ShowChar) refers to lcd.o(.bss) for .bss
    lcd.o(i.LCD_ShowChar) refers to lcd.o(.constdata) for .constdata
    lcd.o(i.LCD_ShowString) refers to lcd.o(i.LCD_ShowChar) for LCD_ShowChar
    lcd.o(i.LCD_Test) refers to _printf_pad.o(.text) for _printf_pre_padding
    lcd.o(i.LCD_Test) refers to _printf_percent.o(.ARM.Collect$$_printf_percent$$00000000) for _printf_percent
    lcd.o(i.LCD_Test) refers to _printf_d.o(.ARM.Collect$$_printf_percent$$00000009) for _printf_d
    lcd.o(i.LCD_Test) refers to _printf_dec.o(.text) for _printf_int_dec
    lcd.o(i.LCD_Test) refers to _printf_x.o(.ARM.Collect$$_printf_percent$$0000000C) for _printf_x
    lcd.o(i.LCD_Test) refers to _printf_hex_int.o(.text) for _printf_longlong_hex
    lcd.o(i.LCD_Test) refers to st7735.o(i.ST7735_RegisterBusIO) for ST7735_RegisterBusIO
    lcd.o(i.LCD_Test) refers to stm32h7xx_hal.o(i.HAL_GetTick) for HAL_GetTick
    lcd.o(i.LCD_Test) refers to stm32h7xx_hal.o(i.HAL_Delay) for HAL_Delay
    lcd.o(i.LCD_Test) refers to noretval__2sprintf.o(.text) for __2sprintf
    lcd.o(i.LCD_Test) refers to lcd.o(i.LCD_ShowString) for LCD_ShowString
    lcd.o(i.LCD_Test) refers to stm32h7xx_hal_gpio.o(i.HAL_GPIO_ReadPin) for HAL_GPIO_ReadPin
    lcd.o(i.LCD_Test) refers to lcd.o(i.LCD_Light) for LCD_Light
    lcd.o(i.LCD_Test) refers to stm32h7xx_hal.o(i.HAL_GetDEVID) for HAL_GetDEVID
    lcd.o(i.LCD_Test) refers to st7735.o(.bss) for ST7735Ctx
    lcd.o(i.LCD_Test) refers to lcd.o(.data) for .data
    lcd.o(i.LCD_Test) refers to lcd.o(.bss) for .bss
    lcd.o(i.LCD_Test) refers to st7735.o(.data) for ST7735_LCD_Driver
    lcd.o(i.LCD_Test) refers to tim.o(.bss) for htim1
    lcd.o(i.LCD_Test) refers to logo_160_80.o(.constdata) for WeActStudiologo_160_80
    lcd.o(i.lcd_gettick) refers to stm32h7xx_hal.o(i.HAL_GetTick) for HAL_GetTick
    lcd.o(i.lcd_init) refers to stm32h7xx_hal_tim_ex.o(i.HAL_TIMEx_PWMN_Start) for HAL_TIMEx_PWMN_Start
    lcd.o(i.lcd_init) refers to tim.o(.bss) for htim1
    lcd.o(i.lcd_readreg) refers to stm32h7xx_hal_gpio.o(i.HAL_GPIO_WritePin) for HAL_GPIO_WritePin
[...]
    .text                                    0x080006bc   Section       78  rt_memclr_w.o(.text)
    .text                                    0x0800070a   Section        0  heapauxi.o(.text)
    .text                                    0x08000710   Section        8  rt_heap_descriptor_intlibspace.o(.text)
    .text                                    0x08000718   Section        0  hguard.o(.text)
    .text                                    0x0800071c   Section        0  init_alloc.o(.text)
    .text                                    0x080007a6   Section        0  h1_init.o(.text)
    .text                                    0x080007b4   Section        0  _printf_intcommon.o(.text)
    .text                                    0x08000868   Section        0  _printf_char_common.o(.text)
    _printf_input_char                       0x08000869   Thumb Code    10  _printf_char_common.o(.text)
    .text                                    0x08000898   Section        0  _sputc.o(.text)
    .text                                    0x080008a4   Section        8  libspace.o(.text)
    .text                                    0x080008ac   Section        0  h1_extend.o(.text)
    .text                                    0x080008e0   Section        0  defsig_rtmem_outer.o(.text)
    .text                                    0x080008ee   Section        2  use_no_semi.o(.text)
    .text                                    0x080008f0   Section        0  indicate_semi.o(.text)
    .text                                    0x080008f0   Section       74  sys_stackheap_outer.o(.text)
    .text                                    0x0800093a   Section        0  exit.o(.text)
    .text                                    0x0800094c   Section        0  defsig_exit.o(.text)
    .text                                    0x08000958   Section        0  defsig_rtmem_inner.o(.text)
    .text                                    0x080009a8   Section        0  sys_exit.o(.text)
    .text                                    0x080009b4   Section        0  defsig_general.o(.text)
    .text                                    0x080009e6   Section        0  sys_wrch.o(.text)
    i.BusFault_Handler                       0x080009f4   Section        0  stm32h7xx_it.o(i.BusFault_Handler)
    i.CPU_CACHE_Enable                       0x080009f8   Section        0  main.o(i.CPU_CACHE_Enable)
    CPU_CACHE_Enable                         0x080009f9   Thumb Code   128  main.o(i.CPU_CACHE_Enable)
    i.DebugMon_Handler                       0x08000a80   Section        0  stm32h7xx_it.o(i.DebugMon_Handler)
    i.Error_Handler                          0x08000a82   Section        0  main.o(i.Error_Handler)
    i.HAL_Delay                              0x08000a8c   Section        0  stm32h7xx_hal.o(i.HAL_Delay)
    i.HAL_GPIO_Init                          0x08000ab0   Section        0  stm32h7xx_hal_gpio.o(i.HAL_GPIO_Init)
    i.HAL_GPIO_ReadPin                       0x08000ce0   Section        0  stm32h7xx_hal_gpio.o(i.HAL_GPIO_ReadPin)
    i.HAL_GPIO_WritePin                      0x08000cea   Section        0  stm32h7xx_hal_gpio.o(i.HAL_GPIO_WritePin)
    i.HAL_GetDEVID                           0x08000cf4   Section        0  stm32h7xx_hal.o(i.HAL_GetDEVID)
    i.HAL_GetREVID                           0x08000d04   Section        0  stm32h7xx_hal.o(i.HAL_GetREVID)
    i.HAL_GetTick                            0x08000d10   Section        0  stm32h7xx_hal.o(i.HAL_GetTick)
    i.HAL_IncTick                            0x08000d1c   Section        0  stm32h7xx_hal.o(i.HAL_IncTick)
    i.HAL_Init                               0x08000d2c   Section        0  stm32h7xx_hal.o(i.HAL_Init)
    i.HAL_InitTick                           0x08000d88   Section        0  stm32h7xx_hal.o(i.HAL_InitTick)
    i.HAL_MPU_ConfigRegion                   0x08000dc8   Section        0  stm32h7xx_hal_cortex.o(i.HAL_MPU_ConfigRegion)
    i.HAL_MPU_Disable                        0x08000e24   Section        0  stm32h7xx_hal_cortex.o(i.HAL_MPU_Disable)
    i.HAL_MPU_Enable                         0x08000e40   Section        0  stm32h7xx_hal_cortex.o(i.HAL_MPU_Enable)
    i.HAL_MspInit                            0x08000e64   Section        0  stm32h7xx_hal_msp.o(i.HAL_MspInit)
    i.HAL_NVIC_SetPriority                   0x08000e80   Section        0  stm32h7xx_hal_cortex.o(i.HAL_NVIC_SetPriority)
    i.HAL_NVIC_SetPriorityGrouping           0x08000ec0   Section        0  stm32h7xx_hal_cortex.o(i.HAL_NVIC_SetPriorityGrouping)
    i.HAL_PWREx_ConfigSupply                 0x08000ee4   Section        0  stm32h7xx_hal_pwr_ex.o(i.HAL_PWREx_ConfigSupply)
    i.HAL_PWR_EnableBkUpAccess               0x08000f38   Section        0  stm32h7xx_hal_pwr.o(i.HAL_PWR_EnableBkUpAccess)
    i.HAL_RCCEx_PeriphCLKConfig              0x08000f48   Section        0  stm32h7xx_hal_rcc_ex.o(i.HAL_RCCEx_PeriphCLKConfig)
    i.HAL_RCC_ClockConfig                    0x0800181c   Section        0  stm32h7xx_hal_rcc.o(i.HAL_RCC_ClockConfig)
    i.HAL_RCC_GetSysClockFreq                0x08001a78   Section        0  stm32h7xx_hal_rcc.o(i.HAL_RCC_GetSysClockFreq)
    i.HAL_RCC_OscConfig                      0x08001bb0   Section        0  stm32h7xx_hal_rcc.o(i.HAL_RCC_OscConfig)
    i.HAL_RTCEx_BKUPRead                     0x080020b8   Section        0  stm32h7xx_hal_rtc_ex.o(i.HAL_RTCEx_BKUPRead)
    i.HAL_RTCEx_BKUPWrite                    0x080020c2   Section        0  stm32h7xx_hal_rtc_ex.o(i.HAL_RTCEx_BKUPWrite)
    i.HAL_RTC_GetDate                        0x080020cc   Section        0  stm32h7xx_hal_rtc.o(i.HAL_RTC_GetDate)
    i.HAL_RTC_GetTime                        0x08002114   Section        0  stm32h7xx_hal_rtc.o(i.HAL_RTC_GetTime)
    i.HAL_RTC_Init                           0x0800216c   Section        0  stm32h7xx_hal_rtc.o(i.HAL_RTC_Init)
    i.HAL_RTC_MspInit                        0x08002200   Section        0  rtc.o(i.HAL_RTC_MspInit)
    i.HAL_RTC_SetDate                        0x08002240   Section        0  stm32h7xx_hal_rtc.o(i.HAL_RTC_SetDate)
    i.HAL_RTC_SetTime                        0x080022e0   Section        0  stm32h7xx_hal_rtc.o(i.HAL_RTC_SetTime)
    i.HAL_RTC_WaitForSynchro                 0x080023b0   Section        0  stm32h7xx_hal_rtc.o(i.HAL_RTC_WaitForSynchro)
    i.HAL_SPI_Init                           0x080023e8   Section        0  stm32h7xx_hal_spi.o(i.HAL_SPI_Init)
    i.HAL_SPI_MspInit                        0x08002538   Section        0  spi.o(i.HAL_SPI_MspInit)
    i.HAL_SPI_Receive                        0x080025bc   Section        0  stm32h7xx_hal_spi.o(i.HAL_SPI_Receive)
    i.HAL_SPI_Transmit                       0x080027e4   Section        0  stm32h7xx_hal_spi.o(i.HAL_SPI_Transmit)
    i.HAL_SPI_TransmitReceive                0x08002a10   Section        0  stm32h7xx_hal_spi.o(i.HAL_SPI_TransmitReceive)
    i.HAL_SYSTICK_Config                     0x08002d32   Section        0  stm32h7xx_hal_cortex.o(i.HAL_SYSTICK_Config)
    i.HAL_TIMEx_ConfigBreakDeadTime          0x08002d58   Section        0  stm32h7xx_hal_tim_ex.o(i.HAL_TIMEx_ConfigBreakDeadTime)
    i.HAL_TIMEx_MasterConfigSynchronization  0x08002df8   Section        0  stm32h7xx_hal_tim_ex.o(i.HAL_TIMEx_MasterConfigSynchronization)
    i.HAL_TIMEx_PWMN_Start                   0x08002e90   Section        0  stm32h7xx_hal_tim_ex.o(i.HAL_TIMEx_PWMN_Start)
    i.HAL_TIM_MspPostInit                    0x08002f54   Section        0  tim.o(i.HAL_TIM_MspPostInit)
    i.HAL_TIM_PWM_ConfigChannel              0x08002fa8   Section        0  stm32h7xx_hal_tim.o(i.HAL_TIM_PWM_ConfigChannel)
    i.HAL_TIM_PWM_Init                       0x080030c6   Section        0  stm32h7xx_hal_tim.o(i.HAL_TIM_PWM_Init)
    i.HAL_TIM_PWM_MspInit                    0x08003128   Section        0  tim.o(i.HAL_TIM_PWM_MspInit)
    i.HardFault_Handler                      0x08003150   Section        0  stm32h7xx_it.o(i.HardFault_Handler)
    i.LCD_GetBrightness                      0x08003154   Section        0  lcd.o(i.LCD_GetBrightness)
    i.LCD_Light                              0x08003160   Section        0  lcd.o(i.LCD_Light)
    i.LCD_ShowChar                           0x080031ec   Section        0  lcd.o(i.LCD_ShowChar)
    i.LCD_ShowString                         0x080033a0   Section        0  lcd.o(i.LCD_ShowString)
    i.LCD_Test                               0x080033f4   Section        0  lcd.o(i.LCD_Test)
    i.LED_Blink                              0x08003600   Section        0  main.o(i.LED_Blink)
    LED_Blink                                0x08003601   Thumb Code    44  main.o(i.LED_Blink)
    i.MPU_Config                             0x08003630   Section        0  main.o(i.MPU_Config)
    MPU_Config                               0x08003631   Thumb Code   118  main.o(i.MPU_Config)
    i.MX_GPIO_Init                           0x080036a8   Section        0  gpio.o(i.MX_GPIO_Init)
    i.MX_RTC_Init                            0x0800375c   Section        0  rtc.o(i.MX_RTC_Init)
    i.MX_SPI4_Init                           0x08003874   Section        0  spi.o(i.MX_SPI4_Init)
    i.MX_TIM1_Init                           0x080038d4   Section        0  tim.o(i.MX_TIM1_Init)
    i.MemManage_Handler                      0x08003984   Section        0  stm32h7xx_it.o(i.MemManage_Handler)
    i.NMI_Handler                            0x08003986   Section        0  stm32h7xx_it.o(i.NMI_Handler)
    i.PendSV_Handler                         0x08003988   Section        0  stm32h7xx_it.o(i.PendSV_Handler)
    i.RCCEx_PLL2_Config                      0x0800398c   Section        0  stm32h7xx_hal_rcc_ex.o(i.RCCEx_PLL2_Config)
    RCCEx_PLL2_Config                        0x0800398d   Thumb Code   284  stm32h7xx_hal_rcc_ex.o(i.RCCEx_PLL2_Config)
    i.RCCEx_PLL3_Config                      0x08003aac   Section        0  stm32h7xx_hal_rcc_ex.o(i.RCCEx_PLL3_Config)
    RCCEx_PLL3_Config                        0x08003aad   Thumb Code   284  stm32h7xx_hal_rcc_ex.o(i.RCCEx_PLL3_Config)
    i.RTC_Bcd2ToByte                         0x08003bcc   Section        0  stm32h7xx_hal_rtc.o(i.RTC_Bcd2ToByte)
    i.RTC_ByteToBcd2                         0x08003bde   Section        0  stm32h7xx_hal_rtc.o(i.RTC_ByteToBcd2)
    i.RTC_EnterInitMode                      0x08003bf8   Section        0  stm32h7xx_hal_rtc.o(i.RTC_EnterInitMode)
    i.RTC_ExitInitMode                       0x08003c3c   Section        0  stm32h7xx_hal_rtc.o(i.RTC_ExitInitMode)
    i.SPI_CloseTransfer                      0x08003c90   Section        0  stm32h7xx_hal_spi.o(i.SPI_CloseTransfer)
    SPI_CloseTransfer                        0x08003c91   Thumb Code   188  stm32h7xx_hal_spi.o(i.SPI_CloseTransfer)
    i.SPI_WaitOnFlagUntilTimeout             0x08003d4c   Section        0  stm32h7xx_hal_spi.o(i.SPI_WaitOnFlagUntilTimeout)
    SPI_WaitOnFlagUntilTimeout               0x08003d4d   Thumb Code    66  stm32h7xx_hal_spi.o(i.SPI_WaitOnFlagUntilTimeout)
    i.ST7735_DeInit                          0x08003d8e   Section        0  st7735.o(i.ST7735_DeInit)
    i.ST7735_DisplayOff                      0x08003d94   Section        0  st7735.o(i.ST7735_DisplayOff)
    i.ST7735_DisplayOn                       0x08003e14   Section        0  st7735.o(i.ST7735_DisplayOn)
    i.ST7735_DrawBitmap                      0x08003e94   Section        0  st7735.o(i.ST7735_DrawBitmap)
    i.ST7735_DrawHLine                       0x08003fcc   Section        0  st7735.o(i.ST7735_DrawHLine)
    i.ST7735_DrawVLine                       0x0800402c   Section        0  st7735.o(i.ST7735_DrawVLine)
    i.ST7735_FillRGBRect                     0x08004074   Section        0  st7735.o(i.ST7735_FillRGBRect)
    i.ST7735_FillRect                        0x080040f8   Section        0  st7735.o(i.ST7735_FillRect)
    i.ST7735_GetBrightness                   0x08004134   Section        0  st7735.o(i.ST7735_GetBrightness)
    i.ST7735_GetOrientation                  0x0800413c   Section        0  st7735.o(i.ST7735_GetOrientation)
    i.ST7735_GetPixel                        0x0800414c   Section        0  st7735.o(i.ST7735_GetPixel)
    i.ST7735_GetXSize                        0x080041a4   Section        0  st7735.o(i.ST7735_GetXSize)
    i.ST7735_GetYSize                        0x080041b4   Section        0  st7735.o(i.ST7735_GetYSize)
    i.ST7735_IO_Delay                        0x080041c4   Section        0  st7735.o(i.ST7735_IO_Delay)
    ST7735_IO_Delay                          0x080041c5   Thumb Code    26  st7735.o(i.ST7735_IO_Delay)
    i.ST7735_Init                            0x080041de   Section        0  st7735.o(i.ST7735_Init)
    i.ST7735_ReadID                          0x08004690   Section        0  st7735.o(i.ST7735_ReadID)
    i.ST7735_ReadRegWrap                     0x080046da   Section        0  st7735.o(i.ST7735_ReadRegWrap)
    ST7735_ReadRegWrap                       0x080046db   Thumb Code    14  st7735.o(i.ST7735_ReadRegWrap)
    i.ST7735_RecvDataWrap                    0x080046e8   Section        0  st7735.o(i.ST7735_RecvDataWrap)
    ST7735_RecvDataWrap                      0x080046e9   Thumb Code    14  st7735.o(i.ST7735_RecvDataWrap)
    i.ST7735_RegisterBusIO                   0x080046f8   Section        0  st7735.o(i.ST7735_RegisterBusIO)
    i.ST7735_SendDataWrap                    0x08004750   Section        0  st7735.o(i.ST7735_SendDataWrap)
    ST7735_SendDataWrap                      0x08004751   Thumb Code    14  st7735.o(i.ST7735_SendDataWrap)
    i.ST7735_SetBrightness                   0x0800475e   Section        0  st7735.o(i.ST7735_SetBrightness)
    i.ST7735_SetCursor                       0x08004764   Section        0  st7735.o(i.ST7735_SetCursor)
    i.ST7735_SetDisplayWindow                0x08004830   Section        0  st7735.o(i.ST7735_SetDisplayWindow)
    ST7735_SetDisplayWindow                  0x08004831   Thumb Code   276  st7735.o(i.ST7735_SetDisplayWindow)
    i.ST7735_SetOrientation                  0x08004948   Section        0  st7735.o(i.ST7735_SetOrientation)
    i.ST7735_SetPixel                        0x080049e8   Section        0  st7735.o(i.ST7735_SetPixel)
    i.ST7735_WriteRegWrap                    0x08004a30   Section        0  st7735.o(i.ST7735_WriteRegWrap)
    ST7735_WriteRegWrap                      0x08004a31   Thumb Code    20  st7735.o(i.ST7735_WriteRegWrap)
    i.SVC_Handler                            0x08004a44   Section        0  stm32h7xx_it.o(i.SVC_Handler)
    i.SysTick_Handler                        0x08004a46   Section        0  stm32h7xx_it.o(i.SysTick_Handler)
    i.SystemClock_Config                     0x08004a4c   Section        0  main.o(i.SystemClock_Config)
    i.SystemInit                             0x08004b00   Section        0  system_stm32h7xx.o(i.SystemInit)
    i.TIM_Base_SetConfig                     0x08004b9c   Section        0  stm32h7xx_hal_tim.o(i.TIM_Base_SetConfig)
    i.TIM_CCxNChannelCmd                     0x08004c60   Section        0  stm32h7xx_hal_tim_ex.o(i.TIM_CCxNChannelCmd)
    TIM_CCxNChannelCmd                       0x08004c61   Thumb Code    26  stm32h7xx_hal_tim_ex.o(i.TIM_CCxNChannelCmd)
    i.TIM_OC1_SetConfig                      0x08004c7c   Section        0  stm32h7xx_hal_tim.o(i.TIM_OC1_SetConfig)
    TIM_OC1_SetConfig                        0x08004c7d   Thumb Code   142  stm32h7xx_hal_tim.o(i.TIM_OC1_SetConfig)
    i.TIM_OC2_SetConfig                      0x08004d24   Section        0  stm32h7xx_hal_tim.o(i.TIM_OC2_SetConfig)
    i.TIM_OC3_SetConfig                      0x08004dbc   Section        0  stm32h7xx_hal_tim.o(i.TIM_OC3_SetConfig)
    TIM_OC3_SetConfig                        0x08004dbd   Thumb Code   118  stm32h7xx_hal_tim.o(i.TIM_OC3_SetConfig)
    i.TIM_OC4_SetConfig                      0x08004e48   Section        0  stm32h7xx_hal_tim.o(i.TIM_OC4_SetConfig)
    TIM_OC4_SetConfig                        0x08004e49   Thumb Code    88  stm32h7xx_hal_tim.o(i.TIM_OC4_SetConfig)
    i.TIM_OC5_SetConfig                      0x08004eb4   Section        0  stm32h7xx_hal_tim.o(i.TIM_OC5_SetConfig)
    TIM_OC5_SetConfig                        0x08004eb5   Thumb Code    88  stm32h7xx_hal_tim.o(i.TIM_OC5_SetConfig)
    i.TIM_OC6_SetConfig                      0x08004f20   Section        0  stm32h7xx_hal_tim.o(i.TIM_OC6_SetConfig)
    TIM_OC6_SetConfig                        0x08004f21   Thumb Code    88  stm32h7xx_hal_tim.o(i.TIM_OC6_SetConfig)
    i.UsageFault_Handler                     0x08004f8c   Section        0  stm32h7xx_it.o(i.UsageFault_Handler)
    i.__NVIC_SetPriority                     0x08004f8e   Section        0  stm32h7xx_hal_cortex.o(i.__NVIC_SetPriority)
    __NVIC_SetPriority                       0x08004f8f   Thumb Code    34  stm32h7xx_hal_cortex.o(i.__NVIC_SetPriority)
    i._is_digit                              0x08004fb0   Section        0  __printf_wp.o(i._is_digit)
    i.lcd_gettick                            0x08004fbe   Section        0  lcd.o(i.lcd_gettick)
    lcd_gettick                              0x08004fbf   Thumb Code     4  lcd.o(i.lcd_gettick)
    i.lcd_init                               0x08004fc4   Section        0  lcd.o(i.lcd_init)
    lcd_init                                 0x08004fc5   Thumb Code    16  lcd.o(i.lcd_init)
    i.lcd_readreg                            0x08004fd8   Section        0  lcd.o(i.lcd_readreg)
    lcd_readreg                              0x08004fd9   Thumb Code   100  lcd.o(i.lcd_readreg)
    i.lcd_recvdata                           0x08005044   Section        0  lcd.o(i.lcd_recvdata)
    lcd_recvdata                             0x08005045   Thumb Code    66  lcd.o(i.lcd_recvdata)
    i.lcd_senddata                           0x08005090   Section        0  lcd.o(i.lcd_senddata)
    lcd_senddata                             0x08005091   Thumb Code    64  lcd.o(i.lcd_senddata)
    i.lcd_writereg                           0x080050d8   Section        0  lcd.o(i.lcd_writereg)
    lcd_writereg                             0x080050d9   Thumb Code   106  lcd.o(i.lcd_writereg)
    i.main                                   0x0800514c   Section        0  main.o(i.main)
    i.st7735_read_reg                        0x08005214   Section        0  st7735_reg.o(i.st7735_read_reg)
    i.st7735_recv_data                       0x08005222   Section        0  st7735_reg.o(i.st7735_recv_data)
    i.st7735_send_data                       0x08005230   Section        0  st7735_reg.o(i.st7735_send_data)
    i.st7735_write_reg                       0x0800523e   Section        0  st7735_reg.o(i.st7735_write_reg)
    x$fpl$fpinit                             0x0800524c   Section       10  fpinit.o(x$fpl$fpinit)
    $v0                                      0x0800524c   Number         0  fpinit.o(x$fpl$fpinit)
    .constdata                               0x08005256   Section     2660  lcd.o(.constdata)
    .constdata                               0x08005cba   Section    25673  logo_160_80.o(.constdata)
    .constdata                               0x0800c103   Section       16  system_stm32h7xx.o(.constdata)
    .constdata                               0x0800c113   Section       40  _printf_hex_int.o(.constdata)
    uc_hextab                                0x0800c113   Data          20  _printf_hex_int.o(.constdata)
    lc_hextab                                0x0800c127   Data          20  _printf_hex_int.o(.constdata)
    .constdata                               0x0800c13b   Section       17  __printf_flags_wp.o(.constdata)
    maptable                                 0x0800c13b   Data          17  __printf_flags_wp.o(.constdata)
    .data                                    0x24000000   Section       40  lcd.o(.data)
    .data                                    0x24000028   Section       76  st7735.o(.data)
    .data                                    0x24000074   Section       32  st7735.o(.data)
    OrientationTab                           0x24000074   Data          32  st7735.o(.data)
    .data                                    0x24000094   Section       12  stm32h7xx_hal.o(.data)
    .data                                    0x240000a0   Section        8  system_stm32h7xx.o(.data)
    .bss                                     0x240000a8   Section       56  lcd.o(.bss)
    .bss                                     0x240000e0   Section     1296  st7735.o(.bss)
    pdata                                    0x240000e0   Data         640  st7735.o(.bss)
    pdata                                    0x24000360   Data         640  st7735.o(.bss)
    .bss                                     0x240005f0   Section       36  rtc.o(.bss)
    .bss                                     0x24000614   Section      136  spi.o(.bss)
    .bss                                     0x2400069c   Section       76  tim.o(.bss)
    .bss                                     0x240006e8   Section       96  libspace.o(.bss)
    HEAP                                     0x24000748   Section      512  startup_stm32h750xx.o(HEAP)
    Heap_Mem                                 0x24000748   Data         512  startup_stm32h750xx.o(HEAP)
    STACK                                    0x24000948   Section     1024  startup_stm32h750xx.o(STACK)
    Stack_Mem                                0x24000948   Data        1024  startup_stm32h750xx.o(STACK)
    __initial_sp                             0x24000d48   Data           0  startup_stm32h750xx.o(STACK)

    Global Symbols

    Symbol Name                              Value     Ov Type        Size  Object(Section)

    BuildAttributes$$THM_ISAv4$E$P$D$K$B$S$7EM$VFPv5_D16$PE$PLD8$A:L22UL41UL21$X:L11$S22US41US21$IEEE1$IW$USESV6$~STKCKD$USESV7$~SHL$OTIME$ROPI$EBA8$UX$STANDARDLIB$REQ8$PRES8$EABIv2 0x00000000   Number         0  anon$$obj.o ABSOLUTE
    __ARM_use_no_argv                        0x00000000   Number         0  main.o ABSOLUTE
    _printf_flags                            0x00000000   Number         0  printf_stubs.o ABSOLUTE
    _printf_return_value                     0x00000000   Number         0  printf_stubs.o ABSOLUTE
    _printf_sizespec                         0x00000000   Number         0  printf_stubs.o ABSOLUTE
    _printf_widthprec                        0x00000000   Number         0  printf_stubs.o ABSOLUTE
    __ARM_exceptions_init                     - Undefined Weak Reference
    __alloca_initialize                       - Undefined Weak Reference
    __arm_preinit_                            - Undefined Weak Reference
    __cpp_initialize__aeabi_                  - Undefined Weak Reference
    __cxa_finalize                            - Undefined Weak Reference
    __rt_locale                               - Undefined Weak Reference
    __sigvec_lookup                           - Undefined Weak Reference
    __user_heap_extent                        - Undefined Weak Reference
    _atexit_init                              - Undefined Weak Reference
    _call_atexit_fns                          - Undefined Weak Reference
    _clock_init                               - Undefined Weak Reference
    _fp_trap_init                             - Undefined Weak Reference
    _fp_trap_shutdown                         - Undefined Weak Reference
    _get_lc_collate                           - Undefined Weak Reference
    _get_lc_ctype                             - Undefined Weak Reference
    _get_lc_monetary                          - Undefined Weak Reference
    _get_lc_numeric                           - Undefined Weak Reference
    _get_lc_time                              - Undefined Weak Reference
    _getenv_init                              - Undefined Weak Reference
    _handle_redirection                       - Undefined Weak Reference
    _initio                                   - Undefined Weak Reference
    _mutex_acquire                            - Undefined Weak Reference
    _mutex_free                               - Undefined Weak Reference
    _mutex_release                            - Undefined Weak Reference
    _printf_truncate_signed                   - Undefined Weak Reference
    _printf_truncate_unsigned                 - Undefined Weak Reference
    _rand_init                                - Undefined Weak Reference
    _signal_finish                            - Undefined Weak Reference
    _signal_init                              - Undefined Weak Reference
    _terminateio                              - Undefined Weak Reference
    __Vectors_Size                           0x00000298   Number         0  startup_stm32h750xx.o ABSOLUTE
    __Vectors                                0x08000000   Data           4  startup_stm32h750xx.o(RESET)
    __Vectors_End                            0x08000298   Data           0  startup_stm32h750xx.o(RESET)
    __main                                   0x08000299   Thumb Code     8  __main.o(!!!main)
    __scatterload                            0x080002a1   Thumb Code     0  __scatter.o(!!!scatter)
    __scatterload_rt2                        0x080002a1   Thumb Code    44  __scatter.o(!!!scatter)
    __scatterload_rt2_thumb_only             0x080002a1   Thumb Code     0  __scatter.o(!!!scatter)
    __scatterload_null                       0x080002af   Thumb Code     0  __scatter.o(!!!scatter)
    __scatterload_copy                       0x080002d5   Thumb Code    26  __scatter_copy.o(!!handler_copy)
    __scatterload_zeroinit                   0x080002f1   Thumb Code    28  __scatter_zi.o(!!handler_zi)
    _printf_d                                0x0800030d   Thumb Code     0  _printf_d.o(.ARM.Collect$$_printf_percent$$00000009)
    _printf_percent                          0x0800030d   Thumb Code     0  _printf_percent.o(.ARM.Collect$$_printf_percent$$00000000)
    _printf_x                                0x08000313   Thumb Code     0  _printf_x.o(.ARM.Collect$$_printf_percent$$0000000C)
    _printf_percent_end                      0x08000319   Thumb Code     0  _printf_percent_end.o(.ARM.Collect$$_printf_percent$$00000017)
    __rt_lib_init                            0x0800031d   Thumb Code     0  libinit.o(.ARM.Collect$$libinit$$00000000)
    __rt_lib_init_fp_1                       0x0800031f   Thumb Code     0  libinit2.o(.ARM.Collect$$libinit$$00000001)
    __rt_lib_init_heap_2                     0x08000323   Thumb Code     0  libinit2.o(.ARM.Collect$$libinit$$00000005)
    __rt_lib_init_preinit_1                  0x08000323   Thumb Code     0  libinit2.o(.ARM.Collect$$libinit$$00000004)
    __rt_lib_init_alloca_1                   0x0800032b   Thumb Code     0  libinit2.o(.ARM.Collect$$libinit$$0000002E)
    __rt_lib_init_argv_1                     0x0800032b   Thumb Code     0  libinit2.o(.ARM.Collect$$libinit$$0000002C)
    __rt_lib_init_atexit_1                   0x0800032b   Thumb Code     0  libinit2.o(.ARM.Collect$$libinit$$0000001B)
    __rt_lib_init_clock_1                    0x0800032b   Thumb Code     0  libinit2.o(.ARM.Collect$$libinit$$00000021)
    __rt_lib_init_cpp_1                      0x0800032b   Thumb Code     0  libinit2.o(.ARM.Collect$$libinit$$00000032)
    __rt_lib_init_exceptions_1               0x0800032b   Thumb Code     0  libinit2.o(.ARM.Collect$$libinit$$00000030)
    __rt_lib_init_fp_trap_1                  0x0800032b   Thumb Code     0  libinit2.o(.ARM.Collect$$libinit$$0000001F)
    __rt_lib_init_getenv_1                   0x0800032b   Thumb Code     0  libinit2.o(.ARM.Collect$$libinit$$00000023)
    __rt_lib_init_heap_1                     0x0800032b   Thumb Code     0  libinit2.o(.ARM.Collect$$libinit$$0000000A)
    __rt_lib_init_lc_collate_1               0x0800032b   Thumb Code     0  libinit2.o(.ARM.Collect$$libinit$$00000011)
    __rt_lib_init_lc_ctype_1                 0x0800032b   Thumb Code     0  libinit2.o(.ARM.Collect$$libinit$$00000013)
    __rt_lib_init_lc_monetary_1              0x0800032b   Thumb Code     0  libinit2.o(.ARM.Collect$$libinit$$00000015)
    __rt_lib_init_lc_numeric_1               0x0800032b   Thumb Code     0  libinit2.o(.ARM.Collect$$libinit$$00000017)
    __rt_lib_init_lc_time_1                  0x0800032b   Thumb Code     0  libinit2.o(.ARM.Collect$$libinit$$00000019)
    __rt_lib_init_rand_1                     0x0800032b   Thumb Code     0  libinit2.o(.ARM.Collect$$libinit$$0000000E)
    __rt_lib_init_return                     0x0800032b   Thumb Code     0  libinit2.o(.ARM.Collect$$libinit$$00000033)
    __rt_lib_init_signal_1                   0x0800032b   Thumb Code     0  libinit2.o(.ARM.Collect$$libinit$$0000001D)
    __rt_lib_init_stdio_1                    0x0800032b   Thumb Code     0  libinit2.o(.ARM.Collect$$libinit$$00000025)
    __rt_lib_init_user_alloc_1               0x0800032b   Thumb Code     0  libinit2.o(.ARM.Collect$$libinit$$0000000C)
    __rt_lib_shutdown                        0x0800032d   Thumb Code     0  libshutdown.o(.ARM.Collect$$libshutdown$$00000000)
    __rt_lib_shutdown_cpp_1                  0x0800032f   Thumb Code     0  libshutdown2.o(.ARM.Collect$$libshutdown$$00000002)
    __rt_lib_shutdown_fp_trap_1              0x0800032f   Thumb Code     0  libshutdown2.o(.ARM.Collect$$libshutdown$$00000007)
    __rt_lib_shutdown_heap_1                 0x0800032f   Thumb Code     0  libshutdown2.o(.ARM.Collect$$libshutdown$$0000000F)
    __rt_lib_shutdown_return                 0x0800032f   Thumb Code     0  libshutdown2.o(.ARM.Collect$$libshutdown$$00000010)
    __rt_lib_shutdown_signal_1               0x0800032f   Thumb Code     0  libshutdown2.o(.ARM.Collect$$libshutdown$$0000000A)
    __rt_lib_shutdown_stdio_1                0x0800032f   Thumb Code     0  libshutdown2.o(.ARM.Collect$$libshutdown$$00000004)
    __rt_lib_shutdown_user_alloc_1           0x0800032f   Thumb Code     0  libshutdown2.o(.ARM.Collect$$libshutdown$$0000000C)
    __rt_entry                               0x08000331   Thumb Code     0  __rtentry.o(.ARM.Collect$$rtentry$$00000000)
    __rt_entry_presh_1                       0x08000331   Thumb Code     0  __rtentry2.o(.ARM.Collect$$rtentry$$00000002)
    __rt_entry_sh                            0x08000331   Thumb Code     0  __rtentry4.o(.ARM.Collect$$rtentry$$00000004)
    __rt_entry_li                            0x08000337   Thumb Code     0  __rtentry2.o(.ARM.Collect$$rtentry$$0000000A)
    __rt_entry_postsh_1                      0x08000337   Thumb Code     0  __rtentry2.o(.ARM.Collect$$rtentry$$00000009)
    __rt_entry_main                          0x0800033b   Thumb Code     0  __rtentry2.o(.ARM.Collect$$rtentry$$0000000D)
    __rt_entry_postli_1                      0x0800033b   Thumb Code     0  __rtentry2.o(.ARM.Collect$$rtentry$$0000000C)
    __rt_exit                                0x08000343   Thumb Code     0  rtexit.o(.ARM.Collect$$rtexit$$00000000)
    __rt_exit_ls                             0x08000345   Thumb Code     0  rtexit2.o(.ARM.Collect$$rtexit$$00000003)
    __rt_exit_prels_1                        0x08000345   Thumb Code     0  rtexit2.o(.ARM.Collect$$rtexit$$00000002)
    __rt_exit_exit                           0x08000349   Thumb Code     0  rtexit2.o(.ARM.Collect$$rtexit$$00000004)
    Reset_Handler                            0x08000351   Thumb Code     8  startup_stm32h750xx.o(.text)
    _maybe_terminate_alloc                   0x08000351   Thumb Code     0  maybetermalloc1.o(.emb_text)
    ADC3_IRQHandler                          0x0800036b   Thumb Code     0  startup_stm32h750xx.o(.text)
    ADC_IRQHandler                           0x0800036b   Thumb Code     0  startup_stm32h750xx.o(.text)
    BDMA_Channel0_IRQHandler                 0x0800036b   Thumb Code     0  startup_stm32h750xx.o(.text)
    BDMA_Channel1_IRQHandler                 0x0800036b   Thumb Code     0  startup_stm32h750xx.o(.text)
    BDMA_Channel2_IRQHandler                 0x0800036b   Thumb Code     0  startup_stm32h750xx.o(.text)
    BDMA_Channel3_IRQHandler                 0x0800036b   Thumb Code     0  startup_stm32h750xx.o(.text)
    BDMA_Channel4_IRQHandler                 0x0800036b   Thumb Code     0  startup_stm32h750xx.o(.text)
    BDMA_Channel5_IRQHandler                 0x0800036b   Thumb Code     0  startup_stm32h750xx.o(.text)
    BDMA_Channel6_IRQHandler                 0x0800036b   Thumb Code     0  startup_stm32h750xx.o(.text)
    BDMA_Channel7_IRQHandler                 0x0800036b   Thumb Code     0  startup_stm32h750xx.o(.text)
    CEC_IRQHandler                           0x0800036b   Thumb Code     0  startup_stm32h750xx.o(.text)
    COMP1_IRQHandler                         0x0800036b   Thumb Code     0  startup_stm32h750xx.o(.text)
    CRS_IRQHandler                           0x0800036b   Thumb Code     0  startup_stm32h750xx.o(.text)
    CRYP_IRQHandler                          0x0800036b   Thumb Code     0  startup_stm32h750xx.o(.text)
    DCMI_IRQHandler                          0x0800036b   Thumb Code     0  startup_stm32h750xx.o(.text)
    DFSDM1_FLT0_IRQHandler                   0x0800036b   Thumb Code     0  startup_stm32h750xx.o(.text)
    DFSDM1_FLT1_IRQHandler                   0x0800036b   Thumb Code     0  startup_stm32h750xx.o(.text)
    DFSDM1_FLT2_IRQHandler                   0x0800036b   Thumb Code     0  startup_stm32h750xx.o(.text)
    DFSDM1_FLT3_IRQHandler                   0x0800036b   Thumb Code     0  startup_stm32h750xx.o(.text)
    DMA1_Stream0_IRQHandler                  0x0800036b   Thumb Code     0  startup_stm32h750xx.o(.text)
    DMA1_Stream1_IRQHandler                  0x0800036b   Thumb Code     0  startup_stm32h750xx.o(.text)
    DMA1_Stream2_IRQHandler                  0x0800036b   Thumb Code     0  startup_stm32h750xx.o(.text)
    DMA1_Stream3_IRQHandler                  0x0800036b   Thumb Code     0  startup_stm32h750xx.o(.text)
    DMA1_Stream4_IRQHandler                  0x0800036b   Thumb Code     0  startup_stm32h750xx.o(.text)
    DMA1_Stream5_IRQHandler                  0x0800036b   Thumb Code     0  startup_stm32h750xx.o(.text)
    DMA1_Stream6_IRQHandler                  0x0800036b   Thumb Code     0  startup_stm32h750xx.o(.text)
    DMA1_Stream7_IRQHandler                  0x0800036b   Thumb Code     0  startup_stm32h750xx.o(.text)
    DMA2D_IRQHandler                         0x0800036b   Thumb Code     0  startup_stm32h750xx.o(.text)
    DMA2_Stream0_IRQHandler                  0x0800036b   Thumb Code     0  startup_stm32h750xx.o(.text)
    DMA2_Stream1_IRQHandler                  0x0800036b   Thumb Code     0  startup_stm32h750xx.o(.text)
    DMA2_Stream2_IRQHandler                  0x0800036b   Thumb Code     0  startup_stm32h750xx.o(.text)
    DMA2_Stream3_IRQHandler                  0x0800036b   Thumb Code     0  startup_stm32h750xx.o(.text)
    DMA2_Stream4_IRQHandler                  0x0800036b   Thumb Code     0  startup_stm32h750xx.o(.text)
    DMA2_Stream5_IRQHandler                  0x0800036b   Thumb Code     0  startup_stm32h750xx.o(.text)
    DMA2_Stream6_IRQHandler                  0x0800036b   Thumb Code     0  startup_stm32h750xx.o(.text)
    DMA2_Stream7_IRQHandler                  0x0800036b   Thumb Code     0  startup_stm32h750xx.o(.text)
    DMAMUX1_OVR_IRQHandler                   0x0800036b   Thumb Code     0  startup_stm32h750xx.o(.text)
    DMAMUX2_OVR_IRQHandler                   0x0800036b   Thumb Code     0  startup_stm32h750xx.o(.text)
    ECC_IRQHandler                           0x0800036b   Thumb Code     0  startup_stm32h750xx.o(.text)
    ETH_IRQHandler                           0x0800036b   Thumb Code     0  startup_stm32h750xx.o(.text)
    ETH_WKUP_IRQHandler                      0x0800036b   Thumb Code     0  startup_stm32h750xx.o(.text)
    EXTI0_IRQHandler                         0x0800036b   Thumb Code     0  startup_stm32h750xx.o(.text)
    EXTI15_10_IRQHandler                     0x0800036b   Thumb Code     0  startup_stm32h750xx.o(.text)
    EXTI1_IRQHandler                         0x0800036b   Thumb Code     0  startup_stm32h750xx.o(.text)
    EXTI2_IRQHandler                         0x0800036b   Thumb Code     0  startup_stm32h750xx.o(.text)
    EXTI3_IRQHandler                         0x0800036b   Thumb Code     0  startup_stm32h750xx.o(.text)
    EXTI4_IRQHandler                         0x0800036b   Thumb Code     0  startup_stm32h750xx.o(.text)
    EXTI9_5_IRQHandler                       0x0800036b   Thumb Code     0  startup_stm32h750xx.o(.text)
    FDCAN1_IT0_IRQHandler                    0x0800036b   Thumb Code     0  startup_stm32h750xx.o(.text)
    FDCAN1_IT1_IRQHandler                    0x0800036b   Thumb Code     0  startup_stm32h750xx.o(.text)
    FDCAN2_IT0_IRQHandler                    0x0800036b   Thumb Code     0  startup_stm32h750xx.o(.text)
    FDCAN2_IT1_IRQHandler                    0x0800036b   Thumb Code     0  startup_stm32h750xx.o(.text)
    FDCAN_CAL_IRQHandler                     0x0800036b   Thumb Code     0  startup_stm32h750xx.o(.text)
    FLASH_IRQHandler                         0x0800036b   Thumb Code     0  startup_stm32h750xx.o(.text)
    FMC_IRQHandler                           0x0800036b   Thumb Code     0  startup_stm32h750xx.o(.text)
    FPU_IRQHandler                           0x0800036b   Thumb Code     0  startup_stm32h750xx.o(.text)
    HASH_RNG_IRQHandler                      0x0800036b   Thumb Code     0  startup_stm32h750xx.o(.text)
    HRTIM1_FLT_IRQHandler                    0x0800036b   Thumb Code     0  startup_stm32h750xx.o(.text)
    HRTIM1_Master_IRQHandler                 0x0800036b   Thumb Code     0  startup_stm32h750xx.o(.text)
    HRTIM1_TIMA_IRQHandler                   0x0800036b   Thumb Code     0  startup_stm32h750xx.o(.text)
    HRTIM1_TIMB_IRQHandler                   0x0800036b   Thumb Code     0  startup_stm32h750xx.o(.text)
    HRTIM1_TIMC_IRQHandler                   0x0800036b   Thumb Code     0  startup_stm32h750xx.o(.text)
    HRTIM1_TIMD_IRQHandler                   0x0800036b   Thumb Code     0  startup_stm32h750xx.o(.text)
    HRTIM1_TIME_IRQHandler                   0x0800036b   Thumb Code     0  startup_stm32h750xx.o(.text)
    HSEM1_IRQHandler                         0x0800036b   Thumb Code     0  startup_stm32h750xx.o(.text)
    I2C1_ER_IRQHandler                       0x0800036b   Thumb Code     0  startup_stm32h750xx.o(.text)
    I2C1_EV_IRQHandler                       0x0800036b   Thumb Code     0  startup_stm32h750xx.o(.text)
    I2C2_ER_IRQHandler                       0x0800036b   Thumb Code     0  startup_stm32h750xx.o(.text)
    I2C2_EV_IRQHandler                       0x0800036b   Thumb Code     0  startup_stm32h750xx.o(.text)
    I2C3_ER_IRQHandler                       0x0800036b   Thumb Code     0  startup_stm32h750xx.o(.text)
    I2C3_EV_IRQHandler                       0x0800036b   Thumb Code     0  startup_stm32h750xx.o(.text)
    I2C4_ER_IRQHandler                       0x0800036b   Thumb Code     0  startup_stm32h750xx.o(.text)
    I2C4_EV_IRQHandler                       0x0800036b   Thumb Code     0  startup_stm32h750xx.o(.text)
    JPEG_IRQHandler                          0x0800036b   Thumb Code     0  startup_stm32h750xx.o(.text)
    LPTIM1_IRQHandler                        0x0800036b   Thumb Code     0  startup_stm32h750xx.o(.text)
    LPTIM2_IRQHandler                        0x0800036b   Thumb Code     0  startup_stm32h750xx.o(.text)
    LPTIM3_IRQHandler                        0x0800036b   Thumb Code     0  startup_stm32h750xx.o(.text)
    LPTIM4_IRQHandler                        0x0800036b   Thumb Code     0  startup_stm32h750xx.o(.text)
    LPTIM5_IRQHandler                        0x0800036b   Thumb Code     0  startup_stm32h750xx.o(.text)
    LPUART1_IRQHandler                       0x0800036b   Thumb Code     0  startup_stm32h750xx.o(.text)
    LTDC_ER_IRQHandler                       0x0800036b   Thumb Code     0  startup_stm32h750xx.o(.text)
    LTDC_IRQHandler                          0x0800036b   Thumb Code     0  startup_stm32h750xx.o(.text)
    MDIOS_IRQHandler                         0x0800036b   Thumb Code     0  startup_stm32h750xx.o(.text)
    MDIOS_WKUP_IRQHandler                    0x0800036b   Thumb Code     0  startup_stm32h750xx.o(.text)
    MDMA_IRQHandler                          0x0800036b   Thumb Code     0  startup_stm32h750xx.o(.text)
    OTG_FS_EP1_IN_IRQHandler                 0x0800036b   Thumb Code     0  startup_stm32h750xx.o(.text)
    OTG_FS_EP1_OUT_IRQHandler                0x0800036b   Thumb Code     0  startup_stm32h750xx.o(.text)
    OTG_FS_IRQHandler                        0x0800036b   Thumb Code     0  startup_stm32h750xx.o(.text)
    OTG_FS_WKUP_IRQHandler                   0x0800036b   Thumb Code     0  startup_stm32h750xx.o(.text)
    OTG_HS_EP1_IN_IRQHandler                 0x0800036b   Thumb Code     0  startup_stm32h750xx.o(.text)
    OTG_HS_EP1_OUT_IRQHandler                0x0800036b   Thumb Code     0  startup_stm32h750xx.o(.text)
    OTG_HS_IRQHandler                        0x0800036b   Thumb Code     0  startup_stm32h750xx.o(.text)
    OTG_HS_WKUP_IRQHandler                   0x0800036b   Thumb Code     0  startup_stm32h750xx.o(.text)
    PVD_AVD_IRQHandler                       0x0800036b   Thumb Code     0  startup_stm32h750xx.o(.text)
    QUADSPI_IRQHandler                       0x0800036b   Thumb Code     0  startup_stm32h750xx.o(.text)
    RCC_IRQHandler                           0x0800036b   Thumb Code     0  startup_stm32h750xx.o(.text)
    RTC_Alarm_IRQHandler                     0x0800036b   Thumb Code     0  startup_stm32h750xx.o(.text)
    RTC_WKUP_IRQHandler                      0x0800036b   Thumb Code     0  startup_stm32h750xx.o(.text)
    SAI1_IRQHandler                          0x0800036b   Thumb Code     0  startup_stm32h750xx.o(.text)
    SAI2_IRQHandler                          0x0800036b   Thumb Code     0  startup_stm32h750xx.o(.text)
    SAI3_IRQHandler                          0x0800036b   Thumb Code     0  startup_stm32h750xx.o(.text)
    SAI4_IRQHandler                          0x0800036b   Thumb Code     0  startup_stm32h750xx.o(.text)
    SDMMC1_IRQHandler                        0x0800036b   Thumb Code     0  startup_stm32h750xx.o(.text)
    SDMMC2_IRQHandler                        0x0800036b   Thumb Code     0  startup_stm32h750xx.o(.text)
    SPDIF_RX_IRQHandler                      0x0800036b   Thumb Code     0  startup_stm32h750xx.o(.text)
    SPI1_IRQHandler                          0x0800036b   Thumb Code     0  startup_stm32h750xx.o(.text)
    SPI2_IRQHandler                          0x0800036b   Thumb Code     0  startup_stm32h750xx.o(.text)
    SPI3_IRQHandler                          0x0800036b   Thumb Code     0  startup_stm32h750xx.o(.text)
    SPI4_IRQHandler                          0x0800036b   Thumb Code     0  startup_stm32h750xx.o(.text)
    SPI5_IRQHandler                          0x0800036b   Thumb Code     0  startup_stm32h750xx.o(.text)
    SPI6_IRQHandler                          0x0800036b   Thumb Code     0  startup_stm32h750xx.o(.text)
    SWPMI1_IRQHandler                        0x0800036b   Thumb Code     0  startup_stm32h750xx.o(.text)
    TAMP_STAMP_IRQHandler                    0x0800036b   Thumb Code     0  startup_stm32h750xx.o(.text)
    TIM15_IRQHandler                         0x0800036b   Thumb Code     0  startup_stm32h750xx.o(.text)
    TIM16_IRQHandler                         0x0800036b   Thumb Code     0  startup_stm32h750xx.o(.text)
    TIM17_IRQHandler                         0x0800036b   Thumb Code     0  startup_stm32h750xx.o(.text)
    TIM1_BRK_IRQHandler                      0x0800036b   Thumb Code     0  startup_stm32h750xx.o(.text)
    TIM1_CC_IRQHandler                       0x0800036b   Thumb Code     0  startup_stm32h750xx.o(.text)
    TIM1_TRG_COM_IRQHandler                  0x0800036b   Thumb Code     0  startup_stm32h750xx.o(.text)
    TIM1_UP_IRQHandler                       0x0800036b   Thumb Code     0  startup_stm32h750xx.o(.text)
    TIM2_IRQHandler                          0x0800036b   Thumb Code     0  startup_stm32h750xx.o(.text)
    TIM3_IRQHandler                          0x0800036b   Thumb Code     0  startup_stm32h750xx.o(.text)
    TIM4_IRQHandler                          0x0800036b   Thumb Code     0  startup_stm32h750xx.o(.text)
    TIM5_IRQHandler                          0x0800036b   Thumb Code     0  startup_stm32h750xx.o(.text)
    TIM6_DAC_IRQHandler                      0x0800036b   Thumb Code     0  startup_stm32h750xx.o(.text)
    TIM7_IRQHandler                          0x0800036b   Thumb Code     0  startup_stm32h750xx.o(.text)
    TIM8_BRK_TIM12_IRQHandler                0x0800036b   Thumb Code     0  startup_stm32h750xx.o(.text)
    TIM8_CC_IRQHandler                       0x0800036b   Thumb Code     0  startup_stm32h750xx.o(.text)
    TIM8_TRG_COM_TIM14_IRQHandler            0x0800036b   Thumb Code     0  startup_stm32h750xx.o(.text)
    TIM8_UP_TIM13_IRQHandler                 0x0800036b   Thumb Code     0  startup_stm32h750xx.o(.text)
    UART4_IRQHandler                         0x0800036b   Thumb Code     0  startup_stm32h750xx.o(.text)
    UART5_IRQHandler                         0x0800036b   Thumb Code     0  startup_stm32h750xx.o(.text)
    UART7_IRQHandler                         0x0800036b   Thumb Code     0  startup_stm32h750xx.o(.text)
    UART8_IRQHandler                         0x0800036b   Thumb Code     0  startup_stm32h750xx.o(.text)
    USART1_IRQHandler                        0x0800036b   Thumb Code     0  startup_stm32h750xx.o(.text)
    USART2_IRQHandler                        0x0800036b   Thumb Code     0  startup_stm32h750xx.o(.text)
    USART3_IRQHandler                        0x0800036b   Thumb Code     0  startup_stm32h750xx.o(.text)
    USART6_IRQHandler                        0x0800036b   Thumb Code     0  startup_stm32h750xx.o(.text)
    WAKEUP_PIN_IRQHandler                    0x0800036b   Thumb Code     0  startup_stm32h750xx.o(.text)
    WWDG_IRQHandler                          0x0800036b   Thumb Code     0  startup_stm32h750xx.o(.text)
    __user_initial_stackheap                 0x0800036d   Thumb Code     0  startup_stm32h750xx.o(.text)
    malloc                                   0x08000391   Thumb Code    94  h1_alloc.o(.text)
    free                                     0x080003ef   Thumb Code    78  h1_free.o(.text)
    __2sprintf                               0x0800043d   Thumb Code    34  noretval__2sprintf.o(.text)
    _printf_pre_padding                      0x08000465   Thumb Code    44  _printf_pad.o(.text)
    _printf_post_padding                     0x08000491   Thumb Code    34  _printf_pad.o(.text)
    _printf_int_dec                          0x080004b5   Thumb Code   104  _printf_dec.o(.text)
    _printf_int_hex                          0x0800052d   Thumb Code    84  _printf_hex_int.o(.text)
    _printf_longlong_hex                     0x0800052d   Thumb Code     0  _printf_hex_int.o(.text)
    __printf                                 0x08000585   Thumb Code   308  __printf_flags_wp.o(.text)
    __aeabi_memclr4                          0x080006bd   Thumb Code     0  rt_memclr_w.o(.text)
    __aeabi_memclr8                          0x080006bd   Thumb Code     0  rt_memclr_w.o(.text)
    __rt_memclr_w                            0x080006bd   Thumb Code    78  rt_memclr_w.o(.text)
    _memset_w                                0x080006c1   Thumb Code     0  rt_memclr_w.o(.text)
    __use_two_region_memory                  0x0800070b   Thumb Code     2  heapauxi.o(.text)
    __rt_heap_escrow                         0x0800070d   Thumb Code     2  heapauxi.o(.text)
    __rt_heap_expand                         0x0800070f   Thumb Code     2  heapauxi.o(.text)
    __rt_heap_descriptor                     0x08000711   Thumb Code     8  rt_heap_descriptor_intlibspace.o(.text)
    __use_no_heap                            0x08000719   Thumb Code     2  hguard.o(.text)
    __heap$guard                             0x0800071b   Thumb Code     2  hguard.o(.text)
    _terminate_user_alloc                    0x0800071d   Thumb Code     2  init_alloc.o(.text)
    _init_user_alloc                         0x0800071f   Thumb Code     2  init_alloc.o(.text)
    __Heap_Full                              0x08000721   Thumb Code    34  init_alloc.o(.text)
    __Heap_Broken                            0x08000743   Thumb Code     6  init_alloc.o(.text)
    _init_alloc                              0x08000749   Thumb Code    94  init_alloc.o(.text)
    __Heap_Initialize                        0x080007a7   Thumb Code    10  h1_init.o(.text)
    __Heap_DescSize                          0x080007b1   Thumb Code     4  h1_init.o(.text)
    _printf_int_common                       0x080007b5   Thumb Code   178  _printf_intcommon.o(.text)
    _printf_char_common                      0x08000873   Thumb Code    32  _printf_char_common.o(.text)
    _sputc                                   0x08000899   Thumb Code    10  _sputc.o(.text)
    __user_libspace                          0x080008a5   Thumb Code     8  libspace.o(.text)
    __user_perproc_libspace                  0x080008a5   Thumb Code     0  libspace.o(.text)
    __user_perthread_libspace                0x080008a5   Thumb Code     0  libspace.o(.text)
    __Heap_ProvideMemory                     0x080008ad   Thumb Code    52  h1_extend.o(.text)
    __rt_SIGRTMEM                            0x080008e1   Thumb Code    14  defsig_rtmem_outer.o(.text)
    __I$use$semihosting                      0x080008ef   Thumb Code     0  use_no_semi.o(.text)
    __use_no_semihosting_swi                 0x080008ef   Thumb Code     2  use_no_semi.o(.text)
    __semihosting_library_function           0x080008f1   Thumb Code     0  indicate_semi.o(.text)
    __user_setup_stackheap                   0x080008f1   Thumb Code    74  sys_stackheap_outer.o(.text)
    exit                                     0x0800093b   Thumb Code    18  exit.o(.text)
    __sig_exit                               0x0800094d   Thumb Code    10  defsig_exit.o(.text)
    __rt_SIGRTMEM_inner                      0x08000959   Thumb Code    22  defsig_rtmem_inner.o(.text)
    _sys_exit                                0x080009a9   Thumb Code     8  sys_exit.o(.text)
    __default_signal_display                 0x080009b5   Thumb Code    50  defsig_general.o(.text)
    _ttywrch                                 0x080009e7   Thumb Code    14  sys_wrch.o(.text)
    BusFault_Handler                         0x080009f5   Thumb Code     2  stm32h7xx_it.o(i.BusFault_Handler)
    DebugMon_Handler                         0x08000a81   Thumb Code     2  stm32h7xx_it.o(i.DebugMon_Handler)
    Error_Handler                            0x08000a83   Thumb Code    10  main.o(i.Error_Handler)
    HAL_Delay                                0x08000a8d   Thumb Code    32  stm32h7xx_hal.o(i.HAL_Delay)
    HAL_GPIO_Init                            0x08000ab1   Thumb Code   510  stm32h7xx_hal_gpio.o(i.HAL_GPIO_Init)
    HAL_GPIO_ReadPin                         0x08000ce1   Thumb Code    10  stm32h7xx_hal_gpio.o(i.HAL_GPIO_ReadPin)
    HAL_GPIO_WritePin                        0x08000ceb   Thumb Code    10  stm32h7xx_hal_gpio.o(i.HAL_GPIO_WritePin)
    HAL_GetDEVID                             0x08000cf5   Thumb Code    10  stm32h7xx_hal.o(i.HAL_GetDEVID)
    HAL_GetREVID                             0x08000d05   Thumb Code     8  stm32h7xx_hal.o(i.HAL_GetREVID)
    HAL_GetTick                              0x08000d11   Thumb Code     6  stm32h7xx_hal.o(i.HAL_GetTick)
    HAL_IncTick                              0x08000d1d   Thumb Code    12  stm32h7xx_hal.o(i.HAL_IncTick)
    HAL_Init                                 0x08000d2d   Thumb Code    74  stm32h7xx_hal.o(i.HAL_Init)
    HAL_InitTick                             0x08000d89   Thumb Code    56  stm32h7xx_hal.o(i.HAL_InitTick)
    HAL_MPU_ConfigRegion                     0x08000dc9   Thumb Code    86  stm32h7xx_hal_cortex.o(i.HAL_MPU_ConfigRegion)
    HAL_MPU_Disable                          0x08000e25   Thumb Code    24  stm32h7xx_hal_cortex.o(i.HAL_MPU_Disable)
    HAL_MPU_Enable                           0x08000e41   Thumb Code    30  stm32h7xx_hal_cortex.o(i.HAL_MPU_Enable)
    HAL_MspInit                              0x08000e65   Thumb Code    22  stm32h7xx_hal_msp.o(i.HAL_MspInit)
    HAL_NVIC_SetPriority                     0x08000e81   Thumb Code    60  stm32h7xx_hal_cortex.o(i.HAL_NVIC_SetPriority)
    HAL_NVIC_SetPriorityGrouping             0x08000ec1   Thumb Code    28  stm32h7xx_hal_cortex.o(i.HAL_NVIC_SetPriorityGrouping)
    HAL_PWREx_ConfigSupply                   0x08000ee5   Thumb Code    78  stm32h7xx_hal_pwr_ex.o(i.HAL_PWREx_ConfigSupply)
    HAL_PWR_EnableBkUpAccess                 0x08000f39   Thumb Code    12  stm32h7xx_hal_pwr.o(i.HAL_PWR_EnableBkUpAccess)
    HAL_RCCEx_PeriphCLKConfig                0x08000f49   Thumb Code  2258  stm32h7xx_hal_rcc_ex.o(i.HAL_RCCEx_PeriphCLKConfig)
    HAL_RCC_ClockConfig                      0x0800181d   Thumb Code   580  stm32h7xx_hal_rcc.o(i.HAL_RCC_ClockConfig)
    HAL_RCC_GetSysClockFreq                  0x08001a79   Thumb Code   278  stm32h7xx_hal_rcc.o(i.HAL_RCC_GetSysClockFreq)
    HAL_RCC_OscConfig                        0x08001bb1   Thumb Code  1282  stm32h7xx_hal_rcc.o(i.HAL_RCC_OscConfig)
    HAL_RTCEx_BKUPRead                       0x080020b9   Thumb Code    10  stm32h7xx_hal_rtc_ex.o(i.HAL_RTCEx_BKUPRead)
    HAL_RTCEx_BKUPWrite                      0x080020c3   Thumb Code    10  stm32h7xx_hal_rtc_ex.o(i.HAL_RTCEx_BKUPWrite)
    HAL_RTC_GetDate                          0x080020cd   Thumb Code    68  stm32h7xx_hal_rtc.o(i.HAL_RTC_GetDate)
    HAL_RTC_GetTime                          0x08002115   Thumb Code    84  stm32h7xx_hal_rtc.o(i.HAL_RTC_GetTime)
    HAL_RTC_Init                             0x0800216d   Thumb Code   144  stm32h7xx_hal_rtc.o(i.HAL_RTC_Init)
    HAL_RTC_MspInit                          0x08002201   Thumb Code    56  rtc.o(i.HAL_RTC_MspInit)
    HAL_RTC_SetDate                          0x08002241   Thumb Code   154  stm32h7xx_hal_rtc.o(i.HAL_RTC_SetDate)
    HAL_RTC_SetTime                          0x080022e1   Thumb Code   202  stm32h7xx_hal_rtc.o(i.HAL_RTC_SetTime)
    HAL_RTC_WaitForSynchro                   0x080023b1   Thumb Code    54  stm32h7xx_hal_rtc.o(i.HAL_RTC_WaitForSynchro)
    HAL_SPI_Init                             0x080023e9   Thumb Code   322  stm32h7xx_hal_spi.o(i.HAL_SPI_Init)
    HAL_SPI_MspInit                          0x08002539   Thumb Code   118  spi.o(i.HAL_SPI_MspInit)
    HAL_SPI_Receive                          0x080025bd   Thumb Code   552  stm32h7xx_hal_spi.o(i.HAL_SPI_Receive)
    HAL_SPI_Transmit                         0x080027e5   Thumb Code   556  stm32h7xx_hal_spi.o(i.HAL_SPI_Transmit)
    HAL_SPI_TransmitReceive                  0x08002a11   Thumb Code   802  stm32h7xx_hal_spi.o(i.HAL_SPI_TransmitReceive)
    HAL_SYSTICK_Config                       0x08002d33   Thumb Code    38  stm32h7xx_hal_cortex.o(i.HAL_SYSTICK_Config)
    HAL_TIMEx_ConfigBreakDeadTime            0x08002d59   Thumb Code   150  stm32h7xx_hal_tim_ex.o(i.HAL_TIMEx_ConfigBreakDeadTime)
    HAL_TIMEx_MasterConfigSynchronization    0x08002df9   Thumb Code   128  stm32h7xx_hal_tim_ex.o(i.HAL_TIMEx_MasterConfigSynchronization)
    HAL_TIMEx_PWMN_Start                     0x08002e91   Thumb Code   166  stm32h7xx_hal_tim_ex.o(i.HAL_TIMEx_PWMN_Start)
    HAL_TIM_MspPostInit                      0x08002f55   Thumb Code    72  tim.o(i.HAL_TIM_MspPostInit)
    HAL_TIM_PWM_ConfigChannel                0x08002fa9   Thumb Code   286  stm32h7xx_hal_tim.o(i.HAL_TIM_PWM_ConfigChannel)
    HAL_TIM_PWM_Init                         0x080030c7   Thumb Code    98  stm32h7xx_hal_tim.o(i.HAL_TIM_PWM_Init)
    HAL_TIM_PWM_MspInit                      0x08003129   Thumb Code    30  tim.o(i.HAL_TIM_PWM_MspInit)
    HardFault_Handler                        0x08003151   Thumb Code     2  stm32h7xx_it.o(i.HardFault_Handler)
    LCD_GetBrightness                        0x08003155   Thumb Code     8  lcd.o(i.LCD_GetBrightness)
    LCD_Light                                0x08003161   Thumb Code   130  lcd.o(i.LCD_Light)
    LCD_ShowChar                             0x080031ed   Thumb Code   418  lcd.o(i.LCD_ShowChar)
    LCD_ShowString                           0x080033a1   Thumb Code    84  lcd.o(i.LCD_ShowString)
    LCD_Test                                 0x080033f5   Thumb Code   442  lcd.o(i.LCD_Test)
    MX_GPIO_Init                             0x080036a9   Thumb Code   166  gpio.o(i.MX_GPIO_Init)
    MX_RTC_Init                              0x0800375d   Thumb Code   262  rtc.o(i.MX_RTC_Init)
    MX_SPI4_Init                             0x08003875   Thumb Code    88  spi.o(i.MX_SPI4_Init)
    MX_TIM1_Init                             0x080038d5   Thumb Code   166  tim.o(i.MX_TIM1_Init)
    MemManage_Handler                        0x08003985   Thumb Code     2  stm32h7xx_it.o(i.MemManage_Handler)
    NMI_Handler                              0x08003987   Thumb Code     2  stm32h7xx_it.o(i.NMI_Handler)
    PendSV_Handler                           0x08003989   Thumb Code     2  stm32h7xx_it.o(i.PendSV_Handler)
    RTC_Bcd2ToByte                           0x08003bcd   Thumb Code    18  stm32h7xx_hal_rtc.o(i.RTC_Bcd2ToByte)
    RTC_ByteToBcd2                           0x08003bdf   Thumb Code    24  stm32h7xx_hal_rtc.o(i.RTC_ByteToBcd2)
    RTC_EnterInitMode                        0x08003bf9   Thumb Code    66  stm32h7xx_hal_rtc.o(i.RTC_EnterInitMode)
    RTC_ExitInitMode                         0x08003c3d   Thumb Code    78  stm32h7xx_hal_rtc.o(i.RTC_ExitInitMode)
    ST7735_DeInit                            0x08003d8f   Thumb Code     4  st7735.o(i.ST7735_DeInit)
    ST7735_DisplayOff                        0x08003d95   Thumb Code   118  st7735.o(i.ST7735_DisplayOff)
    ST7735_DisplayOn                         0x08003e15   Thumb Code   118  st7735.o(i.ST7735_DisplayOn)
    ST7735_DrawBitmap                        0x08003e95   Thumb Code   304  st7735.o(i.ST7735_DrawBitmap)
    ST7735_DrawHLine                         0x08003fcd   Thumb Code    86  st7735.o(i.ST7735_DrawHLine)
    ST7735_DrawVLine                         0x0800402d   Thumb Code    66  st7735.o(i.ST7735_DrawVLine)
    ST7735_FillRGBRect                       0x08004075   Thumb Code   124  st7735.o(i.ST7735_FillRGBRect)
    ST7735_FillRect                          0x080040f9   Thumb Code    60  st7735.o(i.ST7735_FillRect)
    ST7735_GetBrightness                     0x08004135   Thumb Code     6  st7735.o(i.ST7735_GetBrightness)
    ST7735_GetOrientation                    0x0800413d   Thumb Code    10  st7735.o(i.ST7735_GetOrientation)
    ST7735_GetPixel                          0x0800414d   Thumb Code    86  st7735.o(i.ST7735_GetPixel)
    ST7735_GetXSize                          0x080041a5   Thumb Code    10  st7735.o(i.ST7735_GetXSize)
    ST7735_GetYSize                          0x080041b5   Thumb Code    10  st7735.o(i.ST7735_GetYSize)
    ST7735_Init                              0x080041df   Thumb Code  1202  st7735.o(i.ST7735_Init)
    ST7735_ReadID                            0x08004691   Thumb Code    74  st7735.o(i.ST7735_ReadID)
    ST7735_RegisterBusIO                     0x080046f9   Thumb Code    70  st7735.o(i.ST7735_RegisterBusIO)
    ST7735_SetBrightness                     0x0800475f   Thumb Code     6  st7735.o(i.ST7735_SetBrightness)
    ST7735_SetCursor                         0x08004765   Thumb Code   200  st7735.o(i.ST7735_SetCursor)
    ST7735_SetOrientation                    0x08004949   Thumb Code   150  st7735.o(i.ST7735_SetOrientation)
    ST7735_SetPixel                          0x080049e9   Thumb Code    68  st7735.o(i.ST7735_SetPixel)
    SVC_Handler                              0x08004a45   Thumb Code     2  stm32h7xx_it.o(i.SVC_Handler)
    SysTick_Handler                          0x08004a47   Thumb Code     4  stm32h7xx_it.o(i.SysTick_Handler)
    SystemClock_Config                       0x08004a4d   Thumb Code   168  main.o(i.SystemClock_Config)
    SystemInit                               0x08004b01   Thumb Code   134  system_stm32h7xx.o(i.SystemInit)
    TIM_Base_SetConfig                       0x08004b9d   Thumb Code   162  stm32h7xx_hal_tim.o(i.TIM_Base_SetConfig)
    TIM_OC2_SetConfig                        0x08004d25   Thumb Code   126  stm32h7xx_hal_tim.o(i.TIM_OC2_SetConfig)
    UsageFault_Handler                       0x08004f8d   Thumb Code     2  stm32h7xx_it.o(i.UsageFault_Handler)
    _is_digit                                0x08004fb1   Thumb Code    14  __printf_wp.o(i._is_digit)
    main                                     0x0800514d   Thumb Code   152  main.o(i.main)
    st7735_read_reg                          0x08005215   Thumb Code    14  st7735_reg.o(i.st7735_read_reg)
    st7735_recv_data                         0x08005223   Thumb Code    14  st7735_reg.o(i.st7735_recv_data)
    st7735_send_data                         0x08005231   Thumb Code    14  st7735_reg.o(i.st7735_send_data)
    st7735_write_reg                         0x0800523f   Thumb Code    14  st7735_reg.o(i.st7735_write_reg)
    _fp_init                                 0x0800524d   Thumb Code    10  fpinit.o(x$fpl$fpinit)
    __fplib_config_fpu_vfp                   0x08005255   Thumb Code     0  fpinit.o(x$fpl$fpinit)
    __fplib_config_pureend_doubles           0x08005255   Thumb Code     0  fpinit.o(x$fpl$fpinit)
    asc2_1206                                0x08005256   Data        1140  lcd.o(.constdata)
    asc2_1608                                0x080056ca   Data        1520  lcd.o(.constdata)
    WeActStudiologo_160_80                   0x08005cba   Data       25673  logo_160_80.o(.constdata)
    D1CorePrescTable                         0x0800c103   Data          16  system_stm32h7xx.o(.constdata)
    Region$$Table$$Base                      0x0800c14c   Number         0  anon$$obj.o(Region$$Table)
    Region$$Table$$Limit                     0x0800c16c   Number         0  anon$$obj.o(Region$$Table)
    POINT_COLOR                              0x24000000   Data           2  lcd.o(.data)
    BACK_COLOR                               0x24000002   Data           2  lcd.o(.data)
    st7735_id                                0x24000004   Data           4  lcd.o(.data)
    st7735_pIO                               0x24000008   Data          32  lcd.o(.data)
    ST7735_LCD_Driver                        0x24000028   Data          76  st7735.o(.data)
    uwTickFreq                               0x24000094   Data           1  stm32h7xx_hal.o(.data)
    uwTickPrio                               0x24000098   Data           4  stm32h7xx_hal.o(.data)
    uwTick                                   0x2400009c   Data           4  stm32h7xx_hal.o(.data)
    SystemCoreClock                          0x240000a0   Data           4  system_stm32h7xx.o(.data)
    SystemD2Clock                            0x240000a4   Data           4  system_stm32h7xx.o(.data)
    st7735_pObj                              0x240000a8   Data          56  lcd.o(.bss)
    ST7735Ctx                                0x240005e0   Data          16  st7735.o(.bss)
    hrtc                                     0x240005f0   Data          36  rtc.o(.bss)
    hspi4                                    0x24000614   Data         136  spi.o(.bss)
    htim1                                    0x2400069c   Data          76  tim.o(.bss)
    __libspace_start                         0x240006e8   Data          96  libspace.o(.bss)
    __temporary_stack_top$libspace           0x24000748   Data           0  libspace.o(.bss)



==============================================================================

Memory Map of the image

  Image Entry point : 0x08000299

  Load Region LR_IROM1 (Base: 0x08000000, Size: 0x0000c214, Max: 0x00020000, ABSOLUTE)

    Execution Region ER_IROM1 (Base: 0x08000000, Size: 0x0000c16c, Max: 0x00020000, ABSOLUTE)

    Base Addr    Size         Type   Attr      Idx    E Section Name        Object

    0x08000000   0x00000298   Data   RO            3    RESET               startup_stm32h750xx.o
    0x08000298   0x00000008   Code   RO         5083  * !!!main             c_w.l(__main.o)
    0x080002a0   0x00000034   Code   RO         5295    !!!scatter          c_w.l(__scatter.o)
    0x080002d4   0x0000001a   Code   RO         5297    !!handler_copy      c_w.l(__scatter_copy.o)
    0x080002ee   0x00000002   PAD
    0x080002f0   0x0000001c   Code   RO         5299    !!handler_zi        c_w.l(__scatter_zi.o)
    0x0800030c   0x00000000   Code   RO         5078    .ARM.Collect$$_printf_percent$$00000000  c_w.l(_printf_percent.o)
    0x0800030c   0x00000006   Code   RO         5077    .ARM.Collect$$_printf_percent$$00000009  c_w.l(_printf_d.o)
    0x08000312   0x00000006   Code   RO         5076    .ARM.Collect$$_printf_percent$$0000000C  c_w.l(_printf_x.o)
    0x08000318   0x00000004   Code   RO         5119    .ARM.Collect$$_printf_percent$$00000017  c_w.l(_printf_percent_end.o)
    0x0800031c   0x00000002   Code   RO         5234    .ARM.Collect$$libinit$$00000000  c_w.l(libinit.o)
    0x0800031e   0x00000004   Code   RO         5124    .ARM.Collect$$libinit$$00000001  c_w.l(libinit2.o)
    0x08000322   0x00000000   Code   RO         5127    .ARM.Collect$$libinit$$00000004  c_w.l(libinit2.o)
    0x08000322   0x00000008   Code   RO         5128    .ARM.Collect$$libinit$$00000005  c_w.l(libinit2.o)
    0x0800032a   0x00000000   Code   RO         5130    .ARM.Collect$$libinit$$0000000A  c_w.l(libinit2.o)
    0x0800032a   0x00000000   Code   RO         5132    .ARM.Collect$$libinit$$0000000C  c_w.l(libinit2.o)
    0x0800032a   0x00000000   Code   RO         5134    .ARM.Collect$$libinit$$0000000E  c_w.l(libinit2.o)
    0x0800032a   0x00000000   Code   RO         5137    .ARM.Collect$$libinit$$00000011  c_w.l(libinit2.o)
    0x0800032a   0x00000000   Code   RO         5139    .ARM.Collect$$libinit$$00000013  c_w.l(libinit2.o)
    0x0800032a   0x00000000   Code   RO         5141    .ARM.Collect$$libinit$$00000015  c_w.l(libinit2.o)
    0x0800032a   0x00000000   Code   RO         5143    .ARM.Collect$$libinit$$00000017  c_w.l(libinit2.o)
    0x0800032a   0x00000000   Code   RO         5145    .ARM.Collect$$libinit$$00000019  c_w.l(libinit2.o)
    0x0800032a   0x00000000   Code   RO         5147    .ARM.Collect$$libinit$$0000001B  c_w.l(libinit2.o)
    0x0800032a   0x00000000   Code   RO         5149    .ARM.Collect$$libinit$$0000001D  c_w.l(libinit2.o)
    0x0800032a   0x00000000   Code   RO         5151    .ARM.Collect$$libinit$$0000001F  c_w.l(libinit2.o)
    0x0800032a   0x00000000   Code   RO         5153    .ARM.Collect$$libinit$$00000021  c_w.l(libinit2.o)
    0x0800032a   0x00000000   Code   RO         5155    .ARM.Collect$$libinit$$00000023  c_w.l(libinit2.o)
    0x0800032a   0x00000000   Code   RO         5157    .ARM.Collect$$libinit$$00000025  c_w.l(libinit2.o)
    0x0800032a   0x00000000   Code   RO         5161    .ARM.Collect$$libinit$$0000002C  c_w.l(libinit2.o)
    0x0800032a   0x00000000   Code   RO         5163    .ARM.Collect$$libinit$$0000002E  c_w.l(libinit2.o)
    0x0800032a   0x00000000   Code   RO         5165    .ARM.Collect$$libinit$$00000030  c_w.l(libinit2.o)
    0x0800032a   0x00000000   Code   RO         5167    .ARM.Collect$$libinit$$00000032  c_w.l(libinit2.o)
    0x0800032a   0x00000002   Code   RO         5168    .ARM.Collect$$libinit$$00000033  c_w.l(libinit2.o)
    0x0800032c   0x00000002   Code   RO         5292    .ARM.Collect$$libshutdown$$00000000  c_w.l(libshutdown.o)
    0x0800032e   0x00000000   Code   RO         5248    .ARM.Collect$$libshutdown$$00000002  c_w.l(libshutdown2.o)
    0x0800032e   0x00000000   Code   RO         5250    .ARM.Collect$$libshutdown$$00000004  c_w.l(libshutdown2.o)
    0x0800032e   0x00000000   Code   RO         5253    .ARM.Collect$$libshutdown$$00000007  c_w.l(libshutdown2.o)
    0x0800032e   0x00000000   Code   RO         5256    .ARM.Collect$$libshutdown$$0000000A  c_w.l(libshutdown2.o)
    0x0800032e   0x00000000   Code   RO         5258    .ARM.Collect$$libshutdown$$0000000C  c_w.l(libshutdown2.o)
    0x0800032e   0x00000000   Code   RO         5261    .ARM.Collect$$libshutdown$$0000000F  c_w.l(libshutdown2.o)
    0x0800032e   0x00000002   Code   RO         5262    .ARM.Collect$$libshutdown$$00000010  c_w.l(libshutdown2.o)
    0x08000330   0x00000000   Code   RO         5087    .ARM.Collect$$rtentry$$00000000  c_w.l(__rtentry.o)
    0x08000330   0x00000000   Code   RO         5175    .ARM.Collect$$rtentry$$00000002  c_w.l(__rtentry2.o)
    0x08000330   0x00000006   Code   RO         5187    .ARM.Collect$$rtentry$$00000004  c_w.l(__rtentry4.o)
    0x08000336   0x00000000   Code   RO         5177    .ARM.Collect$$rtentry$$00000009  c_w.l(__rtentry2.o)
    0x08000336   0x00000004   Code   RO         5178    .ARM.Collect$$rtentry$$0000000A  c_w.l(__rtentry2.o)
    0x0800033a   0x00000000   Code   RO         5180    .ARM.Collect$$rtentry$$0000000C  c_w.l(__rtentry2.o)
    0x0800033a   0x00000008   Code   RO         5181    .ARM.Collect$$rtentry$$0000000D  c_w.l(__rtentry2.o)
    0x08000342   0x00000002   Code   RO         5237    .ARM.Collect$$rtexit$$00000000  c_w.l(rtexit.o)
    0x08000344   0x00000000   Code   RO         5266    .ARM.Collect$$rtexit$$00000002  c_w.l(rtexit2.o)
    0x08000344   0x00000004   Code   RO         5267    .ARM.Collect$$rtexit$$00000003  c_w.l(rtexit2.o)
    0x08000348   0x00000006   Code   RO         5268    .ARM.Collect$$rtexit$$00000004  c_w.l(rtexit2.o)
    0x0800034e   0x00000002   PAD
    0x08000350   0x00000000   Code   RO         5191    .emb_text           c_w.l(maybetermalloc1.o)
    0x08000350   0x00000040   Code   RO            4    .text               startup_stm32h750xx.o
    0x08000390   0x0000005e   Code   RO         4967    .text               c_w.l(h1_alloc.o)
    0x080003ee   0x0000004e   Code   RO         4969    .text               c_w.l(h1_free.o)
    0x0800043c   0x00000028   Code   RO         5027    .text               c_w.l(noretval__2sprintf.o)
    0x08000464   0x0000004e   Code   RO         5031    .text               c_w.l(_printf_pad.o)
    0x080004b2   0x00000002   PAD
    0x080004b4   0x00000078   Code   RO         5033    .text               c_w.l(_printf_dec.o)
    0x0800052c   0x00000058   Code   RO         5038    .text               c_w.l(_printf_hex_int.o)
    0x08000584   0x00000138   Code   RO         5068    .text               c_w.l(__printf_flags_wp.o)
    0x080006bc   0x0000004e   Code   RO         5079    .text               c_w.l(rt_memclr_w.o)
    0x0800070a   0x00000006   Code   RO         5081    .text               c_w.l(heapauxi.o)
    0x08000710   0x00000008   Code   RO         5091    .text               c_w.l(rt_heap_descriptor_intlibspace.o)
    0x08000718   0x00000004   Code   RO         5093    .text               c_w.l(hguard.o)
    0x0800071c   0x0000008a   Code   RO         5095    .text               c_w.l(init_alloc.o)
    0x080007a6   0x0000000e   Code   RO         5099    .text               c_w.l(h1_init.o)
    0x080007b4   0x000000b2   Code   RO         5113    .text               c_w.l(_printf_intcommon.o)
    0x08000866   0x00000002   PAD
    0x08000868   0x00000030   Code   RO         5115    .text               c_w.l(_printf_char_common.o)
    0x08000898   0x0000000a   Code   RO         5117    .text               c_w.l(_sputc.o)
    0x080008a2   0x00000002   PAD
    0x080008a4   0x00000008   Code   RO         5171    .text               c_w.l(libspace.o)
    0x080008ac   0x00000034   Code   RO         5193    .text               c_w.l(h1_extend.o)
    0x080008e0   0x0000000e   Code   RO         5199    .text               c_w.l(defsig_rtmem_outer.o)
    0x080008ee   0x00000002   Code   RO         5210    .text               c_w.l(use_no_semi.o)
    0x080008f0   0x00000000   Code   RO         5212    .text               c_w.l(indicate_semi.o)
    0x080008f0   0x0000004a   Code   RO         5213    .text               c_w.l(sys_stackheap_outer.o)
    0x0800093a   0x00000012   Code   RO         5219    .text               c_w.l(exit.o)
    0x0800094c   0x0000000a   Code   RO         5221    .text               c_w.l(defsig_exit.o)
    0x08000956   0x00000002   PAD
    0x08000958   0x00000050   Code   RO         5223    .text               c_w.l(defsig_rtmem_inner.o)
    0x080009a8   0x0000000c   Code   RO         5235    .text               c_w.l(sys_exit.o)
    0x080009b4   0x00000032   Code   RO         5245    .text               c_w.l(defsig_general.o)
    0x080009e6   0x0000000e   Code   RO         5263    .text               c_w.l(sys_wrch.o)
    0x080009f4   0x00000002   Code   RO          705    i.BusFault_Handler  stm32h7xx_it.o
    0x080009f6   0x00000002   PAD
    0x080009f8   0x00000088   Code   RO          483    i.CPU_CACHE_Enable  main.o
    0x08000a80   0x00000002   Code   RO          706    i.DebugMon_Handler  stm32h7xx_it.o
    0x08000a82   0x0000000a   Code   RO          484    i.Error_Handler     main.o
    0x08000a8c   0x00000024   Code   RO         2279    i.HAL_Delay         stm32h7xx_hal.o
    0x08000ab0   0x00000230   Code   RO         1418    i.HAL_GPIO_Init     stm32h7xx_hal_gpio.o
    0x08000ce0   0x0000000a   Code   RO         1420    i.HAL_GPIO_ReadPin  stm32h7xx_hal_gpio.o
    0x08000cea   0x0000000a   Code   RO         1422    i.HAL_GPIO_WritePin  stm32h7xx_hal_gpio.o
    0x08000cf4   0x00000010   Code   RO         2287    i.HAL_GetDEVID      stm32h7xx_hal.o
    0x08000d04   0x0000000c   Code   RO         2290    i.HAL_GetREVID      stm32h7xx_hal.o
    0x08000d10   0x0000000c   Code   RO         2291    i.HAL_GetTick       stm32h7xx_hal.o
    0x08000d1c   0x00000010   Code   RO         2297    i.HAL_IncTick       stm32h7xx_hal.o
    0x08000d2c   0x0000005c   Code   RO         2298    i.HAL_Init          stm32h7xx_hal.o
    0x08000d88   0x00000040   Code   RO         2299    i.HAL_InitTick      stm32h7xx_hal.o
    0x08000dc8   0x0000005c   Code   RO          805    i.HAL_MPU_ConfigRegion  stm32h7xx_hal_cortex.o
    0x08000e24   0x0000001c   Code   RO          806    i.HAL_MPU_Disable   stm32h7xx_hal_cortex.o
    0x08000e40   0x00000024   Code   RO          807    i.HAL_MPU_Enable    stm32h7xx_hal_cortex.o
    0x08000e64   0x0000001c   Code   RO          780    i.HAL_MspInit       stm32h7xx_hal_msp.o
    0x08000e80   0x00000040   Code   RO          816    i.HAL_NVIC_SetPriority  stm32h7xx_hal_cortex.o
    0x08000ec0   0x00000024   Code   RO          817    i.HAL_NVIC_SetPriorityGrouping  stm32h7xx_hal_cortex.o
    0x08000ee4   0x00000054   Code   RO         2019    i.HAL_PWREx_ConfigSupply  stm32h7xx_hal_pwr_ex.o
    0x08000f38   0x00000010   Code   RO         1901    i.HAL_PWR_EnableBkUpAccess  stm32h7xx_hal_pwr.o
    0x08000f48   0x000008d2   Code   RO         1070    i.HAL_RCCEx_PeriphCLKConfig  stm32h7xx_hal_rcc_ex.o
    0x0800181a   0x00000002   PAD
    0x0800181c   0x0000025c   Code   RO          946    i.HAL_RCC_ClockConfig  stm32h7xx_hal_rcc.o
    0x08001a78   0x00000138   Code   RO          955    i.HAL_RCC_GetSysClockFreq  stm32h7xx_hal_rcc.o
    0x08001bb0   0x00000508   Code   RO          958    i.HAL_RCC_OscConfig  stm32h7xx_hal_rcc.o
    0x080020b8   0x0000000a   Code   RO         3316    i.HAL_RTCEx_BKUPRead  stm32h7xx_hal_rtc_ex.o
    0x080020c2   0x0000000a   Code   RO         3317    i.HAL_RTCEx_BKUPWrite  stm32h7xx_hal_rtc_ex.o
    0x080020cc   0x00000048   Code   RO         3177    i.HAL_RTC_GetDate   stm32h7xx_hal_rtc.o
    0x08002114   0x00000058   Code   RO         3179    i.HAL_RTC_GetTime   stm32h7xx_hal_rtc.o
    0x0800216c   0x00000094   Code   RO         3180    i.HAL_RTC_Init      stm32h7xx_hal_rtc.o
    0x08002200   0x00000040   Code   RO          574    i.HAL_RTC_MspInit   rtc.o
    0x08002240   0x000000a0   Code   RO         3186    i.HAL_RTC_SetDate   stm32h7xx_hal_rtc.o
    0x080022e0   0x000000d0   Code   RO         3187    i.HAL_RTC_SetTime   stm32h7xx_hal_rtc.o
    0x080023b0   0x00000036   Code   RO         3188    i.HAL_RTC_WaitForSynchro  stm32h7xx_hal_rtc.o
    0x080023e6   0x00000002   PAD
    0x080023e8   0x00000150   Code   RO         3608    i.HAL_SPI_Init      stm32h7xx_hal_spi.o
    0x08002538   0x00000084   Code   RO          616    i.HAL_SPI_MspInit   spi.o
    0x080025bc   0x00000228   Code   RO         3611    i.HAL_SPI_Receive   stm32h7xx_hal_spi.o
    0x080027e4   0x0000022c   Code   RO         3616    i.HAL_SPI_Transmit  stm32h7xx_hal_spi.o
    0x08002a10   0x00000322   Code   RO         3617    i.HAL_SPI_TransmitReceive  stm32h7xx_hal_spi.o
    0x08002d32   0x00000026   Code   RO          821    i.HAL_SYSTICK_Config  stm32h7xx_hal_cortex.o
    0x08002d58   0x000000a0   Code   RO         4640    i.HAL_TIMEx_ConfigBreakDeadTime  stm32h7xx_hal_tim_ex.o
    0x08002df8   0x00000098   Code   RO         4658    i.HAL_TIMEx_MasterConfigSynchronization  stm32h7xx_hal_tim_ex.o
    0x08002e90   0x000000c4   Code   RO         4669    i.HAL_TIMEx_PWMN_Start  stm32h7xx_hal_tim_ex.o
    0x08002f54   0x00000054   Code   RO          657    i.HAL_TIM_MspPostInit  tim.o
    0x08002fa8   0x0000011e   Code   RO         3994    i.HAL_TIM_PWM_ConfigChannel  stm32h7xx_hal_tim.o
    0x080030c6   0x00000062   Code   RO         3997    i.HAL_TIM_PWM_Init  stm32h7xx_hal_tim.o
    0x08003128   0x00000028   Code   RO          659    i.HAL_TIM_PWM_MspInit  tim.o
    0x08003150   0x00000002   Code   RO          707    i.HardFault_Handler  stm32h7xx_it.o
    0x08003152   0x00000002   PAD
    0x08003154   0x0000000c   Code   RO           13    i.LCD_GetBrightness  lcd.o
    0x08003160   0x0000008c   Code   RO           14    i.LCD_Light         lcd.o
    0x080031ec   0x000001b4   Code   RO           16    i.LCD_ShowChar      lcd.o
    0x080033a0   0x00000054   Code   RO           17    i.LCD_ShowString    lcd.o
    0x080033f4   0x0000020c   Code   RO           18    i.LCD_Test          lcd.o
    0x08003600   0x00000030   Code   RO          485    i.LED_Blink         main.o
    0x08003630   0x00000076   Code   RO          486    i.MPU_Config        main.o
    0x080036a6   0x00000002   PAD
    0x080036a8   0x000000b4   Code   RO          549    i.MX_GPIO_Init      gpio.o
    0x0800375c   0x00000118   Code   RO          575    i.MX_RTC_Init       rtc.o
    0x08003874   0x00000060   Code   RO          617    i.MX_SPI4_Init      spi.o
    0x080038d4   0x000000b0   Code   RO          660    i.MX_TIM1_Init      tim.o
    0x08003984   0x00000002   Code   RO          708    i.MemManage_Handler  stm32h7xx_it.o
    0x08003986   0x00000002   Code   RO          709    i.NMI_Handler       stm32h7xx_it.o
    0x08003988   0x00000002   Code   RO          710    i.PendSV_Handler    stm32h7xx_it.o
    0x0800398a   0x00000002   PAD
    0x0800398c   0x00000120   Code   RO         1073    i.RCCEx_PLL2_Config  stm32h7xx_hal_rcc_ex.o
    0x08003aac   0x00000120   Code   RO         1074    i.RCCEx_PLL3_Config  stm32h7xx_hal_rcc_ex.o
    0x08003bcc   0x00000012   Code   RO         3189    i.RTC_Bcd2ToByte    stm32h7xx_hal_rtc.o
    0x08003bde   0x00000018   Code   RO         3190    i.RTC_ByteToBcd2    stm32h7xx_hal_rtc.o
    0x08003bf6   0x00000002   PAD
    0x08003bf8   0x00000042   Code   RO         3191    i.RTC_EnterInitMode  stm32h7xx_hal_rtc.o
    0x08003c3a   0x00000002   PAD
    0x08003c3c   0x00000054   Code   RO         3192    i.RTC_ExitInitMode  stm32h7xx_hal_rtc.o
    0x08003c90   0x000000bc   Code   RO         3627    i.SPI_CloseTransfer  stm32h7xx_hal_spi.o
    0x08003d4c   0x00000042   Code   RO         3644    i.SPI_WaitOnFlagUntilTimeout  stm32h7xx_hal_spi.o
    0x08003d8e   0x00000004   Code   RO          247    i.ST7735_DeInit     st7735.o
    0x08003d92   0x00000002   PAD
    0x08003d94   0x00000080   Code   RO          248    i.ST7735_DisplayOff  st7735.o
    0x08003e14   0x00000080   Code   RO          249    i.ST7735_DisplayOn  st7735.o
    0x08003e94   0x00000138   Code   RO          250    i.ST7735_DrawBitmap  st7735.o
    0x08003fcc   0x00000060   Code   RO          251    i.ST7735_DrawHLine  st7735.o
    0x0800402c   0x00000048   Code   RO          252    i.ST7735_DrawVLine  st7735.o
    0x08004074   0x00000084   Code   RO          253    i.ST7735_FillRGBRect  st7735.o
    0x080040f8   0x0000003c   Code   RO          254    i.ST7735_FillRect   st7735.o
    0x08004134   0x00000006   Code   RO          255    i.ST7735_GetBrightness  st7735.o
    0x0800413a   0x00000002   PAD
    0x0800413c   0x00000010   Code   RO          256    i.ST7735_GetOrientation  st7735.o
    0x0800414c   0x00000056   Code   RO          257    i.ST7735_GetPixel   st7735.o
    0x080041a2   0x00000002   PAD
    0x080041a4   0x00000010   Code   RO          258    i.ST7735_GetXSize   st7735.o
    0x080041b4   0x00000010   Code   RO          259    i.ST7735_GetYSize   st7735.o
    0x080041c4   0x0000001a   Code   RO          260    i.ST7735_IO_Delay   st7735.o
    0x080041de   0x000004b2   Code   RO          261    i.ST7735_Init       st7735.o
    0x08004690   0x0000004a   Code   RO          262    i.ST7735_ReadID     st7735.o
    0x080046da   0x0000000e   Code   RO          263    i.ST7735_ReadRegWrap  st7735.o
    0x080046e8   0x0000000e   Code   RO          264    i.ST7735_RecvDataWrap  st7735.o
    0x080046f6   0x00000002   PAD
    0x080046f8   0x00000058   Code   RO          265    i.ST7735_RegisterBusIO  st7735.o
    0x08004750   0x0000000e   Code   RO          266    i.ST7735_SendDataWrap  st7735.o
    0x0800475e   0x00000006   Code   RO          267    i.ST7735_SetBrightness  st7735.o
    0x08004764   0x000000cc   Code   RO          268    i.ST7735_SetCursor  st7735.o
    0x08004830   0x00000118   Code   RO          269    i.ST7735_SetDisplayWindow  st7735.o
    0x08004948   0x000000a0   Code   RO          270    i.ST7735_SetOrientation  st7735.o
    0x080049e8   0x00000048   Code   RO          271    i.ST7735_SetPixel   st7735.o
    0x08004a30   0x00000014   Code   RO          272    i.ST7735_WriteRegWrap  st7735.o
    0x08004a44   0x00000002   Code   RO          711    i.SVC_Handler       stm32h7xx_it.o
    0x08004a46   0x00000004   Code   RO          712    i.SysTick_Handler   stm32h7xx_it.o
    0x08004a4a   0x00000002   PAD
    0x08004a4c   0x000000b4   Code   RO          487    i.SystemClock_Config  main.o
    0x08004b00   0x0000009c   Code   RO         4928    i.SystemInit        system_stm32h7xx.o
    0x08004b9c   0x000000c4   Code   RO         4015    i.TIM_Base_SetConfig  stm32h7xx_hal_tim.o
    0x08004c60   0x0000001a   Code   RO         4679    i.TIM_CCxNChannelCmd  stm32h7xx_hal_tim_ex.o
    0x08004c7a   0x00000002   PAD
    0x08004c7c   0x000000a8   Code   RO         4028    i.TIM_OC1_SetConfig  stm32h7xx_hal_tim.o
    0x08004d24   0x00000098   Code   RO         4029    i.TIM_OC2_SetConfig  stm32h7xx_hal_tim.o
    0x08004dbc   0x0000008c   Code   RO         4030    i.TIM_OC3_SetConfig  stm32h7xx_hal_tim.o
    0x08004e48   0x0000006c   Code   RO         4031    i.TIM_OC4_SetConfig  stm32h7xx_hal_tim.o
    0x08004eb4   0x0000006c   Code   RO         4032    i.TIM_OC5_SetConfig  stm32h7xx_hal_tim.o
    0x08004f20   0x0000006c   Code   RO         4033    i.TIM_OC6_SetConfig  stm32h7xx_hal_tim.o
    0x08004f8c   0x00000002   Code   RO          713    i.UsageFault_Handler  stm32h7xx_it.o
    0x08004f8e   0x00000022   Code   RO          823    i.__NVIC_SetPriority  stm32h7xx_hal_cortex.o
    0x08004fb0   0x0000000e   Code   RO         5066    i._is_digit         c_w.l(__printf_wp.o)
    0x08004fbe   0x00000004   Code   RO           19    i.lcd_gettick       lcd.o
    0x08004fc2   0x00000002   PAD
    0x08004fc4   0x00000014   Code   RO           20    i.lcd_init          lcd.o
    0x08004fd8   0x0000006c   Code   RO           21    i.lcd_readreg       lcd.o
    0x08005044   0x0000004c   Code   RO           22    i.lcd_recvdata      lcd.o
    0x08005090   0x00000048   Code   RO           23    i.lcd_senddata      lcd.o
    0x080050d8   0x00000074   Code   RO           24    i.lcd_writereg      lcd.o
    0x0800514c   0x000000c8   Code   RO          488    i.main              main.o
    0x08005214   0x0000000e   Code   RO          411    i.st7735_read_reg   st7735_reg.o
    0x08005222   0x0000000e   Code   RO          412    i.st7735_recv_data  st7735_reg.o
    0x08005230   0x0000000e   Code   RO          413    i.st7735_send_data  st7735_reg.o
    0x0800523e   0x0000000e   Code   RO          414    i.st7735_write_reg  st7735_reg.o
    0x0800524c   0x0000000a   Code   RO         5208    x$fpl$fpinit        fz_wv.l(fpinit.o)
    0x08005256   0x00000a64   Data   RO           29    .constdata          lcd.o
    0x08005cba   0x00006449   Data   RO          441    .constdata          logo_160_80.o
    0x0800c103   0x00000010   Data   RO         4929    .constdata          system_stm32h7xx.o
    0x0800c113   0x00000028   Data   RO         5039    .constdata          c_w.l(_printf_hex_int.o)
    0x0800c13b   0x00000011   Data   RO         5069    .constdata          c_w.l(__printf_flags_wp.o)
    0x0800c14c   0x00000020   Data   RO         5293    Region$$Table       anon$$obj.o


    Execution Region RW_IRAM1 (Base: 0x20000000, Size: 0x00000000, Max: 0x00020000, ABSOLUTE)

    **** No section assigned to this execution region ****


    Execution Region RW_IRAM2 (Base: 0x24000000, Size: 0x00000d48, Max: 0x00080000, ABSOLUTE)

    Base Addr    Size         Type   Attr      Idx    E Section Name        Object

    0x24000000   0x00000028   Data   RW           30    .data               lcd.o
    0x24000028   0x0000004c   Data   RW          274    .data               st7735.o
    0x24000074   0x00000020   Data   RW          275    .data               st7735.o
    0x24000094   0x0000000c   Data   RW         2320    .data               stm32h7xx_hal.o
    0x240000a0   0x00000008   Data   RW         4930    .data               system_stm32h7xx.o
    0x240000a8   0x00000038   Zero   RW           25    .bss                lcd.o
    0x240000e0   0x00000510   Zero   RW          273    .bss                st7735.o
    0x240005f0   0x00000024   Zero   RW          576    .bss                rtc.o
    0x24000614   0x00000088   Zero   RW          618    .bss                spi.o
    0x2400069c   0x0000004c   Zero   RW          661    .bss                tim.o
    0x240006e8   0x00000060   Zero   RW         5172    .bss                c_w.l(libspace.o)
    0x24000748   0x00000200   Zero   RW            2    HEAP                startup_stm32h750xx.o
    0x24000948   0x00000400   Zero   RW            1    STACK               startup_stm32h750xx.o


==============================================================================

Image component sizes


      Code (inc. data)   RO Data    RW Data    ZI Data      Debug   Object Name

       180         14          0          0          0       1035   gpio.o
      1592        154       2660         40         56    1322921   lcd.o
         0          0      25673          0          0        685   logo_160_80.o
       692         72          0          0          0      40287   main.o
       344         26          0          0         36       1995   rtc.o
       228         22          0          0        136       1929   spi.o
      3246        110          0        108       1296      24912   st7735.o
        56          0          0          0          0       3187   st7735_reg.o
        64         26        664          0       1536        888   startup_stm32h750xx.o
       248         50          0         12          0      24299   stm32h7xx_hal.o
       328         28          0          0          0      41504   stm32h7xx_hal_cortex.o
       580         50          0          0          0       3431   stm32h7xx_hal_gpio.o
        28          6          0          0          0        878   stm32h7xx_hal_msp.o
        16          4          0          0          0        591   stm32h7xx_hal_pwr.o
        84          6          0          0          0        837   stm32h7xx_hal_pwr_ex.o
      2204         72          0          0          0       5364   stm32h7xx_hal_rcc.o
      2834         46          0          0          0       5375   stm32h7xx_hal_rcc_ex.o
       922         30          0          0          0       8783   stm32h7xx_hal_rtc.o
        20          0          0          0          0       1923   stm32h7xx_hal_rtc_ex.o
      2500         14          0          0          0       8614   stm32h7xx_hal_spi.o
      1364        168          0          0          0       8926   stm32h7xx_hal_tim.o
       534         64          0          0          0       4047   stm32h7xx_hal_tim_ex.o
        20          0          0          0          0       4502   stm32h7xx_it.o
       156         22         16          8          0       1494   system_stm32h7xx.o
       300         32          0          0         76       2583   tim.o

    ----------------------------------------------------------------------
     18570       1016      29045        168       3136    1520990   Object Totals
         0          0         32          0          0          0   (incl. Generated)
        30          0          0          0          0          0   (incl. Padding)

    ----------------------------------------------------------------------

      Code (inc. data)   RO Data    RW Data    ZI Data      Debug   Library Member Name

         8          0          0          0          0         68   __main.o
       312          4         17          0          0         92   __printf_flags_wp.o
        14          0          0          0          0         68   __printf_wp.o
         0          0          0          0          0          0   __rtentry.o
        12          0          0          0          0          0   __rtentry2.o
         6          0          0          0          0          0   __rtentry4.o
        52          8          0          0          0          0   __scatter.o
        26          0          0          0          0          0   __scatter_copy.o
        28          0          0          0          0          0   __scatter_zi.o
        48          6          0          0          0         96   _printf_char_common.o
         6          0          0          0          0          0   _printf_d.o
       120         16          0          0          0         92   _printf_dec.o
        88          4         40          0          0         88   _printf_hex_int.o
       178          0          0          0          0         88   _printf_intcommon.o
        78          0          0          0          0        108   _printf_pad.o
         0          0          0          0          0          0   _printf_percent.o
         4          0          0          0          0          0   _printf_percent_end.o
         6          0          0          0          0          0   _printf_x.o
        10          0          0          0          0         68   _sputc.o
        10          0          0          0          0         68   defsig_exit.o
        50          0          0          0          0         88   defsig_general.o
        80         58          0          0          0         76   defsig_rtmem_inner.o
        14          0          0          0          0         80   defsig_rtmem_outer.o
        18          0          0          0          0         80   exit.o
        94          0          0          0          0         80   h1_alloc.o
        52          0          0          0          0         68   h1_extend.o
        78          0          0          0          0         80   h1_free.o
        14          0          0          0          0         84   h1_init.o
         6          0          0          0          0        152   heapauxi.o
         4          0          0          0          0        136   hguard.o
         0          0          0          0          0          0   indicate_semi.o
       138          0          0          0          0        168   init_alloc.o
         2          0          0          0          0          0   libinit.o
        14          0          0          0          0          0   libinit2.o
         2          0          0          0          0          0   libshutdown.o
         2          0          0          0          0          0   libshutdown2.o
         8          4          0          0         96         68   libspace.o
         0          0          0          0          0          0   maybetermalloc1.o
        40          6          0          0          0         84   noretval__2sprintf.o
         8          4          0          0          0         68   rt_heap_descriptor_intlibspace.o
        78          0          0          0          0         80   rt_memclr_w.o
         2          0          0          0          0          0   rtexit.o
        10          0          0          0          0          0   rtexit2.o
        12          4          0          0          0         68   sys_exit.o
        74          0          0          0          0         80   sys_stackheap_outer.o
        14          0          0          0          0         76   sys_wrch.o
         2          0          0          0          0         68   use_no_semi.o
        10          0          0          0          0        116   fpinit.o

    ----------------------------------------------------------------------
      1844        114         57          0         96       2636   Library Totals
        12          0          0          0          0          0   (incl. Padding)

    ----------------------------------------------------------------------

      Code (inc. data)   RO Data    RW Data    ZI Data      Debug   Library Name

      1822        114         57          0         96       2520   c_w.l
        10          0          0          0          0        116   fz_wv.l

    ----------------------------------------------------------------------
      1844        114         57          0         96       2636   Library Totals

    ----------------------------------------------------------------------

==============================================================================


      Code (inc. data)   RO Data    RW Data    ZI Data      Debug   

     20414       1130      29102        168       3232    1510974   Grand Totals
     20414       1130      29102        168       3232    1510974   ELF Image Totals
     20414       1130      29102        168          0          0   ROM Totals

==============================================================================

    Total RO  Size (Code + RO Data)                49516 (  48.36kB)
    Total RW  Size (RW Data + ZI Data)              3400 (   3.32kB)
    Total ROM Size (Code + RO Data + RW Data)      49684 (  48.52kB)

==============================================================================

